2025-08-23T13:51:37.4018538Z Current runner version: '2.328.0'
2025-08-23T13:51:37.4040941Z ##[group]Runner Image Provisioner
2025-08-23T13:51:37.4041744Z Hosted Compute Agent
2025-08-23T13:51:37.4042259Z Version: 20250821.380
2025-08-23T13:51:37.4042943Z Commit: 438d12cb4fe092871db9867344e3bc0bc5319035
2025-08-23T13:51:37.4043591Z Build Date: 2025-08-21T20:49:43Z
2025-08-23T13:51:37.4044213Z ##[endgroup]
2025-08-23T13:51:37.4044826Z ##[group]Operating System
2025-08-23T13:51:37.4045354Z Ubuntu
2025-08-23T13:51:37.4045841Z 24.04.2
2025-08-23T13:51:37.4046311Z LTS
2025-08-23T13:51:37.4046809Z ##[endgroup]
2025-08-23T13:51:37.4047273Z ##[group]Runner Image
2025-08-23T13:51:37.4047872Z Image: ubuntu-24.04
2025-08-23T13:51:37.4048368Z Version: 20250818.1.0
2025-08-23T13:51:37.4049364Z Included Software: https://github.com/actions/runner-images/blob/ubuntu24/20250818.1/images/ubuntu/Ubuntu2404-Readme.md
2025-08-23T13:51:37.4051240Z Image Release: https://github.com/actions/runner-images/releases/tag/ubuntu24%2F20250818.1
2025-08-23T13:51:37.4052194Z ##[endgroup]
2025-08-23T13:51:37.4053328Z ##[group]GITHUB_TOKEN Permissions
2025-08-23T13:51:37.4055116Z Contents: read
2025-08-23T13:51:37.4055663Z Metadata: read
2025-08-23T13:51:37.4056291Z Packages: read
2025-08-23T13:51:37.4056761Z ##[endgroup]
2025-08-23T13:51:37.4059035Z Secret source: Actions
2025-08-23T13:51:37.4060189Z Prepare workflow directory
2025-08-23T13:51:37.4374640Z Prepare all required actions
2025-08-23T13:51:37.4411472Z Getting action download info
2025-08-23T13:51:37.9948807Z Download action repository 'actions/checkout@v4' (SHA:08eba0b27e820071cde6df949e0beb9ba4906955)
2025-08-23T13:51:38.0785570Z Download action repository 'actions/setup-node@v4' (SHA:49933ea5288caeca8642d1e84afbd3f7d6820020)
2025-08-23T13:51:38.1938091Z Download action repository 'actions/setup-java@v4' (SHA:c5195efecf7bdfc987ee8bae7a71cb8b11521c00)
2025-08-23T13:51:38.8062372Z Download action repository 'actions/create-release@v1' (SHA:0cb9c9b65d5d1901c1f53e5e66eaf4afd303e70e)
2025-08-23T13:51:39.2158565Z Download action repository 'actions/upload-release-asset@v1' (SHA:e8f9f06c4b078e705bd2ea027f0926603fc9b4d5)
2025-08-23T13:51:39.7376266Z Download action repository 'actions/github-script@v7' (SHA:60a0d83039c74a4aee543508d2ffcb1c3799cdea)
2025-08-23T13:51:40.2521541Z Complete job name: build-and-release
2025-08-23T13:51:40.3164631Z ##[group]Run actions/checkout@v4
2025-08-23T13:51:40.3165300Z with:
2025-08-23T13:51:40.3165556Z   repository: alxjackson/alxjackon-eventos
2025-08-23T13:51:40.3166001Z   token: ***
2025-08-23T13:51:40.3166216Z   ssh-strict: true
2025-08-23T13:51:40.3166440Z   ssh-user: git
2025-08-23T13:51:40.3166671Z   persist-credentials: true
2025-08-23T13:51:40.3166926Z   clean: true
2025-08-23T13:51:40.3167158Z   sparse-checkout-cone-mode: true
2025-08-23T13:51:40.3167441Z   fetch-depth: 1
2025-08-23T13:51:40.3167667Z   fetch-tags: false
2025-08-23T13:51:40.3167894Z   show-progress: true
2025-08-23T13:51:40.3168122Z   lfs: false
2025-08-23T13:51:40.3168320Z   submodules: false
2025-08-23T13:51:40.3168567Z   set-safe-directory: true
2025-08-23T13:51:40.3169013Z ##[endgroup]
2025-08-23T13:51:40.4248204Z Syncing repository: alxjackson/alxjackon-eventos
2025-08-23T13:51:40.4250956Z ##[group]Getting Git version info
2025-08-23T13:51:40.4252018Z Working directory is '/home/runner/work/alxjackon-eventos/alxjackon-eventos'
2025-08-23T13:51:40.4253606Z [command]/usr/bin/git version
2025-08-23T13:51:40.4280887Z git version 2.51.0
2025-08-23T13:51:40.4307281Z ##[endgroup]
2025-08-23T13:51:40.4322572Z Temporarily overriding HOME='/home/runner/work/_temp/e25ee6ea-374f-4f47-98d7-8a246fed989d' before making global git config changes
2025-08-23T13:51:40.4324126Z Adding repository directory to the temporary git global config as a safe directory
2025-08-23T13:51:40.4329024Z [command]/usr/bin/git config --global --add safe.directory /home/runner/work/alxjackon-eventos/alxjackon-eventos
2025-08-23T13:51:40.4364600Z Deleting the contents of '/home/runner/work/alxjackon-eventos/alxjackon-eventos'
2025-08-23T13:51:40.4368467Z ##[group]Initializing the repository
2025-08-23T13:51:40.4372970Z [command]/usr/bin/git init /home/runner/work/alxjackon-eventos/alxjackon-eventos
2025-08-23T13:51:40.4432013Z hint: Using 'master' as the name for the initial branch. This default branch name
2025-08-23T13:51:40.4433435Z hint: is subject to change. To configure the initial branch name to use in all
2025-08-23T13:51:40.4434544Z hint: of your new repositories, which will suppress this warning, call:
2025-08-23T13:51:40.4435031Z hint:
2025-08-23T13:51:40.4435685Z hint: 	git config --global init.defaultBranch <name>
2025-08-23T13:51:40.4436666Z hint:
2025-08-23T13:51:40.4437448Z hint: Names commonly chosen instead of 'master' are 'main', 'trunk' and
2025-08-23T13:51:40.4438746Z hint: 'development'. The just-created branch can be renamed via this command:
2025-08-23T13:51:40.4439975Z hint:
2025-08-23T13:51:40.4440541Z hint: 	git branch -m <name>
2025-08-23T13:51:40.4441354Z hint:
2025-08-23T13:51:40.4442189Z hint: Disable this message with "git config set advice.defaultBranchName false"
2025-08-23T13:51:40.4443456Z Initialized empty Git repository in /home/runner/work/alxjackon-eventos/alxjackon-eventos/.git/
2025-08-23T13:51:40.4448387Z [command]/usr/bin/git remote add origin https://github.com/alxjackson/alxjackon-eventos
2025-08-23T13:51:40.4481258Z ##[endgroup]
2025-08-23T13:51:40.4481848Z ##[group]Disabling automatic garbage collection
2025-08-23T13:51:40.4484931Z [command]/usr/bin/git config --local gc.auto 0
2025-08-23T13:51:40.4512971Z ##[endgroup]
2025-08-23T13:51:40.4513642Z ##[group]Setting up auth
2025-08-23T13:51:40.4519254Z [command]/usr/bin/git config --local --name-only --get-regexp core\.sshCommand
2025-08-23T13:51:40.4548405Z [command]/usr/bin/git submodule foreach --recursive sh -c "git config --local --name-only --get-regexp 'core\.sshCommand' && git config --local --unset-all 'core.sshCommand' || :"
2025-08-23T13:51:40.4829572Z [command]/usr/bin/git config --local --name-only --get-regexp http\.https\:\/\/github\.com\/\.extraheader
2025-08-23T13:51:40.4862387Z [command]/usr/bin/git submodule foreach --recursive sh -c "git config --local --name-only --get-regexp 'http\.https\:\/\/github\.com\/\.extraheader' && git config --local --unset-all 'http.https://github.com/.extraheader' || :"
2025-08-23T13:51:40.5102833Z [command]/usr/bin/git config --local http.https://github.com/.extraheader AUTHORIZATION: basic ***
2025-08-23T13:51:40.5141856Z ##[endgroup]
2025-08-23T13:51:40.5142707Z ##[group]Fetching the repository
2025-08-23T13:51:40.5153922Z [command]/usr/bin/git -c protocol.version=2 fetch --no-tags --prune --no-recurse-submodules --depth=1 origin +52576a9dc12a652c0fb8ef1be9c25eaeb33aedc9:refs/tags/v.2.1.1
2025-08-23T13:51:44.0098633Z From https://github.com/alxjackson/alxjackon-eventos
2025-08-23T13:51:44.0099466Z  * [new ref]         52576a9dc12a652c0fb8ef1be9c25eaeb33aedc9 -> v.2.1.1
2025-08-23T13:51:44.0123342Z ##[endgroup]
2025-08-23T13:51:44.0125637Z ##[group]Determining the checkout info
2025-08-23T13:51:44.0126726Z ##[endgroup]
2025-08-23T13:51:44.0131770Z [command]/usr/bin/git sparse-checkout disable
2025-08-23T13:51:44.0173200Z [command]/usr/bin/git config --local --unset-all extensions.worktreeConfig
2025-08-23T13:51:44.0200661Z ##[group]Checking out the ref
2025-08-23T13:51:44.0205868Z [command]/usr/bin/git checkout --progress --force refs/tags/v.2.1.1
2025-08-23T13:51:44.1331695Z Note: switching to 'refs/tags/v.2.1.1'.
2025-08-23T13:51:44.1332553Z 
2025-08-23T13:51:44.1333006Z You are in 'detached HEAD' state. You can look around, make experimental
2025-08-23T13:51:44.1334193Z changes and commit them, and you can discard any commits you make in this
2025-08-23T13:51:44.1335242Z state without impacting any branches by switching back to a branch.
2025-08-23T13:51:44.1335886Z 
2025-08-23T13:51:44.1336422Z If you want to create a new branch to retain commits you create, you may
2025-08-23T13:51:44.1337293Z do so (now or later) by using -c with the switch command. Example:
2025-08-23T13:51:44.1337922Z 
2025-08-23T13:51:44.1338557Z   git switch -c <new-branch-name>
2025-08-23T13:51:44.1338970Z 
2025-08-23T13:51:44.1339289Z Or undo this operation with:
2025-08-23T13:51:44.1339947Z 
2025-08-23T13:51:44.1340182Z   git switch -
2025-08-23T13:51:44.1340652Z 
2025-08-23T13:51:44.1341206Z Turn off this advice by setting config variable advice.detachedHead to false
2025-08-23T13:51:44.1341943Z 
2025-08-23T13:51:44.1342686Z HEAD is now at 52576a9 Fix UI issues: login button styling, center hero text, improve cancellation policy text contrast
2025-08-23T13:51:44.1360705Z ##[endgroup]
2025-08-23T13:51:44.1405250Z [command]/usr/bin/git log -1 --format=%H
2025-08-23T13:51:44.1430064Z 52576a9dc12a652c0fb8ef1be9c25eaeb33aedc9
2025-08-23T13:51:44.1720058Z ##[group]Run actions/setup-node@v4
2025-08-23T13:51:44.1720366Z with:
2025-08-23T13:51:44.1720549Z   node-version: 20
2025-08-23T13:51:44.1720736Z   cache: npm
2025-08-23T13:51:44.1720903Z   always-auth: false
2025-08-23T13:51:44.1721094Z   check-latest: false
2025-08-23T13:51:44.1721419Z   token: ***
2025-08-23T13:51:44.1721637Z ##[endgroup]
2025-08-23T13:51:44.3467413Z Found in cache @ /opt/hostedtoolcache/node/20.19.4/x64
2025-08-23T13:51:44.3473804Z ##[group]Environment details
2025-08-23T13:51:45.7963367Z node: v20.19.4
2025-08-23T13:51:45.7963628Z npm: 10.8.2
2025-08-23T13:51:45.7963952Z yarn: 1.22.22
2025-08-23T13:51:45.7970955Z ##[endgroup]
2025-08-23T13:51:45.7991996Z [command]/opt/hostedtoolcache/node/20.19.4/x64/bin/npm config get cache
2025-08-23T13:51:46.0166072Z /home/runner/.npm
2025-08-23T13:51:46.3325535Z npm cache is not found
2025-08-23T13:51:46.3468770Z ##[group]Run actions/setup-java@v4
2025-08-23T13:51:46.3469021Z with:
2025-08-23T13:51:46.3469191Z   distribution: temurin
2025-08-23T13:51:46.3469383Z   java-version: 17
2025-08-23T13:51:46.3469562Z   java-package: jdk
2025-08-23T13:51:46.3469915Z   check-latest: false
2025-08-23T13:51:46.3470100Z   server-id: github
2025-08-23T13:51:46.3470283Z   server-username: GITHUB_ACTOR
2025-08-23T13:51:46.3470509Z   server-password: GITHUB_TOKEN
2025-08-23T13:51:46.3470744Z   overwrite-settings: true
2025-08-23T13:51:46.3470940Z   job-status: success
2025-08-23T13:51:46.3471235Z   token: ***
2025-08-23T13:51:46.3471403Z ##[endgroup]
2025-08-23T13:51:46.5367327Z ##[group]Installed distributions
2025-08-23T13:51:46.5423474Z Resolved Java 17.0.16+8 from tool-cache
2025-08-23T13:51:46.5424203Z Setting Java 17.0.16+8 as the default
2025-08-23T13:51:46.5430985Z Creating toolchains.xml for JDK version 17 from temurin
2025-08-23T13:51:46.5505350Z Writing to /home/runner/.m2/toolchains.xml
2025-08-23T13:51:46.5506319Z 
2025-08-23T13:51:46.5506651Z Java configuration:
2025-08-23T13:51:46.5507081Z   Distribution: temurin
2025-08-23T13:51:46.5508925Z   Version: 17.0.16+8
2025-08-23T13:51:46.5509580Z   Path: /opt/hostedtoolcache/Java_Temurin-Hotspot_jdk/17.0.16-8/x64
2025-08-23T13:51:46.5510269Z 
2025-08-23T13:51:46.5510685Z ##[endgroup]
2025-08-23T13:51:46.5513682Z Creating settings.xml with server-id: github
2025-08-23T13:51:46.5529999Z Writing to /home/runner/.m2/settings.xml
2025-08-23T13:51:46.5632818Z ##[group]Run yes | $ANDROID_HOME/cmdline-tools/latest/bin/sdkmanager --licenses || true
2025-08-23T13:51:46.5633442Z [36;1myes | $ANDROID_HOME/cmdline-tools/latest/bin/sdkmanager --licenses || true[0m
2025-08-23T13:51:46.5634097Z [36;1m$ANDROID_HOME/cmdline-tools/latest/bin/sdkmanager "platform-tools" "platforms;android-34" "build-tools;34.0.0"[0m
2025-08-23T13:51:46.5704523Z shell: /usr/bin/bash -e {0}
2025-08-23T13:51:46.5704770Z env:
2025-08-23T13:51:46.5705056Z   JAVA_HOME: /opt/hostedtoolcache/Java_Temurin-Hotspot_jdk/17.0.16-8/x64
2025-08-23T13:51:46.5705516Z   JAVA_HOME_17_X64: /opt/hostedtoolcache/Java_Temurin-Hotspot_jdk/17.0.16-8/x64
2025-08-23T13:51:46.5705853Z ##[endgroup]
2025-08-23T13:51:48.7243643Z Loading local repository...                                                     
2025-08-23T13:51:48.7244461Z [=========                              ] 25% Loading local repository...       
2025-08-23T13:51:49.2156898Z [=========                              ] 25% Fetch remote repository...        
2025-08-23T13:51:49.6486975Z [==========                             ] 26% Fetch remote repository...        
2025-08-23T13:51:49.6510845Z [============                           ] 31% Fetch remote repository...        
2025-08-23T13:51:49.6933081Z [============                           ] 32% Fetch remote repository...        
2025-08-23T13:51:49.6940461Z [=============                          ] 33% Fetch remote repository...        
2025-08-23T13:51:49.7161300Z [=============                          ] 35% Fetch remote repository...        
2025-08-23T13:51:49.7179359Z [==============                         ] 36% Fetch remote repository...        
2025-08-23T13:51:49.7373416Z [==============                         ] 37% Fetch remote repository...        
2025-08-23T13:51:49.7384231Z [===============                        ] 38% Fetch remote repository...        
2025-08-23T13:51:49.7538670Z [===============                        ] 39% Fetch remote repository...        
2025-08-23T13:51:49.7550840Z [================                       ] 40% Fetch remote repository...        
2025-08-23T13:51:49.7884959Z [================                       ] 41% Fetch remote repository...        
2025-08-23T13:51:49.7887605Z [================                       ] 42% Fetch remote repository...        
2025-08-23T13:51:49.8047950Z [=================                      ] 44% Fetch remote repository...        
2025-08-23T13:51:49.8052314Z [=================                      ] 45% Fetch remote repository...        
2025-08-23T13:51:49.8182778Z [==================                     ] 46% Fetch remote repository...        
2025-08-23T13:51:49.8183847Z [==================                     ] 47% Fetch remote repository...        
2025-08-23T13:51:49.8410142Z [===================                    ] 48% Fetch remote repository...        
2025-08-23T13:51:49.8414965Z [===================                    ] 49% Fetch remote repository...        
2025-08-23T13:51:49.8694613Z [====================                   ] 50% Fetch remote repository...        
2025-08-23T13:51:49.8695421Z [====================                   ] 51% Fetch remote repository...        
2025-08-23T13:51:49.8840753Z [====================                   ] 53% Fetch remote repository...        
2025-08-23T13:51:49.8842088Z [=====================                  ] 54% Fetch remote repository...        
2025-08-23T13:51:49.9004424Z [=====================                  ] 55% Fetch remote repository...        
2025-08-23T13:51:49.9006377Z [======================                 ] 56% Fetch remote repository...        
2025-08-23T13:51:49.9132006Z [======================                 ] 57% Fetch remote repository...        
2025-08-23T13:51:49.9132981Z [=======================                ] 58% Fetch remote repository...        
2025-08-23T13:51:49.9261011Z [=======================                ] 59% Fetch remote repository...        
2025-08-23T13:51:49.9275830Z [========================               ] 60% Fetch remote repository...        
2025-08-23T13:51:49.9415523Z [========================               ] 61% Fetch remote repository...        
2025-08-23T13:51:49.9418116Z [=========================              ] 63% Fetch remote repository...        
2025-08-23T13:51:49.9537092Z [=========================              ] 64% Fetch remote repository...        
2025-08-23T13:51:49.9539016Z [=========================              ] 65% Fetch remote repository...        
2025-08-23T13:51:49.9658539Z [==========================             ] 66% Fetch remote repository...        
2025-08-23T13:51:49.9659563Z [==========================             ] 67% Fetch remote repository...        
2025-08-23T13:51:49.9916849Z [===========================            ] 68% Fetch remote repository...        
2025-08-23T13:51:49.9917927Z [===========================            ] 69% Fetch remote repository...        
2025-08-23T13:51:50.0483325Z [============================           ] 70% Fetch remote repository...        
2025-08-23T13:51:50.0486431Z [============================           ] 72% Fetch remote repository...        
2025-08-23T13:51:50.0626002Z [=============================          ] 73% Fetch remote repository...        
2025-08-23T13:51:50.0628600Z [=============================          ] 74% Fetch remote repository...        
2025-08-23T13:51:50.0715273Z [=============================          ] 75% Fetch remote repository...        
2025-08-23T13:51:50.0819440Z [=============================          ] 75% Computing updates...              
2025-08-23T13:51:50.0820682Z [=======================================] 100% Computing updates...             
2025-08-23T13:51:50.1168861Z 6 of 7 SDK package licenses not accepted.
2025-08-23T13:51:50.1185913Z Review licenses that have not been accepted (y/N)? 
2025-08-23T13:51:50.1186917Z 1/6: License android-googletv-license:
2025-08-23T13:51:50.1187684Z ---------------------------------------
2025-08-23T13:51:50.1188284Z Terms and Conditions
2025-08-23T13:51:50.1188707Z 
2025-08-23T13:51:50.1189412Z This is the Google TV Add-on for the Android Software Development Kit License Agreement.
2025-08-23T13:51:50.1190317Z 
2025-08-23T13:51:50.1190636Z 1. Introduction
2025-08-23T13:51:50.1191033Z 
2025-08-23T13:51:50.1194088Z 1.1 The Google TV Add-on for the Android Software Development Kit (referred to in this License Agreement as the "Google TV Add-on" and specifically including the Android system files, packaged APIs, and Google APIs add-ons) is licensed to you subject to the terms of this License Agreement. This License Agreement forms a legally binding contract between you and Google in relation to your use of the Google TV Add-on.
2025-08-23T13:51:50.1196853Z 
2025-08-23T13:51:50.1198145Z 1.2 "Google" means Google Inc., a Delaware corporation with principal place of business at 1600 Amphitheatre Parkway, Mountain View, CA 94043, United States.
2025-08-23T13:51:50.1199259Z 
2025-08-23T13:51:50.1199886Z 2. Accepting this License Agreement
2025-08-23T13:51:50.1200435Z 
2025-08-23T13:51:50.1201672Z 2.1 In order to use the Google TV Add-on, you must first agree to this License Agreement. You may not use the Google TV Add-on if you do not accept this License Agreement.
2025-08-23T13:51:50.1202892Z 
2025-08-23T13:51:50.1203404Z 2.2 You can accept this License Agreement by:
2025-08-23T13:51:50.1203931Z 
2025-08-23T13:51:50.1204783Z (A) clicking to accept or agree to this License Agreement, where this option is made available to you; or
2025-08-23T13:51:50.1205600Z 
2025-08-23T13:51:50.1206957Z (B) by actually using the Google TV Add-on. In this case, you agree that use of the Google TV Add-on constitutes acceptance of the License Agreement from that point onwards.
2025-08-23T13:51:50.1208309Z 
2025-08-23T13:51:50.1210868Z 2.3 You may not use the Google TV Add-on and may not accept the Licensing Agreement if you are a person barred from receiving the Google TV Add-on under the laws of the United States or other countries including the country in which you are resident or from which you use the Google TV Add-on.
2025-08-23T13:51:50.1212657Z 
2025-08-23T13:51:50.1215608Z 2.4 If you are agreeing to be bound by this License Agreement on behalf of your employer or other entity, you represent and warrant that you have full legal authority to bind your employer or such entity to this License Agreement. If you do not have the requisite authority, you may not accept the Licensing Agreement or use the Google TV Add-on on behalf of your employer or other entity.
2025-08-23T13:51:50.1218137Z 
2025-08-23T13:51:50.1218539Z 3. Google TV Add-on License from Google
2025-08-23T13:51:50.1219007Z 
2025-08-23T13:51:50.1220916Z 3.1 Subject to the terms of this License Agreement, Google grants you a limited, worldwide, royalty-free, non- assignable and non-exclusive license to use the Google TV Add-on solely to develop applications to run on the Google TV platform.
2025-08-23T13:51:50.1222643Z 
2025-08-23T13:51:50.1225665Z 3.2 You agree that Google or third parties own all legal right, title and interest in and to the Google TV Add-on, including any Intellectual Property Rights that subsist in the Google TV Add-on. "Intellectual Property Rights" means any and all rights under patent law, copyright law, trade secret law, trademark law, and any and all other proprietary rights. Google reserves all rights not expressly granted to you.
2025-08-23T13:51:50.1228509Z 
2025-08-23T13:51:50.1233110Z 3.3 Except to the extent required by applicable third party licenses, you may not copy (except for backup purposes), modify, adapt, redistribute, decompile, reverse engineer, disassemble, or create derivative works of the Google TV Add-on or any part of the Google TV Add-on. Except to the extent required by applicable third party licenses, you may not load any part of the Google TV Add-on onto a mobile handset, television, or any other hardware device except a personal computer, combine any part of the Google TV Add-on with other software, or distribute any software or device incorporating a part of the Google TV Add-on.
2025-08-23T13:51:50.1236687Z 
2025-08-23T13:51:50.1238435Z 3.4 Use, reproduction and distribution of components of the Google TV Add-on licensed under an open source software license are governed solely by the terms of that open source software license and not this License Agreement.
2025-08-23T13:51:50.1240039Z 
2025-08-23T13:51:50.1285264Z 3.5 You agree that the form and nature of the Google TV Add-on that Google provides may change without prior notice to you and that future versions of the Google TV Add-on may be incompatible with applications developed on previous versions of the Google TV Add-on. You agree that Google may stop (permanently or temporarily) providing the Google TV Add-on (or any features within the Google TV Add-on) to you or to users generally at Google's sole discretion, without prior notice to you.
2025-08-23T13:51:50.1294827Z 
2025-08-23T13:51:50.1296686Z 3.6 Nothing in this License Agreement gives you a right to use any of Google's or it’s licensors’ trade names, trademarks, service marks, logos, domain names, or other distinctive brand features.
2025-08-23T13:51:50.1297828Z 
2025-08-23T13:51:50.1299266Z 3.7 You agree that you will not remove, obscure, or alter any proprietary rights notices (including copyright and trademark notices) that may be affixed to or contained within the Google TV Add-on.
2025-08-23T13:51:50.1300829Z 
2025-08-23T13:51:50.1301085Z 4. Use of the Google TV Add-on by You
2025-08-23T13:51:50.1301390Z 
2025-08-23T13:51:50.1303345Z 4.1 Google agrees that it obtains no right, title or interest from you (or your licensors) under this License Agreement in or to any software applications that you develop using the Google TV Add-on, including any intellectual property rights that subsist in those applications.
2025-08-23T13:51:50.1305843Z 
2025-08-23T13:51:50.1316612Z 4.2 You agree to use the Google TV Add-on and write applications only for purposes that are permitted by (a) this License Agreement and (b) any applicable law, regulation or generally accepted practices or guidelines in the relevant jurisdictions (including any laws regarding the export of data or software to and from the United States or other relevant countries).
2025-08-23T13:51:50.1318658Z 
2025-08-23T13:51:50.1324395Z 4.3 You agree that if you use the Google TV Add-on to develop applications for general public users, you will protect the privacy and legal rights of those users. If the users provide you with user names, passwords, or other login information or personal information, your must make the users aware that the information will be available to your application, and you must provide legally adequate privacy notice and protection for those users. If your application stores personal or sensitive information provided by users, it must do so securely. If the user provides your application with Google Account information, your application may only use that information to access the user's Google Account when, and for the limited purposes for which, the user has given you explicit permission to do so.
2025-08-23T13:51:50.1328801Z 
2025-08-23T13:51:50.1331837Z 4.4 You agree that you will not engage in any activity with the Google TV Add-on, including the development or distribution of an application, that interferes with, disrupts, damages, or accesses in an unauthorized manner the servers, networks, or other properties or services of any third party including, but not limited to, Google, Multichannel Video Program Distributors or any mobile communications carrier.
2025-08-23T13:51:50.1334074Z 
2025-08-23T13:51:50.1344832Z 4.5 You agree that you are solely responsible for (and that Google has no responsibility to you or to any third party for) any data, content, or resources that you create, transmit or display through the Google TV platform and/or applications for the Google TV platform, and for the consequences of your actions (including any loss or damage which Google may suffer) by doing so.
2025-08-23T13:51:50.1348542Z 
2025-08-23T13:51:50.1351493Z 4.6 You agree that you are solely responsible for (and that Google has no responsibility to you or to any third party for) any breach of your obligations under this License Agreement, any applicable third party contract or Terms of Service, or any applicable law or regulation, and for the consequences (including any loss or damage which Google or any third party may suffer) of any such breach.
2025-08-23T13:51:50.1353645Z 
2025-08-23T13:51:50.1353842Z 5. Your Developer Credentials
2025-08-23T13:51:50.1354103Z 
2025-08-23T13:51:50.1383118Z 5.1 You agree that you are responsible for maintaining the confidentiality of any developer credentials that may be issued to you by Google or which you may choose yourself and that you will be solely responsible for all applications that are developed under your developer credentials.
2025-08-23T13:51:50.1384767Z 
2025-08-23T13:51:50.1384973Z 6. Privacy and Information
2025-08-23T13:51:50.1385233Z 
2025-08-23T13:51:50.1388761Z 6.1 In order to continually innovate and improve the Google TV Add-on, Google may collect certain usage statistics from the software including but not limited to a unique identifier, associated IP address, version number of the software, and information on which tools and/or services in the Google TV Add-on are being used and how they are being used. Before any of this information is collected, the Google TV Add-on will notify you and seek your consent. If you withhold consent, the information will not be collected.
2025-08-23T13:51:50.1391666Z 
2025-08-23T13:51:50.1392630Z 6.2 The data collected is examined in the aggregate to improve the Google TV Add-on and is maintained in accordance with Google's Privacy Policy.
2025-08-23T13:51:50.1393460Z 
2025-08-23T13:51:50.1393819Z 7. Third Party Applications for the Google TV Platform
2025-08-23T13:51:50.1394189Z 
2025-08-23T13:51:50.1398396Z 7.1 If you use the Google TV Add-on to run applications developed by a third party or that access data, content or resources provided by a third party, you agree that Google is not responsible for those applications, data, content, or resources. You understand that all data, content or resources which you may access through such third party applications are the sole responsibility of the person from which they originated and that Google is not liable for any loss or damage that you may experience as a result of the use or access of any of those third party applications, data, content, or resources.
2025-08-23T13:51:50.1400537Z 
2025-08-23T13:51:50.1402372Z 7.2 You should be aware the data, content, and resources presented to you through such a third party application may be protected by intellectual property rights which are owned by the providers (or by other persons or companies on their behalf). You may not modify, rent, lease, loan, sell, distribute or create derivative works based on these data, content, or resources (either in whole or in part) unless you have been specifically given permission to do so by the relevant owners.
2025-08-23T13:51:50.1403769Z 
2025-08-23T13:51:50.1404788Z 7.3 You acknowledge that your use of such third party applications, data, content, or resources may be subject to separate terms between you and the relevant third party. In that case, this License Agreement does not affect your legal relationship with these third parties.
2025-08-23T13:51:50.1405765Z 
2025-08-23T13:51:50.1405873Z 8. Using Google TV APIs
2025-08-23T13:51:50.1406005Z 
2025-08-23T13:51:50.1409085Z 8.1 If you use any Google TV API to retrieve data from Google, you acknowledge that the data (“Google TV API Content”) may be protected by intellectual property rights which are owned by Google or those parties that provide the data (or by other persons or companies on their behalf). Your use of any such API may be subject to additional Terms of Service. You may not modify, rent, lease, loan, sell, distribute or create derivative works based on this data (either in whole or in part) unless allowed by the relevant Terms of Service. Some portions of the Google TV API Content are licensed to Google by third parties, including but not limited to Tribune Media Services
2025-08-23T13:51:50.1411152Z 
2025-08-23T13:51:50.1412059Z 8.2 If you use any API to retrieve a user's data from Google, you acknowledge and agree that you shall retrieve data only with the user's explicit consent and only when, and for the limited purposes for which, the user has given you permission to do so.
2025-08-23T13:51:50.1412802Z 
2025-08-23T13:51:50.1413154Z 8.3 Except as explicitly permitted in Section 3 (Google TV Add-on License from Google), you must:
2025-08-23T13:51:50.1413494Z 
2025-08-23T13:51:50.1415070Z (a) not modify nor format the Google TV API Content except to the extent reasonably and technically necessary to optimize the display such Google TV API Content in your application;
2025-08-23T13:51:50.1415649Z 
2025-08-23T13:51:50.1416380Z (b) not edit the Google TV API Content in a manner that renders the Google TV API Content inaccurate of alters its inherent meaning (provided that displaying excerpts will not violate the foregoing); or
2025-08-23T13:51:50.1417003Z 
2025-08-23T13:51:50.1417362Z (c) not create any commercial audience measurement tool or service using the Google TV API Content
2025-08-23T13:51:50.1417699Z 
2025-08-23T13:51:50.1417839Z 9. Terminating this License Agreement
2025-08-23T13:51:50.1418018Z 
2025-08-23T13:51:50.1418400Z 9.1 This License Agreement will continue to apply until terminated by either you or Google as set out below.
2025-08-23T13:51:50.1418765Z 
2025-08-23T13:51:50.1419287Z 9.2 If you want to terminate this License Agreement, you may do so by ceasing your use of the Google TV Add-on and any relevant developer credentials.
2025-08-23T13:51:50.1419840Z 
2025-08-23T13:51:50.1420082Z 9.3 Google may at any time, terminate this License Agreement with you if:
2025-08-23T13:51:50.1420338Z 
2025-08-23T13:51:50.1420564Z (A) you have breached any provision of this License Agreement; or
2025-08-23T13:51:50.1420812Z 
2025-08-23T13:51:50.1420954Z (B) Google is required to do so by law; or
2025-08-23T13:51:50.1421128Z 
2025-08-23T13:51:50.1422015Z (C) the partner with whom Google offered certain parts of Google TV Add-on (such as APIs) to you has terminated its relationship with Google or ceased to offer certain parts of the Google TV Add-on to you; or
2025-08-23T13:51:50.1422678Z 
2025-08-23T13:51:50.1423892Z (D) Google decides to no longer providing the Google TV Add-on or certain parts of the Google TV Add-on to users in the country in which you are resident or from which you use the service, or the provision of the Google TV Add-on or certain Google TV Add-on services to you by Google is, in Google's sole discretion, no longer commercially viable.
2025-08-23T13:51:50.1424856Z 
2025-08-23T13:51:50.1426515Z 9.4 When this License Agreement comes to an end, all of the legal rights, obligations and liabilities that you and Google have benefited from, been subject to (or which have accrued over time whilst this License Agreement has been in force) or which are expressed to continue indefinitely, shall be unaffected by this cessation, and the provisions of paragraph 14.7 shall continue to apply to such rights, obligations and liabilities indefinitely.
2025-08-23T13:51:50.1427930Z 
2025-08-23T13:51:50.1428036Z 10. DISCLAIMER OF WARRANTIES
2025-08-23T13:51:50.1428187Z 
2025-08-23T13:51:50.1428911Z 10.1 YOU EXPRESSLY UNDERSTAND AND AGREE THAT YOUR USE OF THE GOOGLE TV ADD-ON IS AT YOUR SOLE RISK AND THAT THE GOOGLE TV ADD-ON IS PROVIDED "AS IS" AND "AS AVAILABLE" WITHOUT WARRANTY OF ANY KIND FROM GOOGLE.
2025-08-23T13:51:50.1429584Z 
2025-08-23T13:51:50.1430721Z 10.2 YOUR USE OF THE GOOGLE TV ADD-ON AND ANY MATERIAL DOWNLOADED OR OTHERWISE OBTAINED THROUGH THE USE OF THE GOOGLE TV ADD-ON IS AT YOUR OWN DISCRETION AND RISK AND YOU ARE SOLELY RESPONSIBLE FOR ANY DAMAGE TO YOUR COMPUTER SYSTEM OR OTHER DEVICE OR LOSS OF DATA THAT RESULTS FROM SUCH USE.
2025-08-23T13:51:50.1431620Z 
2025-08-23T13:51:50.1432587Z 10.3 GOOGLE FURTHER EXPRESSLY DISCLAIMS ALL WARRANTIES AND CONDITIONS OF ANY KIND, WHETHER EXPRESS OR IMPLIED, INCLUDING, BUT NOT LIMITED TO THE IMPLIED WARRANTIES AND CONDITIONS OF MERCHANTABILITY, FITNESS FOR A PARTICULAR PURPOSE AND NON-INFRINGEMENT.
2025-08-23T13:51:50.1433394Z 
2025-08-23T13:51:50.1433497Z 11. LIMITATION OF LIABILITY
2025-08-23T13:51:50.1433635Z 
2025-08-23T13:51:50.1435276Z 11.1 YOU EXPRESSLY UNDERSTAND AND AGREE THAT GOOGLE, ITS SUBSIDIARIES AND AFFILIATES, AND ITS LICENSORS SHALL NOT BE LIABLE TO YOU UNDER ANY THEORY OF LIABILITY FOR ANY DIRECT, INDIRECT, INCIDENTAL, SPECIAL CONSEQUENTIAL OR EXEMPLARY DAMAGES THAT MAY BE INCURRED BY YOU, INCLUDING ANY LOSS OF DATA, WHETHER OR NOT GOOGLE OR ITS REPRESENTATIVES HAVE BEEN ADVISED OF OR SHOULD HAVE BEEN AWARE OF THE POSSIBILITY OF ANY SUCH LOSSES ARISING.
2025-08-23T13:51:50.1436582Z 
2025-08-23T13:51:50.1436668Z 12. Indemnification
2025-08-23T13:51:50.1436785Z 
2025-08-23T13:51:50.1439594Z 12.1 To the maximum extent permitted by law, you agree to defend, indemnify and hold harmless Google, its affiliates and their respective directors, officers, employees and agents from and against any and all claims, actions, suits or proceedings, as well as any and all losses, liabilities, damages, costs and expenses (including reasonable attorneys fees) arising out of or accruing from (a) your use of the Google TV Add-on, (b) any application you develop on the Google TV Add-on that infringes any copyright, trademark, trade secret, trade dress, patent or other intellectual property right of any person or defames any person or violates their rights of publicity or privacy, and (c) any non-compliance by you with this License Agreement.
2025-08-23T13:51:50.1441996Z 
2025-08-23T13:51:50.1442127Z 13. Changes to the License Agreement
2025-08-23T13:51:50.1442294Z 
2025-08-23T13:51:50.1442672Z 13.1 Google may make changes to the License Agreement as it distributes new versions of the Google TV Add-on.
2025-08-23T13:51:50.1443025Z 
2025-08-23T13:51:50.1443121Z 14. General Legal Terms
2025-08-23T13:51:50.1443248Z 
2025-08-23T13:51:50.1444647Z 14.1 This License Agreement constitute the whole legal agreement between you and Google and govern your use of the Google TV Add-on (excluding any services which Google may provide to you under a separate written agreement), and completely replace any prior agreements between you and Google in relation to the Google TV Add-on.
2025-08-23T13:51:50.1445689Z 
2025-08-23T13:51:50.1446863Z 14.2 You agree that if Google does not exercise or enforce any legal right or remedy which is contained in this License Agreement (or which Google has the benefit of under any applicable law), this will not be taken to be a formal waiver of Google's rights and that those rights or remedies will still be available to Google.
2025-08-23T13:51:50.1447816Z 
2025-08-23T13:51:50.1449120Z 14.3 If any court of law, having the jurisdiction to decide on this matter, rules that any provision of this License Agreement is invalid, then that provision will be removed from this License Agreement without affecting the rest of this License Agreement. The remaining provisions of this License Agreement will continue to be valid and enforceable.
2025-08-23T13:51:50.1450579Z 
2025-08-23T13:51:50.1452707Z 14.4 You acknowledge and agree that Google’s API data licensors and each member of the group of companies of which Google is the parent shall be third party beneficiaries to this License Agreement and that such other companies shall be entitled to directly enforce, and rely upon, any provision of this License Agreement that confers a benefit on (or rights in favor of) them. Other than this, no other person or company shall be third party beneficiaries to this License Agreement.
2025-08-23T13:51:50.1454134Z 
2025-08-23T13:51:50.1455220Z 14.5 EXPORT RESTRICTIONS. THE GOOGLE TV ADD-ON IS SUBJECT TO UNITED STATES EXPORT LAWS AND REGULATIONS. YOU MUST COMPLY WITH ALL DOMESTIC AND INTERNATIONAL EXPORT LAWS AND REGULATIONS THAT APPLY TO THE GOOGLE TV ADD-ON. THESE LAWS INCLUDE RESTRICTIONS ON DESTINATIONS, END USERS AND END USE.
2025-08-23T13:51:50.1456115Z 
2025-08-23T13:51:50.1457419Z 14.6 The rights granted in this License Agreement may not be assigned or transferred by either you or Google without the prior written approval of the other party. Neither you nor Google shall be permitted to delegate their responsibilities or obligations under this License Agreement without the prior written approval of the other party.
2025-08-23T13:51:50.1458556Z 
2025-08-23T13:51:50.1460785Z 14.7 This License Agreement, and your relationship with Google under this License Agreement, shall be governed by the laws of the State of California without regard to its conflict of laws provisions. You and Google agree to submit to the exclusive jurisdiction of the courts located within the county of Santa Clara, California to resolve any legal matter arising from this License Agreement. Notwithstanding this, you agree that Google shall still be allowed to apply for injunctive remedies (or an equivalent type of urgent legal relief) in any jurisdiction.
2025-08-23T13:51:50.1462460Z 
2025-08-23T13:51:50.1462473Z 
2025-08-23T13:51:50.1462551Z August 15, 2011
2025-08-23T13:51:50.1462790Z ---------------------------------------
2025-08-23T13:51:50.1463032Z Accept? (y/N): 
2025-08-23T13:51:50.1463286Z 2/6: License android-googlexr-license:
2025-08-23T13:51:50.1463576Z ---------------------------------------
2025-08-23T13:51:50.1464673Z To get started with the Android XR Emulator System Image SDK, you must agree to the following terms and conditions. As described below, please note that this is a preview, emulated version of the Android XR OS, subject to change, that you use at your own risk.
2025-08-23T13:51:50.1465446Z 
2025-08-23T13:51:50.1465668Z This is the Android XR Emulator System Image SDK License Agreement
2025-08-23T13:51:50.1465907Z 
2025-08-23T13:51:50.1465980Z 1. Introduction
2025-08-23T13:51:50.1466090Z 
2025-08-23T13:51:50.1467925Z 1.1 The Android Android XR Emulator System Image SDK (referred to in the License Agreement as the "SDK" and specifically including the Android system files,, packaged APIs, library files (if and when they are made available), and Google applications and APIs add-ons) is licensed to you subject to the terms of the License Agreement. The License Agreement forms a legally binding contract between you and Google in relation to your use of the SDK.
2025-08-23T13:51:50.1469275Z 
2025-08-23T13:51:50.1470179Z 1.2 "Android" means the Android software stack for devices, as made available under the Android Open Source Project, which is located at the following URL: https://source.android.com/, as updated from time to time.
2025-08-23T13:51:50.1470852Z 
2025-08-23T13:51:50.1471633Z 1.3 "Google" means Google LLC, organized under the laws of the State of Delaware, USA, and operating under the laws of the USA with principal place of business at 1600 Amphitheatre Parkway, Mountain View, CA 94043, USA.
2025-08-23T13:51:50.1472470Z 
2025-08-23T13:51:50.1472605Z 2. Accepting this License Agreement
2025-08-23T13:51:50.1472765Z 
2025-08-23T13:51:50.1473248Z 2.1 In order to use the SDK, you must first agree to the License Agreement. You may not use the SDK if you do not accept the License Agreement.
2025-08-23T13:51:50.1473966Z 
2025-08-23T13:51:50.1474321Z 2.2 By clicking to accept and/or using this SDK, you hereby agree to the terms of the License Agreement.
2025-08-23T13:51:50.1474660Z 
2025-08-23T13:51:50.1475552Z 2.3 You may not use the SDK and may not accept the License Agreement if you are a person barred from receiving the SDK under the laws of the United States or other countries, including the country in which you are resident or from which you use the SDK.
2025-08-23T13:51:50.1476286Z 
2025-08-23T13:51:50.1477628Z 2.4 If you are agreeing to be bound by the License Agreement on behalf of your employer or other entity, you represent and warrant that you have full legal authority to bind your employer or such entity to the License Agreement. If you do not have the requisite authority, you may not accept the License Agreement or use the SDK on behalf of your employer or other entity.
2025-08-23T13:51:50.1478702Z 
2025-08-23T13:51:50.1478813Z 3. SDK License from Google
2025-08-23T13:51:50.1478947Z 
2025-08-23T13:51:50.1480042Z 3.1 Subject to the terms of the License Agreement, Google grants you a limited, worldwide, royalty-free, non-assignable, non-exclusive, and non-sublicensable license to use the SDK solely to develop applications for Android XR.
2025-08-23T13:51:50.1480780Z 
2025-08-23T13:51:50.1481581Z 3.2 You may not use this SDK to develop applications for other platforms or to develop another SDK. You are of course free to develop applications for other platforms provided that this SDK is not used for that purpose.
2025-08-23T13:51:50.1482258Z 
2025-08-23T13:51:50.1483707Z 3.3 You agree that Google or third parties own all legal right, title and interest in and to the SDK, including any Intellectual Property Rights that subsist in the SDK. "Intellectual Property Rights" means any and all rights under patent law, copyright law, trade secret law, trademark law, and any and all other proprietary rights. Google reserves all rights not expressly granted to you.
2025-08-23T13:51:50.1484889Z 
2025-08-23T13:51:50.1487010Z 3.4 You may not use the SDK for any purpose not expressly permitted by the License Agreement. Except to the extent required by applicable third party licenses, you may not (a) copy (except for backup purposes), modify, adapt, redistribute, decompile, reverse engineer, disassemble, or create derivative works of the SDK or any part of the SDK; or (b) load any part of the SDK onto a mobile handset or any other hardware device except a personal computer, combine any part of the SDK with other software, or distribute any software or device incorporating a part of the SDK.
2025-08-23T13:51:50.1488657Z 
2025-08-23T13:51:50.1490638Z 3.5 Use, reproduction and distribution of components of the SDK licensed under an open source software license are governed solely by the terms of that open source software license and not the License Agreement. You agree to remain a licensee in good standing in regard to such open source software licenses under all the rights granted and to refrain from any actions that may terminate, suspend, or breach such rights.
2025-08-23T13:51:50.1491916Z 
2025-08-23T13:51:50.1493482Z 3.6 You agree that the form and nature of the SDK that Google provides may change without prior notice to you and that future versions of the SDK may be incompatible with applications developed on previous versions of the SDK. You agree that Google may stop (permanently or temporarily) providing the SDK (or any features within the SDK) to you or to users generally at Google's sole discretion, without prior notice to you.
2025-08-23T13:51:50.1494721Z 
2025-08-23T13:51:50.1495341Z 3.7 Nothing in the License Agreement gives you a right to use any of Google's trade names, trademarks, service marks, logos, domain names, or other distinctive brand features.
2025-08-23T13:51:50.1495869Z 
2025-08-23T13:51:50.1496551Z 3.8 You agree that you will not remove, obscure, or alter any proprietary rights notices (including copyright and trademark notices) that may be affixed to or contained within the SDK.
2025-08-23T13:51:50.1497246Z 
2025-08-23T13:51:50.1497341Z 4. Use of the SDK by You
2025-08-23T13:51:50.1497478Z 
2025-08-23T13:51:50.1498445Z 4.1 Google agrees that it obtains no right, title or interest from you (or your licensors) under the License Agreement in or to any software applications that you develop using the SDK, including any intellectual property rights that subsist in those applications.
2025-08-23T13:51:50.1499250Z 
2025-08-23T13:51:50.1500918Z 4.2 You agree to use the SDK and write applications only for purposes that are permitted by (a) the License Agreement and (b) any applicable law, regulation or generally accepted practices or guidelines in the relevant jurisdictions (including any laws regarding the export of data or software to and from the United States or other relevant countries).
2025-08-23T13:51:50.1501993Z 
2025-08-23T13:51:50.1505091Z 4.3 You agree that if you use the SDK to develop applications for general public users, you will protect the privacy and legal rights of those users. If the users provide you with user names, passwords, or other login information or personal information, you must make the users aware that the information will be available to your application, and you must provide legally adequate privacy notice and protection for those users. If your application stores personal or sensitive information provided by users, it must do so securely. If the user provides your application with Google Account information, your application may only use that information to access the user's Google Account when, and for the limited purposes for which, the user has given you permission to do so.
2025-08-23T13:51:50.1507967Z 
2025-08-23T13:51:50.1509316Z 4.4 You agree that you will not engage in any activity with the SDK, including the development or distribution of an application, that interferes with, disrupts, damages, or accesses in an unauthorized manner the servers, networks, or other properties or services of any third party including, but not limited to, Google or any mobile communications carrier.
2025-08-23T13:51:50.1510633Z 
2025-08-23T13:51:50.1511924Z 4.5 You agree that you are solely responsible for (and that Google has no responsibility to you or to any third party for) any data, content, or resources that you create, transmit or display through Android and/or applications for Android, and for the consequences of your actions (including any loss or damage which Google may suffer) by doing so.
2025-08-23T13:51:50.1512959Z 
2025-08-23T13:51:50.1514414Z 4.6 You agree that you are solely responsible for (and that Google has no responsibility to you or to any third party for) any breach of your obligations under the License Agreement, any applicable third party contract or Terms of Service, or any applicable law or regulation, and for the consequences (including any loss or damage which Google or any third party may suffer) of any such breach.
2025-08-23T13:51:50.1515584Z 
2025-08-23T13:51:50.1516854Z 4.7 The SDK is in development, and your testing and feedback are an important part of the development process. By using the SDK, you acknowledge that implementation of some features are still under development and that you should not rely on the SDK having the full functionality of a stable release.
2025-08-23T13:51:50.1517776Z 
2025-08-23T13:51:50.1517892Z 5. Your Developer Credentials
2025-08-23T13:51:50.1518042Z 
2025-08-23T13:51:50.1519096Z 5.1 You agree that you are responsible for maintaining the confidentiality of any developer credentials that may be issued to you by Google or which you may choose yourself and that you will be solely responsible for all applications that are developed under your developer credentials.
2025-08-23T13:51:50.1520155Z 
2025-08-23T13:51:50.1520257Z 6. Privacy and Information
2025-08-23T13:51:50.1520399Z 
2025-08-23T13:51:50.1522191Z 6.1 In order to continually innovate and improve the SDK, Google may collect certain usage statistics from the software including but not limited to a unique identifier, associated IP address, version number of the software, and information on which tools and/or services in the SDK are being used and how they are being used. Before any of this information is collected, the SDK will notify you and seek your consent. If you withhold consent, the information will not be collected.
2025-08-23T13:51:50.1523778Z 
2025-08-23T13:51:50.1524549Z 6.2 The data collected is examined in the aggregate to improve the SDK and is maintained in accordance with Google's Privacy Policy, which is located at the following URL: https://policies.google.com/privacy
2025-08-23T13:51:50.1525194Z 
2025-08-23T13:51:50.1525552Z 6.3 Anonymized and aggregated sets of the data may be shared with Google partners to improve the SDK.
2025-08-23T13:51:50.1525892Z 
2025-08-23T13:51:50.1525993Z 7. Third Party Applications
2025-08-23T13:51:50.1526139Z 
2025-08-23T13:51:50.1528341Z 7.1 If you use the SDK to run applications developed by a third party or that access data, content or resources provided by a third party, you agree that Google is not responsible for those applications, data, content, or resources. You understand that all data, content or resources which you may access through such third party applications are the sole responsibility of the person from which they originated and that Google is not liable for any loss or damage that you may experience as a result of the use or access of any of those third party applications, data, content, or resources.
2025-08-23T13:51:50.1530272Z 
2025-08-23T13:51:50.1532102Z 7.2 You should be aware that the data, content, and resources presented to you through such a third party application may be protected by intellectual property rights which are owned by the providers (or by other persons or companies on their behalf). You may not modify, rent, lease, loan, sell, distribute or create derivative works based on these data, content, or resources (either in whole or in part) unless you have been specifically given permission to do so by the relevant owners.
2025-08-23T13:51:50.1533563Z 
2025-08-23T13:51:50.1534569Z 7.3 You acknowledge that your use of such third party applications, data, content, or resources may be subject to separate terms between you and the relevant third party. In that case, the License Agreement does not affect your legal relationship with these third parties.
2025-08-23T13:51:50.1535400Z 
2025-08-23T13:51:50.1535487Z 8. Using Android APIs
2025-08-23T13:51:50.1535611Z 
2025-08-23T13:51:50.1535703Z 8.1 Google Data APIs
2025-08-23T13:51:50.1535819Z 
2025-08-23T13:51:50.1537653Z 8.1.1 If you use any API to retrieve data from Google, you acknowledge that the data may be protected by intellectual property rights which are owned by Google or those parties that provide the data (or by other persons or companies on their behalf). Your use of any such API may be subject to additional Terms of Service. You may not modify, rent, lease, loan, sell, distribute or create derivative works based on this data (either in whole or in part) unless allowed by the relevant Terms of Service.
2025-08-23T13:51:50.1539231Z 
2025-08-23T13:51:50.1542621Z 8.1.2 If you use any API to retrieve a user's data from Google, you acknowledge and agree that you shall retrieve data only with the user's explicit consent and only when, and for the limited purposes for which, the user has given you permission to do so. If you use the Android Recognition Service API, documented at the following URL: https://developer.android.com/reference/android/speech/RecognitionService, as updated from time to time, you acknowledge that the use of the API is subject to the Data Processing Addendum for Products where Google is a Data Processor, which is located at the following URL: https://privacy.google.com/businesses/gdprprocessorterms/, as updated from time to time. By clicking to accept, you hereby agree to the terms of the Data Processing Addendum for Products where Google is a Data Processor.
2025-08-23T13:51:50.1545077Z 
2025-08-23T13:51:50.1545221Z 9. Terminating this License Agreement
2025-08-23T13:51:50.1545513Z 
2025-08-23T13:51:50.1545904Z 9.1 The License Agreement will continue to apply until terminated by either you or Google as set out below.
2025-08-23T13:51:50.1546281Z 
2025-08-23T13:51:50.1546747Z 9.2 If you want to terminate the License Agreement, you may do so by ceasing your use of the SDK and any relevant developer credentials.
2025-08-23T13:51:50.1547158Z 
2025-08-23T13:51:50.1549484Z 9.3 Google may at any time, terminate the License Agreement with you if: (A) you have breached any provision of the License Agreement; or (B) Google is required to do so by law; or (C) the partner with whom Google offered certain parts of SDK (such as APIs) to you has terminated its relationship with Google or ceased to offer certain parts of the SDK to you; or (D) Google decides to no longer provide the SDK or certain parts of the SDK to users in the country in which you are resident or from which you use the service, or the provision of the SDK or certain SDK services to you by Google is, in Google's sole discretion, no longer commercially viable.
2025-08-23T13:51:50.1551449Z 
2025-08-23T13:51:50.1553098Z 9.4 When the License Agreement comes to an end, all of the legal rights, obligations and liabilities that you and Google have benefited from, been subject to (or which have accrued over time whilst the License Agreement has been in force) or which are expressed to continue indefinitely, shall be unaffected by this cessation, and the provisions of paragraph 14.7 shall continue to apply to such rights, obligations and liabilities indefinitely.
2025-08-23T13:51:50.1554410Z 
2025-08-23T13:51:50.1554512Z 10. DISCLAIMER OF WARRANTIES
2025-08-23T13:51:50.1554652Z 
2025-08-23T13:51:50.1555272Z 10.1 YOU EXPRESSLY UNDERSTAND AND AGREE THAT YOUR USE OF THE SDK IS AT YOUR SOLE RISK AND THAT THE SDK IS PROVIDED "AS IS" AND "AS AVAILABLE" WITHOUT WARRANTY OF ANY KIND FROM GOOGLE.
2025-08-23T13:51:50.1555792Z 
2025-08-23T13:51:50.1556731Z 10.2 YOUR USE OF THE SDK AND ANY MATERIAL DOWNLOADED OR OTHERWISE OBTAINED THROUGH THE USE OF THE SDK IS AT YOUR OWN DISCRETION AND RISK AND YOU ARE SOLELY RESPONSIBLE FOR ANY DAMAGE TO YOUR COMPUTER SYSTEM OR OTHER DEVICE OR LOSS OF DATA THAT RESULTS FROM SUCH USE.
2025-08-23T13:51:50.1557512Z 
2025-08-23T13:51:50.1558471Z 10.3 GOOGLE FURTHER EXPRESSLY DISCLAIMS ALL WARRANTIES AND CONDITIONS OF ANY KIND, WHETHER EXPRESS OR IMPLIED, INCLUDING, BUT NOT LIMITED TO THE IMPLIED WARRANTIES AND CONDITIONS OF MERCHANTABILITY, FITNESS FOR A PARTICULAR PURPOSE AND NON-INFRINGEMENT.
2025-08-23T13:51:50.1559276Z 
2025-08-23T13:51:50.1559374Z 11. LIMITATION OF LIABILITY
2025-08-23T13:51:50.1559511Z 
2025-08-23T13:51:50.1561432Z 11.1 YOU EXPRESSLY UNDERSTAND AND AGREE THAT GOOGLE, ITS SUBSIDIARIES AND AFFILIATES, AND ITS LICENSORS SHALL NOT BE LIABLE TO YOU UNDER ANY THEORY OF LIABILITY FOR ANY DIRECT, INDIRECT, INCIDENTAL, SPECIAL, CONSEQUENTIAL OR EXEMPLARY DAMAGES THAT MAY BE INCURRED BY YOU, INCLUDING ANY LOSS OF DATA, WHETHER OR NOT GOOGLE OR ITS REPRESENTATIVES HAVE BEEN ADVISED OF OR SHOULD HAVE BEEN AWARE OF THE POSSIBILITY OF ANY SUCH LOSSES ARISING.
2025-08-23T13:51:50.1562740Z 
2025-08-23T13:51:50.1562834Z 12. Indemnification
2025-08-23T13:51:50.1562947Z 
2025-08-23T13:51:50.1565632Z 12.1 To the maximum extent permitted by law, you agree to defend, indemnify and hold harmless Google, its affiliates and their respective directors, officers, employees and agents from and against any and all claims, actions, suits or proceedings, as well as any and all losses, liabilities, damages, costs and expenses (including reasonable attorneys fees) arising out of or accruing from (a) your use of the SDK, (b) any application you develop on the SDK that infringes any copyright, trademark, trade secret, trade dress, patent or other intellectual property right of any person or defames any person or violates their rights of publicity or privacy, and (c) any non-compliance by you with the License Agreement.
2025-08-23T13:51:50.1567726Z 
2025-08-23T13:51:50.1567856Z 13. Changes to the License Agreement
2025-08-23T13:51:50.1568161Z 
2025-08-23T13:51:50.1569013Z 13.1 Google may make changes to the License Agreement as it distributes new versions of the SDK. When these changes are made, Google will make a new version of the License Agreement available on the website where the SDK is made available.
2025-08-23T13:51:50.1569877Z 
2025-08-23T13:51:50.1569991Z 14. General Legal Terms
2025-08-23T13:51:50.1570116Z 
2025-08-23T13:51:50.1571258Z 14.1 The License Agreement constitutes the whole legal agreement between you and Google and governs your use of the SDK (excluding any services which Google may provide to you under a separate written agreement), and completely replaces any prior agreements between you and Google in relation to the SDK.
2025-08-23T13:51:50.1572183Z 
2025-08-23T13:51:50.1573333Z 14.2 You agree that if Google does not exercise or enforce any legal right or remedy which is contained in the License Agreement (or which Google has the benefit of under any applicable law), this will not be taken to be a formal waiver of Google's rights and that those rights or remedies will still be available to Google.
2025-08-23T13:51:50.1574267Z 
2025-08-23T13:51:50.1575544Z 14.3 If any court of law, having the jurisdiction to decide on this matter, rules that any provision of the License Agreement is invalid, then that provision will be removed from the License Agreement without affecting the rest of the License Agreement. The remaining provisions of the License Agreement will continue to be valid and enforceable.
2025-08-23T13:51:50.1576586Z 
2025-08-23T13:51:50.1578230Z 14.4 You acknowledge and agree that each member of the group of companies of which Google is the parent shall be third party beneficiaries to the License Agreement and that such other companies shall be entitled to directly enforce, and rely upon, any provision of the License Agreement that confers a benefit on (or rights in favor of) them. Other than this, no other person or company shall be third party beneficiaries to the License Agreement.
2025-08-23T13:51:50.1579547Z 
2025-08-23T13:51:50.1580675Z 14.5 EXPORT RESTRICTIONS. THE SDK IS SUBJECT TO UNITED STATES EXPORT LAWS AND REGULATIONS. YOU MUST COMPLY WITH ALL DOMESTIC AND INTERNATIONAL EXPORT LAWS AND REGULATIONS THAT APPLY TO THE SDK. THESE LAWS INCLUDE RESTRICTIONS ON DESTINATIONS, END USERS AND END USE.
2025-08-23T13:51:50.1581494Z 
2025-08-23T13:51:50.1582768Z 14.6 The rights granted in the License Agreement may not be assigned or transferred by either you or Google without the prior written approval of the other party. Neither you nor Google shall be permitted to delegate their responsibilities or obligations under the License Agreement without the prior written approval of the other party.
2025-08-23T13:51:50.1583814Z 
2025-08-23T13:51:50.1586043Z 14.7 The License Agreement, and your relationship with Google under the License Agreement, shall be governed by the laws of the State of California without regard to its conflict of laws provisions. You and Google agree to submit to the exclusive jurisdiction of the courts located within the county of Santa Clara, California to resolve any legal matter arising from the License Agreement. Notwithstanding this, you agree that Google shall still be allowed to apply for injunctive remedies (or an equivalent type of urgent legal relief) in any jurisdiction.
2025-08-23T13:51:50.1587845Z ---------------------------------------
2025-08-23T13:51:50.1588078Z Accept? (y/N): 
2025-08-23T13:51:50.1588337Z 3/6: License android-sdk-arm-dbt-license:
2025-08-23T13:51:50.1588639Z ---------------------------------------
2025-08-23T13:51:50.1588871Z Terms and Conditions
2025-08-23T13:51:50.1589001Z 
2025-08-23T13:51:50.1589206Z This is the Android Software Development Kit License Agreement
2025-08-23T13:51:50.1589436Z 
2025-08-23T13:51:50.1589515Z 1. Introduction
2025-08-23T13:51:50.1589800Z 
2025-08-23T13:51:50.1591261Z 1.1 The Android Software Development Kit (referred to in the License Agreement as the "SDK" and specifically including the Android system files, packaged APIs, and Google APIs add-ons) is licensed to you subject to the terms of the License Agreement. The License Agreement forms a legally binding contract between you and Google in relation to your use of the SDK.
2025-08-23T13:51:50.1592494Z 
2025-08-23T13:51:50.1593272Z 1.2 "Android" means the Android software stack for devices, as made available under the Android Open Source Project, which is located at the following URL: http://source.android.com/, as updated from time to time.
2025-08-23T13:51:50.1593933Z 
2025-08-23T13:51:50.1595240Z 1.3 A "compatible implementation" means any Android device that (i) complies with the Android Compatibility Definition document, which can be found at the Android compatibility website (http://source.android.com/compatibility) and which may be updated from time to time; and (ii) successfully passes the Android Compatibility Test Suite (CTS).
2025-08-23T13:51:50.1596822Z 
2025-08-23T13:51:50.1597873Z 1.4 "Google" means Google Inc., a Delaware corporation with principal place of business at 1600 Amphitheatre Parkway, Mountain View, CA 94043, United States.
2025-08-23T13:51:50.1598599Z 
2025-08-23T13:51:50.1598605Z 
2025-08-23T13:51:50.1598747Z 2. Accepting the License Agreement
2025-08-23T13:51:50.1598908Z 
2025-08-23T13:51:50.1599397Z 2.1 In order to use the SDK, you must first agree to the License Agreement. You may not use the SDK if you do not accept the License Agreement.
2025-08-23T13:51:50.1600082Z 
2025-08-23T13:51:50.1600370Z 2.2 By clicking to accept, you hereby agree to the terms of the License Agreement.
2025-08-23T13:51:50.1600654Z 
2025-08-23T13:51:50.1601551Z 2.3 You may not use the SDK and may not accept the License Agreement if you are a person barred from receiving the SDK under the laws of the United States or other countries, including the country in which you are resident or from which you use the SDK.
2025-08-23T13:51:50.1602293Z 
2025-08-23T13:51:50.1603790Z 2.4 If you are agreeing to be bound by the License Agreement on behalf of your employer or other entity, you represent and warrant that you have full legal authority to bind your employer or such entity to the License Agreement. If you do not have the requisite authority, you may not accept the License Agreement or use the SDK on behalf of your employer or other entity.
2025-08-23T13:51:50.1605467Z 
2025-08-23T13:51:50.1605476Z 
2025-08-23T13:51:50.1605672Z 3. SDK License from Google
2025-08-23T13:51:50.1605908Z 
2025-08-23T13:51:50.1607401Z 3.1 Subject to the terms of the License Agreement, Google grants you a limited, worldwide, royalty-free, non-assignable, non-exclusive, and non-sublicensable license to use the SDK solely to develop applications for compatible implementations of Android.
2025-08-23T13:51:50.1608226Z 
2025-08-23T13:51:50.1610350Z 3.2 You may not use this SDK to develop applications for other platforms (including non-compatible implementations of Android) or to develop another SDK. You are of course free to develop applications for other platforms, including non-compatible implementations of Android, provided that this SDK is not used for that purpose.
2025-08-23T13:51:50.1611545Z 
2025-08-23T13:51:50.1613026Z 3.3 You agree that Google or third parties own all legal right, title and interest in and to the SDK, including any Intellectual Property Rights that subsist in the SDK. "Intellectual Property Rights" means any and all rights under patent law, copyright law, trade secret law, trademark law, and any and all other proprietary rights. Google reserves all rights not expressly granted to you.
2025-08-23T13:51:50.1614439Z 
2025-08-23T13:51:50.1615712Z 3.4 You may not use the SDK for any purpose not expressly permitted by the License Agreement. Except to the extent required by applicable third party licenses, you may not copy (except for backup purposes), modify, adapt, redistribute, decompile, reverse engineer, disassemble, or create derivative works of the SDK or any part of the SDK.
2025-08-23T13:51:50.1616737Z 
2025-08-23T13:51:50.1617511Z 3.5 Use, reproduction and distribution of components of the SDK licensed under an open source software license are governed solely by the terms of that open source software license and not the License Agreement.
2025-08-23T13:51:50.1618297Z 
2025-08-23T13:51:50.1620030Z 3.6 You agree that the form and nature of the SDK that Google provides may change without prior notice to you and that future versions of the SDK may be incompatible with applications developed on previous versions of the SDK. You agree that Google may stop (permanently or temporarily) providing the SDK (or any features within the SDK) to you or to users generally at Google's sole discretion, without prior notice to you.
2025-08-23T13:51:50.1621263Z 
2025-08-23T13:51:50.1621889Z 3.7 Nothing in the License Agreement gives you a right to use any of Google's trade names, trademarks, service marks, logos, domain names, or other distinctive brand features.
2025-08-23T13:51:50.1622418Z 
2025-08-23T13:51:50.1623121Z 3.8 You agree that you will not remove, obscure, or alter any proprietary rights notices (including copyright and trademark notices) that may be affixed to or contained within the SDK.
2025-08-23T13:51:50.1623708Z 
2025-08-23T13:51:50.1623714Z 
2025-08-23T13:51:50.1623807Z 4. Use of the SDK by You
2025-08-23T13:51:50.1623943Z 
2025-08-23T13:51:50.1624907Z 4.1 Google agrees that it obtains no right, title or interest from you (or your licensors) under the License Agreement in or to any software applications that you develop using the SDK, including any intellectual property rights that subsist in those applications.
2025-08-23T13:51:50.1625707Z 
2025-08-23T13:51:50.1627009Z 4.2 You agree to use the SDK and write applications only for purposes that are permitted by (a) the License Agreement and (b) any applicable law, regulation or generally accepted practices or guidelines in the relevant jurisdictions (including any laws regarding the export of data or software to and from the United States or other relevant countries).
2025-08-23T13:51:50.1628060Z 
2025-08-23T13:51:50.1631246Z 4.3 You agree that if you use the SDK to develop applications for general public users, you will protect the privacy and legal rights of those users. If the users provide you with user names, passwords, or other login information or personal information, you must make the users aware that the information will be available to your application, and you must provide legally adequate privacy notice and protection for those users. If your application stores personal or sensitive information provided by users, it must do so securely. If the user provides your application with Google Account information, your application may only use that information to access the user's Google Account when, and for the limited purposes for which, the user has given you permission to do so.
2025-08-23T13:51:50.1633525Z 
2025-08-23T13:51:50.1634981Z 4.4 You agree that you will not engage in any activity with the SDK, including the development or distribution of an application, that interferes with, disrupts, damages, or accesses in an unauthorized manner the servers, networks, or other properties or services of any third party including, but not limited to, Google or any mobile communications carrier.
2025-08-23T13:51:50.1636059Z 
2025-08-23T13:51:50.1637326Z 4.5 You agree that you are solely responsible for (and that Google has no responsibility to you or to any third party for) any data, content, or resources that you create, transmit or display through Android and/or applications for Android, and for the consequences of your actions (including any loss or damage which Google may suffer) by doing so.
2025-08-23T13:51:50.1638354Z 
2025-08-23T13:51:50.1640079Z 4.6 You agree that you are solely responsible for (and that Google has no responsibility to you or to any third party for) any breach of your obligations under the License Agreement, any applicable third party contract or Terms of Service, or any applicable law or regulation, and for the consequences (including any loss or damage which Google or any third party may suffer) of any such breach.
2025-08-23T13:51:50.1641476Z 
2025-08-23T13:51:50.1643188Z 4.7 This software enables the execution of intellectual property owned by Arm Limited. You agree that your use of the software, that allows execution of ARM Instruction Set Architecture (“ISA”) compliant executables for application development and debug only on x86 desktop, laptop, customer on-premise servers, and customer-procured cloud-based environments.
2025-08-23T13:51:50.1644307Z 
2025-08-23T13:51:50.1644420Z 5. Your Developer Credentials
2025-08-23T13:51:50.1644567Z 
2025-08-23T13:51:50.1645617Z 5.1 You agree that you are responsible for maintaining the confidentiality of any developer credentials that may be issued to you by Google or which you may choose yourself and that you will be solely responsible for all applications that are developed under your developer credentials.
2025-08-23T13:51:50.1646482Z 
2025-08-23T13:51:50.1646578Z 6. Privacy and Information
2025-08-23T13:51:50.1646719Z 
2025-08-23T13:51:50.1648495Z 6.1 In order to continually innovate and improve the SDK, Google may collect certain usage statistics from the software including but not limited to a unique identifier, associated IP address, version number of the software, and information on which tools and/or services in the SDK are being used and how they are being used. Before any of this information is collected, the SDK will notify you and seek your consent. If you withhold consent, the information will not be collected.
2025-08-23T13:51:50.1650152Z 
2025-08-23T13:51:50.1650622Z 6.2 The data collected is examined in the aggregate to improve the SDK and is maintained in accordance with Google's Privacy Policy.
2025-08-23T13:51:50.1651041Z 
2025-08-23T13:51:50.1651048Z 
2025-08-23T13:51:50.1651154Z 7. Third Party Applications
2025-08-23T13:51:50.1651291Z 
2025-08-23T13:51:50.1653482Z 7.1 If you use the SDK to run applications developed by a third party or that access data, content or resources provided by a third party, you agree that Google is not responsible for those applications, data, content, or resources. You understand that all data, content or resources which you may access through such third party applications are the sole responsibility of the person from which they originated and that Google is not liable for any loss or damage that you may experience as a result of the use or access of any of those third party applications, data, content, or resources.
2025-08-23T13:51:50.1655186Z 
2025-08-23T13:51:50.1656966Z 7.2 You should be aware the data, content, and resources presented to you through such a third party application may be protected by intellectual property rights which are owned by the providers (or by other persons or companies on their behalf). You may not modify, rent, lease, loan, sell, distribute or create derivative works based on these data, content, or resources (either in whole or in part) unless you have been specifically given permission to do so by the relevant owners.
2025-08-23T13:51:50.1658373Z 
2025-08-23T13:51:50.1659497Z 7.3 You acknowledge that your use of such third party applications, data, content, or resources may be subject to separate terms between you and the relevant third party. In that case, the License Agreement does not affect your legal relationship with these third parties.
2025-08-23T13:51:50.1660569Z 
2025-08-23T13:51:50.1660575Z 
2025-08-23T13:51:50.1660668Z 8. Using Android APIs
2025-08-23T13:51:50.1660794Z 
2025-08-23T13:51:50.1660884Z 8.1 Google Data APIs
2025-08-23T13:51:50.1660999Z 
2025-08-23T13:51:50.1662814Z 8.1.1 If you use any API to retrieve data from Google, you acknowledge that the data may be protected by intellectual property rights which are owned by Google or those parties that provide the data (or by other persons or companies on their behalf). Your use of any such API may be subject to additional Terms of Service. You may not modify, rent, lease, loan, sell, distribute or create derivative works based on this data (either in whole or in part) unless allowed by the relevant Terms of Service.
2025-08-23T13:51:50.1664825Z 
2025-08-23T13:51:50.1668252Z 8.1.2 If you use any API to retrieve a user's data from Google, you acknowledge and agree that you shall retrieve data only with the user's explicit consent and only when, and for the limited purposes for which, the user has given you permission to do so. If you use the Android Recognition Service API, documented at the following URL: https://developer.android.com/reference/android/speech/RecognitionService, as updated from time to time, you acknowledge that the use of the API is subject to the Data Processing Addendum for Products where Google is a Data Processor, which is located at the following URL: https://privacy.google.com/businesses/gdprprocessorterms/, as updated from time to time. By clicking to accept, you hereby agree to the terms of the Data Processing Addendum for Products where Google is a Data Processor.
2025-08-23T13:51:50.1671030Z 
2025-08-23T13:51:50.1671037Z 
2025-08-23T13:51:50.1671185Z 9. Terminating the License Agreement
2025-08-23T13:51:50.1671353Z 
2025-08-23T13:51:50.1671749Z 9.1 The License Agreement will continue to apply until terminated by either you or Google as set out below.
2025-08-23T13:51:50.1672117Z 
2025-08-23T13:51:50.1672581Z 9.2 If you want to terminate the License Agreement, you may do so by ceasing your use of the SDK and any relevant developer credentials.
2025-08-23T13:51:50.1672992Z 
2025-08-23T13:51:50.1675327Z 9.3 Google may at any time, terminate the License Agreement with you if: (A) you have breached any provision of the License Agreement; or (B) Google is required to do so by law; or (C) the partner with whom Google offered certain parts of SDK (such as APIs) to you has terminated its relationship with Google or ceased to offer certain parts of the SDK to you; or (D) Google decides to no longer provide the SDK or certain parts of the SDK to users in the country in which you are resident or from which you use the service, or the provision of the SDK or certain SDK services to you by Google is, in Google's sole discretion, no longer commercially viable.
2025-08-23T13:51:50.1677102Z 
2025-08-23T13:51:50.1679510Z 9.4 When the License Agreement comes to an end, all of the legal rights, obligations and liabilities that you and Google have benefited from, been subject to (or which have accrued over time whilst the License Agreement has been in force) or which are expressed to continue indefinitely, shall be unaffected by this cessation, and the provisions of paragraph 14.7 shall continue to apply to such rights, obligations and liabilities indefinitely.
2025-08-23T13:51:50.1681015Z 
2025-08-23T13:51:50.1681021Z 
2025-08-23T13:51:50.1681136Z 10. DISCLAIMER OF WARRANTIES
2025-08-23T13:51:50.1681280Z 
2025-08-23T13:51:50.1681902Z 10.1 YOU EXPRESSLY UNDERSTAND AND AGREE THAT YOUR USE OF THE SDK IS AT YOUR SOLE RISK AND THAT THE SDK IS PROVIDED "AS IS" AND "AS AVAILABLE" WITHOUT WARRANTY OF ANY KIND FROM GOOGLE.
2025-08-23T13:51:50.1682426Z 
2025-08-23T13:51:50.1683540Z 10.2 YOUR USE OF THE SDK AND ANY MATERIAL DOWNLOADED OR OTHERWISE OBTAINED THROUGH THE USE OF THE SDK IS AT YOUR OWN DISCRETION AND RISK AND YOU ARE SOLELY RESPONSIBLE FOR ANY DAMAGE TO YOUR COMPUTER SYSTEM OR OTHER DEVICE OR LOSS OF DATA THAT RESULTS FROM SUCH USE.
2025-08-23T13:51:50.1684336Z 
2025-08-23T13:51:50.1685290Z 10.3 GOOGLE FURTHER EXPRESSLY DISCLAIMS ALL WARRANTIES AND CONDITIONS OF ANY KIND, WHETHER EXPRESS OR IMPLIED, INCLUDING, BUT NOT LIMITED TO THE IMPLIED WARRANTIES AND CONDITIONS OF MERCHANTABILITY, FITNESS FOR A PARTICULAR PURPOSE AND NON-INFRINGEMENT.
2025-08-23T13:51:50.1686090Z 
2025-08-23T13:51:50.1686096Z 
2025-08-23T13:51:50.1686193Z 11. LIMITATION OF LIABILITY
2025-08-23T13:51:50.1686326Z 
2025-08-23T13:51:50.1688080Z 11.1 YOU EXPRESSLY UNDERSTAND AND AGREE THAT GOOGLE, ITS SUBSIDIARIES AND AFFILIATES, AND ITS LICENSORS SHALL NOT BE LIABLE TO YOU UNDER ANY THEORY OF LIABILITY FOR ANY DIRECT, INDIRECT, INCIDENTAL, SPECIAL, CONSEQUENTIAL OR EXEMPLARY DAMAGES THAT MAY BE INCURRED BY YOU, INCLUDING ANY LOSS OF DATA, WHETHER OR NOT GOOGLE OR ITS REPRESENTATIVES HAVE BEEN ADVISED OF OR SHOULD HAVE BEEN AWARE OF THE POSSIBILITY OF ANY SUCH LOSSES ARISING.
2025-08-23T13:51:50.1689511Z 
2025-08-23T13:51:50.1689523Z 
2025-08-23T13:51:50.1689802Z 12. Indemnification
2025-08-23T13:51:50.1689948Z 
2025-08-23T13:51:50.1693319Z 12.1 To the maximum extent permitted by law, you agree to defend, indemnify and hold harmless Google, its affiliates and their respective directors, officers, employees and agents from and against any and all claims, actions, suits or proceedings, as well as any and all losses, liabilities, damages, costs and expenses (including reasonable attorneys fees) arising out of or accruing from (a) your use of the SDK, (b) any application you develop on the SDK that infringes any copyright, trademark, trade secret, trade dress, patent or other intellectual property right of any person or defames any person or violates their rights of publicity or privacy, and (c) any non-compliance by you with the License Agreement.
2025-08-23T13:51:50.1695425Z 
2025-08-23T13:51:50.1695430Z 
2025-08-23T13:51:50.1695584Z 13. Changes to the License Agreement
2025-08-23T13:51:50.1695747Z 
2025-08-23T13:51:50.1696602Z 13.1 Google may make changes to the License Agreement as it distributes new versions of the SDK. When these changes are made, Google will make a new version of the License Agreement available on the website where the SDK is made available.
2025-08-23T13:51:50.1697311Z 
2025-08-23T13:51:50.1697316Z 
2025-08-23T13:51:50.1697404Z 14. General Legal Terms
2025-08-23T13:51:50.1697533Z 
2025-08-23T13:51:50.1698669Z 14.1 The License Agreement constitutes the whole legal agreement between you and Google and governs your use of the SDK (excluding any services which Google may provide to you under a separate written agreement), and completely replaces any prior agreements between you and Google in relation to the SDK.
2025-08-23T13:51:50.1699792Z 
2025-08-23T13:51:50.1701105Z 14.2 You agree that if Google does not exercise or enforce any legal right or remedy which is contained in the License Agreement (or which Google has the benefit of under any applicable law), this will not be taken to be a formal waiver of Google's rights and that those rights or remedies will still be available to Google.
2025-08-23T13:51:50.1702041Z 
2025-08-23T13:51:50.1703436Z 14.3 If any court of law, having the jurisdiction to decide on this matter, rules that any provision of the License Agreement is invalid, then that provision will be removed from the License Agreement without affecting the rest of the License Agreement. The remaining provisions of the License Agreement will continue to be valid and enforceable.
2025-08-23T13:51:50.1705247Z 
2025-08-23T13:51:50.1707086Z 14.4 You acknowledge and agree that each member of the group of companies of which Google is the parent shall be third party beneficiaries to the License Agreement and that such other companies shall be entitled to directly enforce, and rely upon, any provision of the License Agreement that confers a benefit on (or rights in favor of) them. Other than this, no other person or company shall be third party beneficiaries to the License Agreement.
2025-08-23T13:51:50.1708424Z 
2025-08-23T13:51:50.1709418Z 14.5 EXPORT RESTRICTIONS. THE SDK IS SUBJECT TO UNITED STATES EXPORT LAWS AND REGULATIONS. YOU MUST COMPLY WITH ALL DOMESTIC AND INTERNATIONAL EXPORT LAWS AND REGULATIONS THAT APPLY TO THE SDK. THESE LAWS INCLUDE RESTRICTIONS ON DESTINATIONS, END USERS AND END USE.
2025-08-23T13:51:50.1710490Z 
2025-08-23T13:51:50.1711771Z 14.6 The rights granted in the License Agreement may not be assigned or transferred by either you or Google without the prior written approval of the other party. Neither you nor Google shall be permitted to delegate their responsibilities or obligations under the License Agreement without the prior written approval of the other party.
2025-08-23T13:51:50.1712927Z 
2025-08-23T13:51:50.1715654Z 14.7 The License Agreement, and your relationship with Google under the License Agreement, shall be governed by the laws of the State of California without regard to its conflict of laws provisions. You and Google agree to submit to the exclusive jurisdiction of the courts located within the county of Santa Clara, California to resolve any legal matter arising from the License Agreement. Notwithstanding this, you agree that Google shall still be allowed to apply for injunctive remedies (or an equivalent type of urgent legal relief) in any jurisdiction.
2025-08-23T13:51:50.1717495Z 
2025-08-23T13:51:50.1717502Z 
2025-08-23T13:51:50.1717589Z January 16, 2019
2025-08-23T13:51:50.1717831Z ---------------------------------------
2025-08-23T13:51:50.1718097Z Accept? (y/N): 
2025-08-23T13:51:50.1718355Z 4/6: License android-sdk-preview-license:
2025-08-23T13:51:50.1718664Z ---------------------------------------
2025-08-23T13:51:50.1720504Z To get started with the Android SDK Preview, you must agree to the following terms and conditions. As described below, please note that this is a preview version of the Android SDK, subject to change, that you use at your own risk. The Android SDK Preview is not a stable release, and may contain errors and defects that can result in serious damage to your computer systems, devices and data.
2025-08-23T13:51:50.1721648Z 
2025-08-23T13:51:50.1721911Z This is the Android SDK Preview License Agreement (the "License Agreement").
2025-08-23T13:51:50.1722186Z 
2025-08-23T13:51:50.1722260Z 1. Introduction
2025-08-23T13:51:50.1722374Z 
2025-08-23T13:51:50.1724183Z 1.1 The Android SDK Preview (referred to in the License Agreement as the “Preview” and specifically including the Android system files, packaged APIs, and Preview library files, if and when they are made available) is licensed to you subject to the terms of the License Agreement. The License Agreement forms a legally binding contract between you and Google in relation to your use of the Preview.
2025-08-23T13:51:50.1725376Z 
2025-08-23T13:51:50.1726208Z 1.2 "Android" means the Android software stack for devices, as made available under the Android Open Source Project, which is located at the following URL: http://source.android.com/, as updated from time to time.
2025-08-23T13:51:50.1726868Z 
2025-08-23T13:51:50.1727443Z 1.3 "Google" means Google Inc., a Delaware corporation with principal place of business at 1600 Amphitheatre Parkway, Mountain View, CA 94043, United States.
2025-08-23T13:51:50.1727936Z 
2025-08-23T13:51:50.1728059Z 2. Accepting the License Agreement
2025-08-23T13:51:50.1728224Z 
2025-08-23T13:51:50.1728734Z 2.1 In order to use the Preview, you must first agree to the License Agreement. You may not use the Preview if you do not accept the License Agreement.
2025-08-23T13:51:50.1729183Z 
2025-08-23T13:51:50.1729549Z 2.2 By clicking to accept and/or using the Preview, you hereby agree to the terms of the License Agreement.
2025-08-23T13:51:50.1730076Z 
2025-08-23T13:51:50.1731178Z 2.3 You may not use the Preview and may not accept the License Agreement if you are a person barred from receiving the Preview under the laws of the United States or other countries including the country in which you are resident or from which you use the Preview.
2025-08-23T13:51:50.1731972Z 
2025-08-23T13:51:50.1733596Z 2.4 If you will use the Preview internally within your company or organization you agree to be bound by the License Agreement on behalf of your employer or other entity, and you represent and warrant that you have full legal authority to bind your employer or such entity to the License Agreement. If you do not have the requisite authority, you may not accept the License Agreement or use the Preview on behalf of your employer or other entity.
2025-08-23T13:51:50.1734877Z 
2025-08-23T13:51:50.1734997Z 3. Preview License from Google
2025-08-23T13:51:50.1735151Z 
2025-08-23T13:51:50.1736325Z 3.1 Subject to the terms of the License Agreement, Google grants you a royalty-free, non-assignable, non-exclusive, non-sublicensable, limited, revocable license to use the Preview, personally or internally within your company or organization, solely to develop applications to run on the Android platform.
2025-08-23T13:51:50.1737405Z 
2025-08-23T13:51:50.1738903Z 3.2 You agree that Google or third parties owns all legal right, title and interest in and to the Preview, including any Intellectual Property Rights that subsist in the Preview. "Intellectual Property Rights" means any and all rights under patent law, copyright law, trade secret law, trademark law, and any and all other proprietary rights. Google reserves all rights not expressly granted to you.
2025-08-23T13:51:50.1740329Z 
2025-08-23T13:51:50.1742564Z 3.3 You may not use the Preview for any purpose not expressly permitted by the License Agreement. Except to the extent required by applicable third party licenses, you may not: (a) copy (except for backup purposes), modify, adapt, redistribute, decompile, reverse engineer, disassemble, or create derivative works of the Preview or any part of the Preview; or (b) load any part of the Preview onto a mobile handset or any other hardware device except a personal computer, combine any part of the Preview with other software, or distribute any software or device incorporating a part of the Preview.
2025-08-23T13:51:50.1744312Z 
2025-08-23T13:51:50.1745248Z 3.4 You agree that you will not take any actions that may cause or result in the fragmentation of Android, including but not limited to distributing, participating in the creation of, or promoting in any way a software development kit derived from the Preview.
2025-08-23T13:51:50.1746033Z 
2025-08-23T13:51:50.1747624Z 3.5 Use, reproduction and distribution of components of the Preview licensed under an open source software license are governed solely by the terms of that open source software license and not the License Agreement. You agree to remain a licensee in good standing in regard to such open source software licenses under all the rights granted and to refrain from any actions that may terminate, suspend, or breach such rights.
2025-08-23T13:51:50.1748880Z 
2025-08-23T13:51:50.1750786Z 3.6 You agree that the form and nature of the Preview that Google provides may change without prior notice to you and that future versions of the Preview may be incompatible with applications developed on previous versions of the Preview. You agree that Google may stop (permanently or temporarily) providing the Preview (or any features within the Preview) to you or to users generally at Google's sole discretion, without prior notice to you.
2025-08-23T13:51:50.1752119Z 
2025-08-23T13:51:50.1752751Z 3.7 Nothing in the License Agreement gives you a right to use any of Google's trade names, trademarks, service marks, logos, domain names, or other distinctive brand features.
2025-08-23T13:51:50.1753278Z 
2025-08-23T13:51:50.1753968Z 3.8 You agree that you will not remove, obscure, or alter any proprietary rights notices (including copyright and trademark notices) that may be affixed to or contained within the Preview.
2025-08-23T13:51:50.1754553Z 
2025-08-23T13:51:50.1754652Z 4. Use of the Preview by You
2025-08-23T13:51:50.1754798Z 
2025-08-23T13:51:50.1756093Z 4.1 Google agrees that nothing in the License Agreement gives Google any right, title or interest from you (or your licensors) under the License Agreement in or to any software applications that you develop using the Preview, including any intellectual property rights that subsist in those applications.
2025-08-23T13:51:50.1757043Z 
2025-08-23T13:51:50.1758388Z 4.2 You agree to use the Preview and write applications only for purposes that are permitted by (a) the License Agreement, and (b) any applicable law, regulation or generally accepted practices or guidelines in the relevant jurisdictions (including any laws regarding the export of data or software to and from the United States or other relevant countries).
2025-08-23T13:51:50.1759465Z 
2025-08-23T13:51:50.1762517Z 4.3 You agree that if you use the Preview to develop applications, you will protect the privacy and legal rights of users. If users provide you with user names, passwords, or other login information or personal information, you must make the users aware that the information will be available to your application, and you must provide legally adequate privacy notice and protection for those users. If your application stores personal or sensitive information provided by users, it must do so securely. If users provide you with Google Account information, your application may only use that information to access the user's Google Account when, and for the limited purposes for which, each user has given you permission to do so.
2025-08-23T13:51:50.1764809Z 
2025-08-23T13:51:50.1765919Z 4.4 You agree that you will not engage in any activity with the Preview, including the development or distribution of an application, that interferes with, disrupts, damages, or accesses in an unauthorized manner the servers, networks, or other properties or services of Google or any third party.
2025-08-23T13:51:50.1766819Z 
2025-08-23T13:51:50.1768106Z 4.5 You agree that you are solely responsible for (and that Google has no responsibility to you or to any third party for) any data, content, or resources that you create, transmit or display through Android and/or applications for Android, and for the consequences of your actions (including any loss or damage which Google may suffer) by doing so.
2025-08-23T13:51:50.1769133Z 
2025-08-23T13:51:50.1770810Z 4.6 You agree that you are solely responsible for (and that Google has no responsibility to you or to any third party for) any breach of your obligations under the License Agreement, any applicable third party contract or Terms of Service, or any applicable law or regulation, and for the consequences (including any loss or damage which Google or any third party may suffer) of any such breach.
2025-08-23T13:51:50.1771975Z 
2025-08-23T13:51:50.1773789Z 4.7 The Preview is in development, and your testing and feedback are an important part of the development process. By using the Preview, you acknowledge that implementation of some features are still under development and that you should not rely on the Preview having the full functionality of a stable release. You agree not to publicly distribute or ship any application using this Preview as this Preview will no longer be supported after the official Android SDK is released.
2025-08-23T13:51:50.1775227Z 
2025-08-23T13:51:50.1775337Z 5. Your Developer Credentials
2025-08-23T13:51:50.1775490Z 
2025-08-23T13:51:50.1775767Z yes: standard output: Broken pipe
2025-08-23T13:51:50.1776988Z 5.1 You agree that you are responsible for maintaining the confidentiality of any developer credentials that may be issued to you by Google or which you may choose yourself and that you will be solely responsible for all applications that are developed under your developer credentials.
2025-08-23T13:51:50.1777861Z 
2025-08-23T13:51:50.1777966Z 6. Privacy and Information
2025-08-23T13:51:50.1778104Z 
2025-08-23T13:51:50.1780304Z 6.1 In order to continually innovate and improve the Preview, Google may collect certain usage statistics from the software including but not limited to a unique identifier, associated IP address, version number of the software, and information on which tools and/or services in the Preview are being used and how they are being used. Before any of this information is collected, the Preview will notify you and seek your consent. If you withhold consent, the information will not be collected.
2025-08-23T13:51:50.1781801Z 
2025-08-23T13:51:50.1782507Z 6.2 The data collected is examined in the aggregate to improve the Preview and is maintained in accordance with Google's Privacy Policy located at http://www.google.com/policies/privacy/.
2025-08-23T13:51:50.1783105Z 
2025-08-23T13:51:50.1783205Z 7. Third Party Applications
2025-08-23T13:51:50.1783345Z 
2025-08-23T13:51:50.1785568Z 7.1 If you use the Preview to run applications developed by a third party or that access data, content or resources provided by a third party, you agree that Google is not responsible for those applications, data, content, or resources. You understand that all data, content or resources which you may access through such third party applications are the sole responsibility of the person from which they originated and that Google is not liable for any loss or damage that you may experience as a result of the use or access of any of those third party applications, data, content, or resources.
2025-08-23T13:51:50.1787413Z 
2025-08-23T13:51:50.1789212Z 7.2 You should be aware the data, content, and resources presented to you through such a third party application may be protected by intellectual property rights which are owned by the providers (or by other persons or companies on their behalf). You may not modify, rent, lease, loan, sell, distribute or create derivative works based on these data, content, or resources (either in whole or in part) unless you have been specifically given permission to do so by the relevant owners.
2025-08-23T13:51:50.1790894Z 
2025-08-23T13:51:50.1791519Z 7.3 You acknowledge that your use of such third party applications, data, content, or resources may be subject to separate terms between you and the relevant third party.
2025-08-23T13:51:50.1792058Z 
2025-08-23T13:51:50.1792151Z 8. Using Google APIs
2025-08-23T13:51:50.1792271Z 
2025-08-23T13:51:50.1792342Z 8.1 Google APIs
2025-08-23T13:51:50.1792456Z 
2025-08-23T13:51:50.1794294Z 8.1.1 If you use any API to retrieve data from Google, you acknowledge that the data may be protected by intellectual property rights which are owned by Google or those parties that provide the data (or by other persons or companies on their behalf). Your use of any such API may be subject to additional Terms of Service. You may not modify, rent, lease, loan, sell, distribute or create derivative works based on this data (either in whole or in part) unless allowed by the relevant Terms of Service.
2025-08-23T13:51:50.1795744Z 
2025-08-23T13:51:50.1796655Z 8.1.2 If you use any API to retrieve a user's data from Google, you acknowledge and agree that you shall retrieve data only with the user's explicit consent and only when, and for the limited purposes for which, the user has given you permission to do so.
2025-08-23T13:51:50.1797410Z 
2025-08-23T13:51:50.1797539Z 9. Terminating the License Agreement
2025-08-23T13:51:50.1797703Z 
2025-08-23T13:51:50.1798092Z 9.1 the License Agreement will continue to apply until terminated by either you or Google as set out below.
2025-08-23T13:51:50.1798455Z 
2025-08-23T13:51:50.1798930Z 9.2 If you want to terminate the License Agreement, you may do so by ceasing your use of the Preview and any relevant developer credentials.
2025-08-23T13:51:50.1799360Z 
2025-08-23T13:51:50.1799819Z 9.3 Google may at any time, terminate the License Agreement, with or without cause, upon notice to you.
2025-08-23T13:51:50.1800157Z 
2025-08-23T13:51:50.1801507Z 9.4 The License Agreement will automatically terminate without notice or other action upon the earlier of: (A) when Google ceases to provide the Preview or certain parts of the Preview to users in the country in which you are resident or from which you use the service; and (B) Google issues a final release version of the Android SDK.
2025-08-23T13:51:50.1802487Z 
2025-08-23T13:51:50.1803381Z 9.5 When the License Agreement is terminated, the license granted to you in the License Agreement will terminate, you will immediately cease all use of the Preview, and the provisions of paragraphs 10, 11, 12 and 14 shall survive indefinitely.
2025-08-23T13:51:50.1804115Z 
2025-08-23T13:51:50.1804185Z 10. DISCLAIMERS
2025-08-23T13:51:50.1804295Z 
2025-08-23T13:51:50.1804956Z 10.1 YOU EXPRESSLY UNDERSTAND AND AGREE THAT YOUR USE OF THE PREVIEW IS AT YOUR SOLE RISK AND THAT THE PREVIEW IS PROVIDED "AS IS" AND "AS AVAILABLE" WITHOUT WARRANTY OF ANY KIND FROM GOOGLE.
2025-08-23T13:51:50.1805517Z 
2025-08-23T13:51:50.1807598Z 10.2 YOUR USE OF THE PREVIEW AND ANY MATERIAL DOWNLOADED OR OTHERWISE OBTAINED THROUGH THE USE OF THE PREVIEW IS AT YOUR OWN DISCRETION AND RISK AND YOU ARE SOLELY RESPONSIBLE FOR ANY DAMAGE TO YOUR COMPUTER SYSTEM OR OTHER DEVICE OR LOSS OF DATA THAT RESULTS FROM SUCH USE. WITHOUT LIMITING THE FOREGOING, YOU UNDERSTAND THAT THE PREVIEW IS NOT A STABLE RELEASE AND MAY CONTAIN ERRORS, DEFECTS AND SECURITY VULNERABILITIES THAT CAN RESULT IN SIGNIFICANT DAMAGE, INCLUDING THE COMPLETE, IRRECOVERABLE LOSS OF USE OF YOUR COMPUTER SYSTEM OR OTHER DEVICE.
2025-08-23T13:51:50.1809343Z 
2025-08-23T13:51:50.1810402Z 10.3 GOOGLE FURTHER EXPRESSLY DISCLAIMS ALL WARRANTIES AND CONDITIONS OF ANY KIND, WHETHER EXPRESS OR IMPLIED, INCLUDING, BUT NOT LIMITED TO THE IMPLIED WARRANTIES AND CONDITIONS OF MERCHANTABILITY, FITNESS FOR A PARTICULAR PURPOSE AND NON-INFRINGEMENT.
2025-08-23T13:51:50.1811211Z 
2025-08-23T13:51:50.1811310Z 11. LIMITATION OF LIABILITY
2025-08-23T13:51:50.1811447Z 
2025-08-23T13:51:50.1813094Z 11.1 YOU EXPRESSLY UNDERSTAND AND AGREE THAT GOOGLE, ITS SUBSIDIARIES AND AFFILIATES, AND ITS LICENSORS SHALL NOT BE LIABLE TO YOU UNDER ANY THEORY OF LIABILITY FOR ANY DIRECT, INDIRECT, INCIDENTAL, SPECIAL, CONSEQUENTIAL OR EXEMPLARY DAMAGES THAT MAY BE INCURRED BY YOU, INCLUDING ANY LOSS OF DATA, WHETHER OR NOT GOOGLE OR ITS REPRESENTATIVES HAVE BEEN ADVISED OF OR SHOULD HAVE BEEN AWARE OF THE POSSIBILITY OF ANY SUCH LOSSES ARISING.
2025-08-23T13:51:50.1814399Z 
2025-08-23T13:51:50.1814483Z 12. Indemnification
2025-08-23T13:51:50.1814602Z 
2025-08-23T13:51:50.1817516Z 12.1 To the maximum extent permitted by law, you agree to defend, indemnify and hold harmless Google, its affiliates and their respective directors, officers, employees and agents from and against any and all claims, actions, suits or proceedings, as well as any and all losses, liabilities, damages, costs and expenses (including reasonable attorneys’ fees) arising out of or accruing from (a) your use of the Preview, (b) any application you develop on the Preview that infringes any Intellectual Property Rights of any person or defames any person or violates their rights of publicity or privacy, and (c) any non-compliance by you of the License Agreement.
2025-08-23T13:51:50.1819460Z 
2025-08-23T13:51:50.1819589Z 13. Changes to the License Agreement
2025-08-23T13:51:50.1819945Z 
2025-08-23T13:51:50.1820873Z 13.1 Google may make changes to the License Agreement as it distributes new versions of the Preview. When these changes are made, Google will make a new version of the License Agreement available on the website where the Preview is made available.
2025-08-23T13:51:50.1821623Z 
2025-08-23T13:51:50.1821719Z 14. General Legal Terms
2025-08-23T13:51:50.1821842Z 
2025-08-23T13:51:50.1823067Z 14.1 the License Agreement constitutes the whole legal agreement between you and Google and governs your use of the Preview (excluding any services which Google may provide to you under a separate written agreement), and completely replaces any prior agreements between you and Google in relation to the Preview.
2025-08-23T13:51:50.1824043Z 
2025-08-23T13:51:50.1825328Z 14.2 You agree that if Google does not exercise or enforce any legal right or remedy which is contained in the License Agreement (or which Google has the benefit of under any applicable law), this will not be taken to be a formal waiver of Google's rights and that those rights or remedies will still be available to Google.
2025-08-23T13:51:50.1826288Z 
2025-08-23T13:51:50.1827567Z 14.3 If any court of law, having the jurisdiction to decide on this matter, rules that any provision of the License Agreement is invalid, then that provision will be removed from the License Agreement without affecting the rest of the License Agreement. The remaining provisions of the License Agreement will continue to be valid and enforceable.
2025-08-23T13:51:50.1828626Z 
2025-08-23T13:51:50.1830518Z 14.4 You acknowledge and agree that each member of the group of companies of which Google is the parent shall be third party beneficiaries to the License Agreement and that such other companies shall be entitled to directly enforce, and rely upon, any provision of the License Agreement that confers a benefit on (or rights in favor of) them. Other than this, no other person or company shall be third party beneficiaries to the License Agreement.
2025-08-23T13:51:50.1831990Z 
2025-08-23T13:51:50.1833031Z 14.5 EXPORT RESTRICTIONS. THE PREVIEW IS SUBJECT TO UNITED STATES EXPORT LAWS AND REGULATIONS. YOU MUST COMPLY WITH ALL DOMESTIC AND INTERNATIONAL EXPORT LAWS AND REGULATIONS THAT APPLY TO THE PREVIEW. THESE LAWS INCLUDE RESTRICTIONS ON DESTINATIONS, END USERS AND END USE.
2025-08-23T13:51:50.1833889Z 
2025-08-23T13:51:50.1835074Z 14.6 The License Agreement may not be assigned or transferred by you without the prior written approval of Google, and any attempted assignment without such approval will be void. You shall not delegate your responsibilities or obligations under the License Agreement without the prior written approval of Google.
2025-08-23T13:51:50.1836054Z 
2025-08-23T13:51:50.1838162Z 14.7 The License Agreement, and your relationship with Google under the License Agreement, shall be governed by the laws of the State of California without regard to its conflict of laws provisions. You and Google agree to submit to the exclusive jurisdiction of the courts located within the county of Santa Clara, California to resolve any legal matter arising from the License Agreement. Notwithstanding this, you agree that Google shall still be allowed to apply for injunctive remedies (or an equivalent type of urgent legal relief) in any jurisdiction.
2025-08-23T13:51:50.1840160Z 
2025-08-23T13:51:50.1840241Z June 2014.
2025-08-23T13:51:50.1840469Z ---------------------------------------
2025-08-23T13:51:50.1840698Z Accept? (y/N): 
2025-08-23T13:51:50.1840942Z 5/6: License google-gdk-license:
2025-08-23T13:51:50.1841207Z ---------------------------------------
2025-08-23T13:51:50.1841575Z This is a Developer Preview of the GDK that is subject to change.
2025-08-23T13:51:50.1841811Z 
2025-08-23T13:51:50.1841902Z Terms and Conditions
2025-08-23T13:51:50.1842020Z 
2025-08-23T13:51:50.1842186Z This is the Glass Development Kit License Agreement.
2025-08-23T13:51:50.1842395Z 
2025-08-23T13:51:50.1842466Z 1. Introduction
2025-08-23T13:51:50.1842574Z 
2025-08-23T13:51:50.1844039Z 1.1 The Glass Development Kit (referred to in this License Agreement as the "GDK" and specifically including the Android system files, packaged APIs, and GDK library files, if and when they are made available) is licensed to you subject to the terms of this License Agreement. This License Agreement forms a legally binding contract between you and Google in relation to your use of the GDK.
2025-08-23T13:51:50.1845196Z 
2025-08-23T13:51:50.1845487Z 1.2 "Glass" means Glass devices and the Glass software stack for use on Glass devices.
2025-08-23T13:51:50.1845776Z 
2025-08-23T13:51:50.1845782Z 
2025-08-23T13:51:50.1846562Z 1.3 "Android" means the Android software stack for devices, as made available under the Android Open Source Project, which is located at the following URL: http://source.android.com/, as updated from time to time.
2025-08-23T13:51:50.1847225Z 
2025-08-23T13:51:50.1847920Z 1.4 "Google" means Google Inc., a Delaware corporation with principal place of business at 1600 Amphitheatre Parkway, Mountain View, CA 94043, United States.
2025-08-23T13:51:50.1848447Z 
2025-08-23T13:51:50.1848577Z 2. Accepting this License Agreement
2025-08-23T13:51:50.1848739Z 
2025-08-23T13:51:50.1849234Z 2.1 In order to use the GDK, you must first agree to this License Agreement. You may not use the GDK if you do not accept this License Agreement.
2025-08-23T13:51:50.1849934Z 
2025-08-23T13:51:50.1850226Z 2.2 By clicking to accept, you hereby agree to the terms of this License Agreement.
2025-08-23T13:51:50.1850528Z 
2025-08-23T13:51:50.1851663Z 2.3 You may not use the GDK and may not accept the License Agreement if you are a person barred from receiving the GDK under the laws of the United States or other countries including the country in which you are resident or from which you use the GDK.
2025-08-23T13:51:50.1852414Z 
2025-08-23T13:51:50.1853771Z 2.4 If you are agreeing to be bound by this License Agreement on behalf of your employer or other entity, you represent and warrant that you have full legal authority to bind your employer or such entity to this License Agreement. If you do not have the requisite authority, you may not accept the License Agreement or use the GDK on behalf of your employer or other entity.
2025-08-23T13:51:50.1855004Z 
2025-08-23T13:51:50.1855104Z 3. GDK License from Google
2025-08-23T13:51:50.1855237Z 
2025-08-23T13:51:50.1856132Z 3.1 Subject to the terms of this License Agreement, Google grants you a limited, worldwide, royalty-free, non-assignable and non-exclusive license to use the GDK solely to develop applications to run on the Glass platform for Glass devices.
2025-08-23T13:51:50.1856879Z 
2025-08-23T13:51:50.1858333Z 3.2 You agree that Google or third parties own all legal right, title and interest in and to the GDK, including any Intellectual Property Rights that subsist in the GDK. "Intellectual Property Rights" means any and all rights under patent law, copyright law, trade secret law, trademark law, and any and all other proprietary rights. Google reserves all rights not expressly granted to you.
2025-08-23T13:51:50.1859502Z 
2025-08-23T13:51:50.1861929Z 3.3 You may not use the GDK for any purpose not expressly permitted by this License Agreement. Except to the extent required by applicable third party licenses, you may not: (a) copy (except for backup purposes), modify, adapt, redistribute, decompile, reverse engineer, disassemble, or create derivative works of the GDK or any part of the GDK; or (b) load any part of the GDK onto a mobile handset or wearable computing device or any other hardware device except a Glass device personal computer, combine any part of the GDK with other software, or distribute any software or device incorporating a part of the GDK.
2025-08-23T13:51:50.1863717Z 
2025-08-23T13:51:50.1864629Z 3.4 You agree that you will not take any actions that may cause or result in the fragmentation of Glass, including but not limited to distributing, participating in the creation of, or promoting in any way a software development kit derived from the GDK.
2025-08-23T13:51:50.1865398Z 
2025-08-23T13:51:50.1866173Z 3.5 Use, reproduction and distribution of components of the GDK licensed under an open source software license are governed solely by the terms of that open source software license and not this License Agreement.
2025-08-23T13:51:50.1866836Z 
2025-08-23T13:51:50.1868393Z 3.6 You agree that the form and nature of the GDK that Google provides may change without prior notice to you and that future versions of the GDK may be incompatible with applications developed on previous versions of the GDK. You agree that Google may stop (permanently or temporarily) providing the GDK (or any features within the GDK) to you or to users generally at Google's sole discretion, without prior notice to you.
2025-08-23T13:51:50.1869716Z 
2025-08-23T13:51:50.1870332Z 3.7 Nothing in this License Agreement gives you a right to use any of Google's trade names, trademarks, service marks, logos, domain names, or other distinctive brand features.
2025-08-23T13:51:50.1870871Z 
2025-08-23T13:51:50.1871666Z 3.8 You agree that you will not remove, obscure, or alter any proprietary rights notices (including copyright and trademark notices) that may be affixed to or contained within the GDK.
2025-08-23T13:51:50.1872256Z 
2025-08-23T13:51:50.1872262Z 
2025-08-23T13:51:50.1873622Z 3.9 Your use of any Android system files, packaged APIs, or other components of the GDK which are part of the Android Software Development Kit is subject to the terms of the Android Software Development Kit License Agreement located at http://developer.android.com/sdk/terms.html. These terms are hereby incorporated by reference into this License Agreement.
2025-08-23T13:51:50.1874712Z 
2025-08-23T13:51:50.1874810Z 4. Use of the GDK by You
2025-08-23T13:51:50.1874940Z 
2025-08-23T13:51:50.1875921Z 4.1 Google agrees that it obtains no right, title or interest from you (or your licensors) under this License Agreement in or to any software applications that you develop using the GDK, including any intellectual property rights that subsist in those applications.
2025-08-23T13:51:50.1876903Z 
2025-08-23T13:51:50.1878906Z 4.2 You agree to use the GDK and write applications only for purposes that are permitted by (a) this License Agreement, (b) the Glass Platform Developer Policies (located at https://developers.google.com/glass/policies, and hereby incorporated into this License Agreement by reference), and (c) any applicable law, regulation or generally accepted practices or guidelines in the relevant jurisdictions (including any laws regarding the export of data or software to and from the United States or other relevant countries).
2025-08-23T13:51:50.1880592Z 
2025-08-23T13:51:50.1883565Z 4.3 You agree that if you use the GDK to develop applications for general public users, you will protect the privacy and legal rights of those users. If the users provide you with user names, passwords, or other login information or personal information, you must make the users aware that the information will be available to your application, and you must provide legally adequate privacy notice and protection for those users. If your application stores personal or sensitive information provided by users, it must do so securely. If the user provides your application with Google Account information, your application may only use that information to access the user's Google Account when, and for the limited purposes for which, the user has given you permission to do so.
2025-08-23T13:51:50.1905570Z 
2025-08-23T13:51:50.1906990Z 4.4 You agree that you will not engage in any activity with the GDK, including the development or distribution of an application, that interferes with, disrupts, damages, or accesses in an unauthorized manner the servers, networks, or other properties or services of any third party including, but not limited to, Google.
2025-08-23T13:51:50.1907981Z 
2025-08-23T13:51:50.1909262Z 4.5 You agree that you are solely responsible for (and that Google has no responsibility to you or to any third party for) any data, content, or resources that you create, transmit or display through Glass and/or applications for Glass, and for the consequences of your actions (including any loss or damage which Google may suffer) by doing so.
2025-08-23T13:51:50.1910520Z 
2025-08-23T13:51:50.1911990Z 4.6 You agree that you are solely responsible for (and that Google has no responsibility to you or to any third party for) any breach of your obligations under this License Agreement, any applicable third party contract or Terms of Service, or any applicable law or regulation, and for the consequences (including any loss or damage which Google or any third party may suffer) of any such breach.
2025-08-23T13:51:50.1913147Z 
2025-08-23T13:51:50.1913152Z 
2025-08-23T13:51:50.1915009Z 4.7 The GDK is in development, and your testing and feedback are an important part of the development process. By using the GDK, you acknowledge that implementation of some features are still under development and that you should not rely on the GDK, Glass devices, Glass system software, Google Mirror API, or Glass services having the full functionality of a stable release.
2025-08-23T13:51:50.1916790Z 
2025-08-23T13:51:50.1917023Z 5. Your Developer Credentials
2025-08-23T13:51:50.1917298Z 
2025-08-23T13:51:50.1919292Z 5.1 You agree that you are responsible for maintaining the confidentiality of any developer credentials that may be issued to you by Google or which you may choose yourself and that you will be solely responsible for all applications that are developed under your developer credentials.
2025-08-23T13:51:50.1920656Z 
2025-08-23T13:51:50.1920778Z 6. Privacy and Information
2025-08-23T13:51:50.1920928Z 
2025-08-23T13:51:50.1920935Z 
2025-08-23T13:51:50.1923232Z 6.1 In order to continually innovate and improve the GDK, Google may collect certain usage statistics from the software including but not limited to a unique identifier, associated IP address, version number of the software, and information on which tools and/or services in the GDK are being used and how they are being used. Before any of this information is collected, the GDK will notify you and seek your consent. If you withhold consent, the information will not be collected.
2025-08-23T13:51:50.1926077Z 
2025-08-23T13:51:50.1926608Z 6.2 The data collected is examined in the aggregate to improve the GDK and is maintained in accordance with Google's Privacy Policy.
2025-08-23T13:51:50.1927041Z 
2025-08-23T13:51:50.1927159Z 7. Third Party Applications
2025-08-23T13:51:50.1927312Z 
2025-08-23T13:51:50.1929532Z 7.1 If you use the GDK to run applications developed by a third party or that access data, content or resources provided by a third party, you agree that Google is not responsible for those applications, data, content, or resources. You understand that all data, content or resources which you may access through such third party applications are the sole responsibility of the person from which they originated and that Google is not liable for any loss or damage that you may experience as a result of the use or access of any of those third party applications, data, content, or resources.
2025-08-23T13:51:50.1931434Z 
2025-08-23T13:51:50.1933231Z 7.2 You should be aware the data, content, and resources presented to you through such a third party application may be protected by intellectual property rights which are owned by the providers (or by other persons or companies on their behalf). You may not modify, rent, lease, loan, sell, distribute or create derivative works based on these data, content, or resources (either in whole or in part) unless you have been specifically given permission to do so by the relevant owners.
2025-08-23T13:51:50.1934633Z 
2025-08-23T13:51:50.1935645Z 7.3 You acknowledge that your use of such third party applications, data, content, or resources may be subject to separate terms between you and the relevant third party. In that case, this License Agreement does not affect your legal relationship with these third parties.
2025-08-23T13:51:50.1936463Z 
2025-08-23T13:51:50.1936553Z 8. Using Google APIs
2025-08-23T13:51:50.1936691Z 
2025-08-23T13:51:50.1936764Z 8.1 Google APIs
2025-08-23T13:51:50.1936872Z 
2025-08-23T13:51:50.1938692Z 8.1.1 If you use any API to retrieve data from Google, you acknowledge that the data may be protected by intellectual property rights which are owned by Google or those parties that provide the data (or by other persons or companies on their behalf). Your use of any such API may be subject to additional Terms of Service. You may not modify, rent, lease, loan, sell, distribute or create derivative works based on this data (either in whole or in part) unless allowed by the relevant Terms of Service.
2025-08-23T13:51:50.1940362Z 
2025-08-23T13:51:50.1941273Z 8.1.2 If you use any API to retrieve a user's data from Google, you acknowledge and agree that you shall retrieve data only with the user's explicit consent and only when, and for the limited purposes for which, the user has given you permission to do so.
2025-08-23T13:51:50.1942012Z 
2025-08-23T13:51:50.1942346Z 9. Terminating this License Agreement
2025-08-23T13:51:50.1942693Z 
2025-08-23T13:51:50.1943286Z 9.1 This License Agreement will continue to apply until terminated by either you or Google as set out below.
2025-08-23T13:51:50.1943684Z 
2025-08-23T13:51:50.1944508Z 9.2 If you want to terminate this License Agreement, you may do so by ceasing your use of the GDK and any relevant developer credentials.
2025-08-23T13:51:50.1944946Z 
2025-08-23T13:51:50.1947301Z 9.3 Google may at any time, terminate this License Agreement with you if: (A) you have breached any provision of this License Agreement; or (B) Google is required to do so by law; or (C) the partner with whom Google offered certain parts of GDK (such as APIs) to you has terminated its relationship with Google or ceased to offer certain parts of the GDK to you; or (D) Google decides to no longer provide the GDK or certain parts of the GDK to users in the country in which you are resident or from which you use the service, or the provision of the GDK or certain GDK services to you by Google is, in Google's sole discretion, no longer commercially viable.
2025-08-23T13:51:50.1950237Z 
2025-08-23T13:51:50.1952926Z 9.4 When this License Agreement comes to an end, all of the legal rights, obligations and liabilities that you and Google have benefited from, been subject to (or which have accrued over time whilst this License Agreement has been in force) or which are expressed to continue indefinitely, shall be unaffected by this cessation, and the provisions of paragraph 14.7 shall continue to apply to such rights, obligations and liabilities indefinitely.
2025-08-23T13:51:50.1954829Z 
2025-08-23T13:51:50.1954968Z 10. DISCLAIMER OF WARRANTIES
2025-08-23T13:51:50.1955124Z 
2025-08-23T13:51:50.1955761Z 10.1 YOU EXPRESSLY UNDERSTAND AND AGREE THAT YOUR USE OF THE GDK IS AT YOUR SOLE RISK AND THAT THE GDK IS PROVIDED "AS IS" AND "AS AVAILABLE" WITHOUT WARRANTY OF ANY KIND FROM GOOGLE.
2025-08-23T13:51:50.1956285Z 
2025-08-23T13:51:50.1957240Z 10.2 YOUR USE OF THE GDK AND ANY MATERIAL DOWNLOADED OR OTHERWISE OBTAINED THROUGH THE USE OF THE GDK IS AT YOUR OWN DISCRETION AND RISK AND YOU ARE SOLELY RESPONSIBLE FOR ANY DAMAGE TO YOUR COMPUTER SYSTEM OR OTHER DEVICE OR LOSS OF DATA THAT RESULTS FROM SUCH USE.
2025-08-23T13:51:50.1958031Z 
2025-08-23T13:51:50.1958992Z 10.3 GOOGLE FURTHER EXPRESSLY DISCLAIMS ALL WARRANTIES AND CONDITIONS OF ANY KIND, WHETHER EXPRESS OR IMPLIED, INCLUDING, BUT NOT LIMITED TO THE IMPLIED WARRANTIES AND CONDITIONS OF MERCHANTABILITY, FITNESS FOR A PARTICULAR PURPOSE AND NON-INFRINGEMENT.
2025-08-23T13:51:50.1960011Z 
2025-08-23T13:51:50.1960116Z 11. LIMITATION OF LIABILITY
2025-08-23T13:51:50.1960256Z 
2025-08-23T13:51:50.1961902Z 11.1 YOU EXPRESSLY UNDERSTAND AND AGREE THAT GOOGLE, ITS SUBSIDIARIES AND AFFILIATES, AND ITS LICENSORS SHALL NOT BE LIABLE TO YOU UNDER ANY THEORY OF LIABILITY FOR ANY DIRECT, INDIRECT, INCIDENTAL, SPECIAL, CONSEQUENTIAL OR EXEMPLARY DAMAGES THAT MAY BE INCURRED BY YOU, INCLUDING ANY LOSS OF DATA, WHETHER OR NOT GOOGLE OR ITS REPRESENTATIVES HAVE BEEN ADVISED OF OR SHOULD HAVE BEEN AWARE OF THE POSSIBILITY OF ANY SUCH LOSSES ARISING.
2025-08-23T13:51:50.1963197Z 
2025-08-23T13:51:50.1963287Z 12. Indemnification
2025-08-23T13:51:50.1963401Z 
2025-08-23T13:51:50.1966093Z 12.1 To the maximum extent permitted by law, you agree to defend, indemnify and hold harmless Google, its affiliates and their respective directors, officers, employees and agents from and against any and all claims, actions, suits or proceedings, as well as any and all losses, liabilities, damages, costs and expenses (including reasonable attorneys fees) arising out of or accruing from (a) your use of the GDK, (b) any application you develop on the GDK that infringes any copyright, trademark, trade secret, trade dress, patent or other intellectual property right of any person or defames any person or violates their rights of publicity or privacy, and (c) any non-compliance by you with this License Agreement.
2025-08-23T13:51:50.1968644Z 
2025-08-23T13:51:50.1969128Z 13. Changes to the License Agreement
2025-08-23T13:51:50.1969497Z 
2025-08-23T13:51:50.1971390Z 13.1 Google may make changes to the License Agreement as it distributes new versions of the GDK. When these changes are made, Google will make a new version of the License Agreement available on the website where the GDK is made available.
2025-08-23T13:51:50.1972794Z 
2025-08-23T13:51:50.1972985Z 14. General Legal Terms
2025-08-23T13:51:50.1973224Z 
2025-08-23T13:51:50.1974403Z 14.1 This License Agreement constitutes the whole legal agreement between you and Google and governs your use of the GDK (excluding any services which Google may provide to you under a separate written agreement), and completely replaces any prior agreements between you and Google in relation to the GDK.
2025-08-23T13:51:50.1975353Z 
2025-08-23T13:51:50.1976547Z 14.2 You agree that if Google does not exercise or enforce any legal right or remedy which is contained in this License Agreement (or which Google has the benefit of under any applicable law), this will not be taken to be a formal waiver of Google's rights and that those rights or remedies will still be available to Google.
2025-08-23T13:51:50.1977682Z 
2025-08-23T13:51:50.1978979Z 14.3 If any court of law, having the jurisdiction to decide on this matter, rules that any provision of this License Agreement is invalid, then that provision will be removed from this License Agreement without affecting the rest of this License Agreement. The remaining provisions of this License Agreement will continue to be valid and enforceable.
2025-08-23T13:51:50.1980259Z 
2025-08-23T13:51:50.1981932Z 14.4 You acknowledge and agree that each member of the group of companies of which Google is the parent shall be third party beneficiaries to this License Agreement and that such other companies shall be entitled to directly enforce, and rely upon, any provision of this License Agreement that confers a benefit on (or rights in favor of) them. Other than this, no other person or company shall be third party beneficiaries to this License Agreement.
2025-08-23T13:51:50.1983243Z 
2025-08-23T13:51:50.1984223Z 14.5 EXPORT RESTRICTIONS. THE GDK IS SUBJECT TO UNITED STATES EXPORT LAWS AND REGULATIONS. YOU MUST COMPLY WITH ALL DOMESTIC AND INTERNATIONAL EXPORT LAWS AND REGULATIONS THAT APPLY TO THE GDK. THESE LAWS INCLUDE RESTRICTIONS ON DESTINATIONS, END USERS AND END USE.
2025-08-23T13:51:50.1985036Z 
2025-08-23T13:51:50.1986313Z 14.6 The rights granted in this License Agreement may not be assigned or transferred by either you or Google without the prior written approval of the other party. Neither you nor Google shall be permitted to delegate their responsibilities or obligations under this License Agreement without the prior written approval of the other party.
2025-08-23T13:51:50.1987525Z 
2025-08-23T13:51:50.1990850Z 14.7 This License Agreement, and your relationship with Google under this License Agreement, shall be governed by the laws of the State of California without regard to its conflict of laws provisions. You and Google agree to submit to the exclusive jurisdiction of the courts located within the county of Santa Clara, California to resolve any legal matter arising from this License Agreement. Notwithstanding this, you agree that Google shall still be allowed to apply for injunctive remedies (or an equivalent type of urgent legal relief) in any jurisdiction.
2025-08-23T13:51:50.1992955Z 
2025-08-23T13:51:50.1993065Z November 19, 2013
2025-08-23T13:51:50.1993324Z ---------------------------------------
2025-08-23T13:51:50.1993570Z Accept? (y/N): 
2025-08-23T13:51:50.1993848Z 6/6: License mips-android-sysimage-license:
2025-08-23T13:51:50.1994172Z ---------------------------------------
2025-08-23T13:51:50.1997294Z MIPS Technologies, Inc. (“MIPS”) Internal Evaluation License Agreement for MIPS Android™ System Images for Android Software Development Kit (SDK): This Internal Evaluation License Agreement (this "Agreement") is entered into by and between MIPS and you (as an individual developer or a legal entity -- identified below as “Recipient”). MIPS shall make the Evaluation Software available to Recipient as described in accordance with the terms and conditions set forth below.
2025-08-23T13:51:50.2000310Z 
2025-08-23T13:51:50.2004286Z By clicking on the “Accept” button, downloading, installing, or otherwise using the Evaluation Materials (defined below), you agree to be bound by the terms of this Agreement effective as of the date you click “Accept” (the “Effective Date”), and if doing so on behalf of an entity, you represent that you are authorized to bind the entity to the terms and conditions of this Agreement. If you do not agree to be bound by the terms and conditions of this Agreement, do not download, install, or use the Evaluation Materials.
2025-08-23T13:51:50.2007191Z 
2025-08-23T13:51:50.2007463Z 1. DEFINITIONS. These terms shall have the following meanings:
2025-08-23T13:51:50.2007734Z 
2025-08-23T13:51:50.2008772Z 1.1 “MIPS” shall mean MIPS Technologies, Inc., a Delaware corporation having a principal place of business at: 955 East Arques Ave., Sunnyvale, CA 94085
2025-08-23T13:51:50.2009934Z 
2025-08-23T13:51:50.2010706Z 1.2 “Evaluation Software” shall mean MIPS Android™ emulator system images for Android Software Development Kit (SDK), as made available to Recipient.
2025-08-23T13:51:50.2011220Z 
2025-08-23T13:51:50.2012606Z 1.3 “Evaluation Materials" means, collectively, the Evaluation Software (in source and/or object code form) and documentation (including, without limitation, any design documents, specifications, reference manuals, and other related materials) related to the Evaluation Software as made available to Recipient.
2025-08-23T13:51:50.2013600Z 
2025-08-23T13:51:50.2017941Z 1.4 “Open Source Software” means any software that requires (as a condition of use, modification and/or distribution of such software) that such software or other software incorporated into, derived from or distributed with such software (a) be disclosed or distributed in source code form; or (b) be licensed by the user to third parties for the purpose of making and/or distributing derivative works; or (c) be redistributable at no charge. Open Source Software includes, without limitation, software licensed or distributed under any of the following licenses or distribution models, or licenses or distribution models substantially similar to any of the following: (a) GNU’s General Public License (GPL) or Lesser/Library GPL (LGPL), (b) the Artistic License (e.g., PERL), (c) the Mozilla Public License, (d) the Netscape Public License, (e) the Sun Community Source License (SCSL), (f) the Sun Industry Source License (SISL), (g) the Apache Software license and (h) the Common Public License (CPL).
2025-08-23T13:51:50.2021202Z 
2025-08-23T13:51:50.2022508Z 1.5 “Pre-Release Materials” means “alpha” or “beta” designated pre-release features, which may not be fully functional, which MIPS may substantially modify in producing any production version of the Evaluation Materials, and/or which is still under development by MIPS and/or MIPS’ suppliers.
2025-08-23T13:51:50.2023476Z 
2025-08-23T13:51:50.2025692Z 2. PURPOSE. MIPS desires to make the Evaluation Materials available to Recipient solely for Recipient's internal evaluation of the Evaluation Software to evaluate the desirability of cooperating with MIPS in developing products that are compatible with the Evaluation Software and/or to advise MIPS as to possible modifications to the Evaluation Software. Recipient may not disclose, distribute, modify (except to facilitate the above-mentioned internal evaluation), or make commercial use of the Evaluation Materials or any modifications of the Evaluation Materials.
2025-08-23T13:51:50.2028048Z 
2025-08-23T13:51:50.2030445Z THE EVALUATION MATERIALS ARE PROVIDED FOR EVALUATION PURPOSES ONLY AND MAY NOT BE MODIFIED (EXCEPT TO FACILITATE THE INTERNAL EVALUATION) OR DISTRIBUTED BY RECIPIENT OR INCORPORATED INTO RECIPIENT’S PRODUCTS OR SOFTWARE. PLEASE CONTACT A MIPS SALES REPRESENTATIVE TO LEARN ABOUT THE AVAILABILITY AND COST OF A COMMERCIAL VERSION OF THE EVALUATION SOFTWARE.
2025-08-23T13:51:50.2032696Z 
2025-08-23T13:51:50.2034811Z 3. TITLE. Title to the Evaluation Materials remains with MIPS or its suppliers. Recipient shall not mortgage, pledge or encumber the Evaluation Materials in any way. Recipient shall return all Evaluation Materials, keeping no copies, upon termination or expiration of this Agreement.
2025-08-23T13:51:50.2036542Z 
2025-08-23T13:51:50.2044953Z 4. LICENSE. MIPS grants Recipient a royalty-free, personal, nontransferable, nonexclusive license under its copyrights to use the Evaluation Software only for the purposes described in paragraph 2 above and only for a period beginning on the Effective Date and extending to the first anniversary of the Effective Date (the “Evaluation Period”). Unless otherwise communicated in writing by MIPS to Recipient, to the extent the Evaluation Software is provided in more than one delivery or release (each, a “Release”) the license grant in this Section 4 and the Evaluation Period shall apply to each Release, in which case the Evaluation Period shall begin on the date that the Release is made generally available and continue to the first anniversary of such date. Recipient may not make modifications to the Evaluation Software. Recipient shall not disassemble, reverse-engineer, or decompile any software that is not provided to Recipient in source code form.
2025-08-23T13:51:50.2050785Z 
2025-08-23T13:51:50.2050799Z 
2025-08-23T13:51:50.2053264Z EXCEPT AS PROVIDED HEREIN, NO OTHER LICENSE, EXPRESS OR IMPLIED, BY ESTOPPEL OR OTHERWISE, TO ANY OTHER MIPS INTELLECTUAL PROPERTY RIGHTS IS GRANTED TO THE RECIPIENT. OTHER THAN AS EXPLICITLY SET FORTH IN PARAGRAPH 2 ABOVE, NO RIGHT TO COPY, TO REPRODUCE, TO MODIFY, OR TO CREATE DERIVATIVE WORKS OF, THE EVALUATION MATERIALS IS GRANTED HEREIN.
2025-08-23T13:51:50.2055247Z 
2025-08-23T13:51:50.2057126Z 5. NO OBLIGATION. Recipient shall have no duty to purchase or license any product from MIPS. MIPS and its suppliers shall have no obligation to provide support for, or develop a non-evaluation version of, the Evaluation Software or to license any version of it.
2025-08-23T13:51:50.2058665Z 
2025-08-23T13:51:50.2067144Z 6. MODIFICATIONS. This Agreement does not obligate Recipient to provide MIPS with comments or suggestions regarding Evaluation Materials. However, should Recipient provide MIPS with comments or suggestions for the modification, correction, improvement or enhancement of (a) the Evaluation Materials or (b) MIPS products or processes which may embody the Evaluation Materials, then Recipient agrees to grant and hereby grants to MIPS a non-exclusive, irrevocable, worldwide, fully paid-up, royalty-free license, with the right to sublicense MIPS’ licensees and customers, under Recipient’s Intellectual property rights, to use and disclose such comments and suggestions in any manner MIPS chooses and to display, perform, copy, make, have made, use, sell, offer to sell, import, and otherwise dispose of MIPS’ and its sublicensee’s products embodying such comments and suggestions in any manner and via any media MIPS chooses, without reference to the source.
2025-08-23T13:51:50.2072207Z 
2025-08-23T13:51:50.2074246Z 7. WARRANTY DISCLAIMER. MIPS AND ITS SUPPLIERS MAKE NO WARRANTIES WITH RESPECT TO EVALUATION MATERIALS, EITHER EXPRESS OR IMPLIED, INCLUDING ANY IMPLIED WARRANTIES OF MERCHANTABILITY OR FITNESS FOR A PARTICULAR PURPOSE, OR ANY IMPLIED WARRANTY OF NONINFRINGEMENT WITH RESPECT TO THIRD PARTY INTELLECTUAL PROPERTY. RECIPIENT ACKNOWLEDGES AND AGREES THAT THE EVALUATION MATERIALS ARE PROVIDED “AS IS,” WITHOUT WARRANTY OF ANY KIND.
2025-08-23T13:51:50.2075623Z 
2025-08-23T13:51:50.2079541Z 8. LIMITATION OF LIABILITY. MIPS AND ITS SUPPLIERS SHALL NOT BE LIABLE FOR ANY PROPERTY DAMAGE, PERSONAL INJURY, LOSS OF PROFITS, INTERRUPTION OF BUSINESS OR FOR ANY DIRECT, INDIRECT, SPECIAL, CONSEQUENTIAL OR INCIDENTAL DAMAGES, HOWEVER CAUSED OR ALLEGED, WHETHER FOR BREACH OF WARRANTY, CONTRACT, STRICT LIABILITY OR OTHERWISE, INCLUDING WITHOUT LIMITATION, UNDER TORT OR OTHER LEGAL THEORY. MIPS AND ITS SUPPLIERS DISCLAIM ANY AND ALL LIABILITY, INCLUDING LIABILITY FOR INFRINGEMENT OF ANY INTELLECTUAL PROPERTY RIGHTS OF ANY KIND RELATING TO THE EVALUATION MATERIALS.
2025-08-23T13:51:50.2082367Z 
2025-08-23T13:51:50.2083925Z 9. EXPIRATION. MIPS may terminate this Agreement immediately after a breach by Recipient or otherwise at MIPS’ reasonable discretion and upon five (5) business days’ notice to Recipient.
2025-08-23T13:51:50.2084595Z 
2025-08-23T13:51:50.2084676Z 10. GENERAL.
2025-08-23T13:51:50.2084791Z 
2025-08-23T13:51:50.2088585Z 10.1 Controlling Law. This Agreement shall be governed by California law excluding its choice of law rules. With the exception of MIPS’ rights to enforce its intellectual property rights and any confidentiality obligations under this Agreement or any licenses distributed with the Evaluation Materials, all disputes and any claims arising under or relating to this Agreement shall be subject to the exclusive jurisdiction and venue of the state and federal courts located in Santa Clara County, California. Each party hereby agrees to jurisdiction and venue in the courts set forth in the preceding sentence. The parties agree that the United Nations Convention on Contracts for the International Sale of Goods is specifically excluded from application to this Agreement. The parties consent to the personal jurisdiction of the above courts.
2025-08-23T13:51:50.2091601Z 
2025-08-23T13:51:50.2093482Z 10.2 Remedies. Recipient acknowledges and agrees that any breach of confidentiality obligations under this Agreement or any licenses distributed with the Evaluation Materials, as well as any disclosure, commercialization, or public use of the Evaluation Materials, would cause irreparable injury to MIPS, and therefore Recipient agrees to consent to, and hereby consents to, the grant of an injunction by any court of competent jurisdiction in the event of an actual or threatened breach.
2025-08-23T13:51:50.2094976Z 
2025-08-23T13:51:50.2097289Z 10.3 Assignment. Recipient may not delegate, assign or transfer this Agreement, the license granted or any of Recipient’s rights, obligations, or duties hereunder, expressly, by implication, by operation of law, by way of merger (regardless of whether Recipient is the surviving entity) or acquisition, or otherwise and any attempt to do so, without MIPS’ express prior written consent, shall be ineffective, null and void. MIPS may freely assign this Agreement, and its rights and obligations hereunder, in its sole discretion.
2025-08-23T13:51:50.2098864Z 
2025-08-23T13:51:50.2100917Z 10.4 Entire Agreement. This Agreement constitutes the entire agreement between Recipient and MIPS and supersedes in their entirety any and all oral or written agreements previously existing between Recipient and MIPS with respect to the subject matter hereof. This Agreement may only be amended or supplemented by a writing that refers explicitly to this Agreement and that is signed or otherwise accepted by duly authorized representatives of Recipient and MIPS.
2025-08-23T13:51:50.2103692Z 
2025-08-23T13:51:50.2105496Z 10.5 Severability. In the event that any provision of this Agreement is finally adjudicated to be unenforceable or invalid under any applicable law, such unenforceability or invalidity shall not render this Agreement unenforceable or invalid as a whole, and, in such event, such unenforceable or invalid provision shall be interpreted so as to best accomplish the objectives of such provision within the limits of applicable law or applicable court decisions.
2025-08-23T13:51:50.2106898Z 
2025-08-23T13:51:50.2113186Z 10.6 Export Regulations / Export Control. Recipient shall not export, either directly or indirectly, any product, service or technical data or system incorporating the Evaluation Materials without first obtaining any required license or other necessary approval from the U.S. Department of Commerce or any other governing agency or department of the United States Government. In the event any product is exported from the United States or re-exported from a foreign destination by Recipient, Recipient shall ensure that the distribution and export/re-export or import of the product is in compliance with all applicable laws, regulations, orders, or other restrictions of the U.S. Export Administration Regulations and the appropriate foreign government. Recipient agrees that neither it nor any of its subsidiaries will export/re-export any technical data, process, product, or service, directly or indirectly, to any country for which the United States government or any agency thereof or the foreign government from where it is shipping requires an export license, or other governmental approval, without first obtaining such license or approval. Recipient also agrees to implement measures to ensure that foreign national employees are authorized to receive any information controlled by U.S. export control laws. An export is "deemed" to take place when information is released to a foreign national wherever located.
2025-08-23T13:51:50.2119995Z 
2025-08-23T13:51:50.2126964Z 10.7 Special Terms for Pre-Release Materials. If so indicated in the description of the Evaluation Software, the Evaluation Software may contain Pre-Release Materials. Recipient hereby understands, acknowledges and agrees that: (i) Pre-Release Materials may not be fully tested and may contain bugs or errors; (ii) Pre-Release materials are not suitable for commercial release in their current state; (iii) regulatory approvals for Pre-Release Materials (such as UL or FCC) have not been obtained, and Pre-Release Materials may therefore not be certified for use in certain countries or environments or may not be suitable for certain applications and (iv) MIPS can provide no assurance that it will ever produce or make generally available a production version of the Pre-Release Materials . MIPS is not under any obligation to develop and/or release or offer for sale or license a final product based upon the Pre-Release Materials and may unilaterally elect to abandon the Pre-Release Materials or any such development platform at any time and without any obligation or liability whatsoever to Recipient or any other person.
2025-08-23T13:51:50.2130743Z 
2025-08-23T13:51:50.2131596Z ANY PRE-RELEASE MATERIALS ARE NON-QUALIFIED AND, AS SUCH, ARE PROVIDED “AS IS” AND “AS AVAILABLE”, POSSIBLY WITH FAULTS, AND WITHOUT REPRESENTATION OR WARRANTY OF ANY KIND.
2025-08-23T13:51:50.2132147Z 
2025-08-23T13:51:50.2135341Z 10.8 Open Source Software. In the event Open Source software is included with Evaluation Software, such Open Source software is licensed pursuant to the applicable Open Source software license agreement identified in the Open Source software comments in the applicable source code file(s) and/or file header as indicated in the Evaluation Software. Additional detail may be available (where applicable) in the accompanying on-line documentation. With respect to the Open Source software, nothing in this Agreement limits any rights under, or grants rights that supersede, the terms of any applicable Open Source software license agreement.
2025-08-23T13:51:50.2139134Z ---------------------------------------
2025-08-23T13:51:50.2139496Z Accept? (y/N): All SDK package licenses accepted
2025-08-23T13:51:50.2139944Z 
2025-08-23T13:51:50.8586547Z Loading package information...                                                  
2025-08-23T13:51:50.9534854Z Loading local repository...                                                     
2025-08-23T13:51:50.9538909Z [                                       ] 3% Loading local repository...        
2025-08-23T13:51:50.9635999Z [                                       ] 3% Fetch remote repository...         
2025-08-23T13:51:51.2976336Z [=                                      ] 3% Fetch remote repository...         
2025-08-23T13:51:51.3649872Z [=                                      ] 4% Fetch remote repository...         
2025-08-23T13:51:51.3964089Z [=                                      ] 5% Fetch remote repository...         
2025-08-23T13:51:51.4409038Z [==                                     ] 5% Fetch remote repository...         
2025-08-23T13:51:51.5084340Z [==                                     ] 6% Fetch remote repository...         
2025-08-23T13:51:51.5964481Z [==                                     ] 7% Fetch remote repository...         
2025-08-23T13:51:51.5990730Z [==                                     ] 7% Computing updates...               
2025-08-23T13:51:51.6093396Z [===                                    ] 8% Computing updates...               
2025-08-23T13:51:51.6165132Z [===                                    ] 10% Computing updates...              
2025-08-23T13:51:51.6170444Z [=======================================] 100% Computing updates...             
2025-08-23T13:51:51.6170988Z 
2025-08-23T13:51:51.6415263Z ##[group]Run npm install
2025-08-23T13:51:51.6415546Z [36;1mnpm install[0m
2025-08-23T13:51:51.6454699Z shell: /usr/bin/bash -e {0}
2025-08-23T13:51:51.6454911Z env:
2025-08-23T13:51:51.6455196Z   JAVA_HOME: /opt/hostedtoolcache/Java_Temurin-Hotspot_jdk/17.0.16-8/x64
2025-08-23T13:51:51.6455833Z   JAVA_HOME_17_X64: /opt/hostedtoolcache/Java_Temurin-Hotspot_jdk/17.0.16-8/x64
2025-08-23T13:51:51.6456178Z ##[endgroup]
2025-08-23T13:52:01.2946252Z 
2025-08-23T13:52:01.2946908Z added 483 packages, and audited 484 packages in 10s
2025-08-23T13:52:01.2947301Z 
2025-08-23T13:52:01.2947461Z 58 packages are looking for funding
2025-08-23T13:52:01.2947735Z   run `npm fund` for details
2025-08-23T13:52:01.2957931Z 
2025-08-23T13:52:01.2958096Z found 0 vulnerabilities
2025-08-23T13:52:01.3250439Z ##[group]Run npm run build
2025-08-23T13:52:01.3250708Z [36;1mnpm run build[0m
2025-08-23T13:52:01.3290930Z shell: /usr/bin/bash -e {0}
2025-08-23T13:52:01.3291152Z env:
2025-08-23T13:52:01.3291425Z   JAVA_HOME: /opt/hostedtoolcache/Java_Temurin-Hotspot_jdk/17.0.16-8/x64
2025-08-23T13:52:01.3291891Z   JAVA_HOME_17_X64: /opt/hostedtoolcache/Java_Temurin-Hotspot_jdk/17.0.16-8/x64
2025-08-23T13:52:01.3292226Z ##[endgroup]
2025-08-23T13:52:01.4378679Z 
2025-08-23T13:52:01.4379357Z > alxjackson-eventos@2.0.17 build
2025-08-23T13:52:01.4380183Z > vite build
2025-08-23T13:52:01.4380417Z 
2025-08-23T13:52:01.7985199Z [36mvite v7.1.3 [32mbuilding for production...[36m[39m
2025-08-23T13:52:02.0871454Z transforming...
2025-08-23T13:52:06.1011707Z [32m✓[39m 1831 modules transformed.
2025-08-23T13:52:06.3365933Z rendering chunks...
2025-08-23T13:52:06.4997572Z computing gzip size...
2025-08-23T13:52:06.5190806Z [2mdist/[22m[32mindex.html                      [39m[1m[2m  1.36 kB[22m[1m[22m[2m │ gzip:   0.62 kB[22m
2025-08-23T13:52:06.5192077Z [2mdist/[22m[2massets/[22m[32mhero-stage-BvexK0N7.jpg  [39m[1m[2m 99.78 kB[22m[1m[22m
2025-08-23T13:52:06.5193489Z [2mdist/[22m[2massets/[22m[35mindex-CSccpMEp.css       [39m[1m[2m 92.54 kB[22m[1m[22m[2m │ gzip:  15.17 kB[22m
2025-08-23T13:52:06.5194940Z [2mdist/[22m[2massets/[22m[36mweb-BBpFslJU.js          [39m[1m[2m  0.90 kB[22m[1m[22m[2m │ gzip:   0.47 kB[22m
2025-08-23T13:52:06.5196341Z [2mdist/[22m[2massets/[22m[36mweb-CaCqudd8.js          [39m[1m[2m  2.44 kB[22m[1m[22m[2m │ gzip:   1.09 kB[22m
2025-08-23T13:52:06.5197744Z [2mdist/[22m[2massets/[22m[36mindex-Dt-O9wBR.js        [39m[1m[33m681.89 kB[39m[22m[2m │ gzip: 194.26 kB[22m
2025-08-23T13:52:06.5198621Z [33m
2025-08-23T13:52:06.5199225Z (!) Some chunks are larger than 500 kB after minification. Consider:
2025-08-23T13:52:06.5200124Z - Using dynamic import() to code-split the application
2025-08-23T13:52:06.5201495Z - Use build.rollupOptions.output.manualChunks to improve chunking: https://rollupjs.org/configuration-options/#output-manualchunks
2025-08-23T13:52:06.5202592Z - Adjust chunk size limit for this warning via build.chunkSizeWarningLimit.[39m
2025-08-23T13:52:06.5203031Z [32m✓ built in 4.70s[39m
2025-08-23T13:52:06.5714368Z ##[group]Run npx cap sync android
2025-08-23T13:52:06.5714667Z [36;1mnpx cap sync android[0m
2025-08-23T13:52:06.5754730Z shell: /usr/bin/bash -e {0}
2025-08-23T13:52:06.5754954Z env:
2025-08-23T13:52:06.5755259Z   JAVA_HOME: /opt/hostedtoolcache/Java_Temurin-Hotspot_jdk/17.0.16-8/x64
2025-08-23T13:52:06.5755717Z   JAVA_HOME_17_X64: /opt/hostedtoolcache/Java_Temurin-Hotspot_jdk/17.0.16-8/x64
2025-08-23T13:52:06.5756053Z ##[endgroup]
2025-08-23T13:52:07.0081367Z [error] Could not find installation of TypeScript.
2025-08-23T13:52:07.0082486Z         To use capacitor.config.ts files, you must install TypeScript in your project, e.g. w/ npm install -D typescript
2025-08-23T13:52:07.0215044Z ##[error]Process completed with exit code 1.
2025-08-23T13:52:07.0304900Z Post job cleanup.
2025-08-23T13:52:07.2010863Z Post job cleanup.
2025-08-23T13:52:07.2930998Z [command]/usr/bin/git version
2025-08-23T13:52:07.2965848Z git version 2.51.0
2025-08-23T13:52:07.3007048Z Temporarily overriding HOME='/home/runner/work/_temp/5076559b-6a00-40b0-8db8-b0c244c2a76f' before making global git config changes
2025-08-23T13:52:07.3008298Z Adding repository directory to the temporary git global config as a safe directory
2025-08-23T13:52:07.3012854Z [command]/usr/bin/git config --global --add safe.directory /home/runner/work/alxjackon-eventos/alxjackon-eventos
2025-08-23T13:52:07.3047266Z [command]/usr/bin/git config --local --name-only --get-regexp core\.sshCommand
2025-08-23T13:52:07.3078713Z [command]/usr/bin/git submodule foreach --recursive sh -c "git config --local --name-only --get-regexp 'core\.sshCommand' && git config --local --unset-all 'core.sshCommand' || :"
2025-08-23T13:52:07.3299553Z [command]/usr/bin/git config --local --name-only --get-regexp http\.https\:\/\/github\.com\/\.extraheader
2025-08-23T13:52:07.3323464Z http.https://github.com/.extraheader
2025-08-23T13:52:07.3336070Z [command]/usr/bin/git config --local --unset-all http.https://github.com/.extraheader
2025-08-23T13:52:07.3368603Z [command]/usr/bin/git submodule foreach --recursive sh -c "git config --local --name-only --get-regexp 'http\.https\:\/\/github\.com\/\.extraheader' && git config --local --unset-all 'http.https://github.com/.extraheader' || :"
2025-08-23T13:52:07.3682505Z Cleaning up orphan processes
