2025-08-23T14:17:55.6505807Z Current runner version: '2.328.0'
2025-08-23T14:17:55.6531011Z ##[group]Runner Image Provisioner
2025-08-23T14:17:55.6532172Z Hosted Compute Agent
2025-08-23T14:17:55.6532758Z Version: 20250821.380
2025-08-23T14:17:55.6533425Z Commit: 438d12cb4fe092871db9867344e3bc0bc5319035
2025-08-23T14:17:55.6534159Z Build Date: 2025-08-21T20:49:43Z
2025-08-23T14:17:55.6534800Z ##[endgroup]
2025-08-23T14:17:55.6535328Z ##[group]Operating System
2025-08-23T14:17:55.6535922Z Ubuntu
2025-08-23T14:17:55.6536401Z 24.04.2
2025-08-23T14:17:55.6536910Z LTS
2025-08-23T14:17:55.6537354Z ##[endgroup]
2025-08-23T14:17:55.6537844Z ##[group]Runner Image
2025-08-23T14:17:55.6538426Z Image: ubuntu-24.04
2025-08-23T14:17:55.6539009Z Version: 20250818.1.0
2025-08-23T14:17:55.6540030Z Included Software: https://github.com/actions/runner-images/blob/ubuntu24/20250818.1/images/ubuntu/Ubuntu2404-Readme.md
2025-08-23T14:17:55.6541861Z Image Release: https://github.com/actions/runner-images/releases/tag/ubuntu24%2F20250818.1
2025-08-23T14:17:55.6542923Z ##[endgroup]
2025-08-23T14:17:55.6544063Z ##[group]GITHUB_TOKEN Permissions
2025-08-23T14:17:55.6546115Z Contents: read
2025-08-23T14:17:55.6546957Z Metadata: read
2025-08-23T14:17:55.6547573Z Packages: read
2025-08-23T14:17:55.6548044Z ##[endgroup]
2025-08-23T14:17:55.6550185Z Secret source: Actions
2025-08-23T14:17:55.6551253Z Prepare workflow directory
2025-08-23T14:17:55.6938410Z Prepare all required actions
2025-08-23T14:17:55.6993477Z Getting action download info
2025-08-23T14:17:56.0996060Z Download action repository 'actions/checkout@v4' (SHA:08eba0b27e820071cde6df949e0beb9ba4906955)
2025-08-23T14:17:56.1933384Z Download action repository 'actions/setup-node@v4' (SHA:49933ea5288caeca8642d1e84afbd3f7d6820020)
2025-08-23T14:17:56.3215582Z Download action repository 'actions/setup-java@v4' (SHA:c5195efecf7bdfc987ee8bae7a71cb8b11521c00)
2025-08-23T14:17:56.6383028Z Download action repository 'actions/create-release@v1' (SHA:0cb9c9b65d5d1901c1f53e5e66eaf4afd303e70e)
2025-08-23T14:17:56.8102542Z Download action repository 'actions/upload-release-asset@v1' (SHA:e8f9f06c4b078e705bd2ea027f0926603fc9b4d5)
2025-08-23T14:17:57.0053078Z Download action repository 'actions/github-script@v7' (SHA:60a0d83039c74a4aee543508d2ffcb1c3799cdea)
2025-08-23T14:17:57.2975295Z Complete job name: build-and-release
2025-08-23T14:17:57.3787011Z ##[group]Run actions/checkout@v4
2025-08-23T14:17:57.3788297Z with:
2025-08-23T14:17:57.3789141Z   repository: alxjackson/alxjackon-eventos
2025-08-23T14:17:57.3790626Z   token: ***
2025-08-23T14:17:57.3791456Z   ssh-strict: true
2025-08-23T14:17:57.3792415Z   ssh-user: git
2025-08-23T14:17:57.3793346Z   persist-credentials: true
2025-08-23T14:17:57.3794255Z   clean: true
2025-08-23T14:17:57.3795141Z   sparse-checkout-cone-mode: true
2025-08-23T14:17:57.3796186Z   fetch-depth: 1
2025-08-23T14:17:57.3797020Z   fetch-tags: false
2025-08-23T14:17:57.3797853Z   show-progress: true
2025-08-23T14:17:57.3798751Z   lfs: false
2025-08-23T14:17:57.3799573Z   submodules: false
2025-08-23T14:17:57.3800427Z   set-safe-directory: true
2025-08-23T14:17:57.3801873Z ##[endgroup]
2025-08-23T14:17:57.4871987Z Syncing repository: alxjackson/alxjackon-eventos
2025-08-23T14:17:57.4875063Z ##[group]Getting Git version info
2025-08-23T14:17:57.4876869Z Working directory is '/home/runner/work/alxjackon-eventos/alxjackon-eventos'
2025-08-23T14:17:57.4879021Z [command]/usr/bin/git version
2025-08-23T14:17:57.4937731Z git version 2.51.0
2025-08-23T14:17:57.4963452Z ##[endgroup]
2025-08-23T14:17:57.4983564Z Temporarily overriding HOME='/home/runner/work/_temp/2a25308e-1030-4d50-975e-af68e9177ffb' before making global git config changes
2025-08-23T14:17:57.4986325Z Adding repository directory to the temporary git global config as a safe directory
2025-08-23T14:17:57.4989220Z [command]/usr/bin/git config --global --add safe.directory /home/runner/work/alxjackon-eventos/alxjackon-eventos
2025-08-23T14:17:57.5025223Z Deleting the contents of '/home/runner/work/alxjackon-eventos/alxjackon-eventos'
2025-08-23T14:17:57.5028421Z ##[group]Initializing the repository
2025-08-23T14:17:57.5032583Z [command]/usr/bin/git init /home/runner/work/alxjackon-eventos/alxjackon-eventos
2025-08-23T14:17:57.5107742Z hint: Using 'master' as the name for the initial branch. This default branch name
2025-08-23T14:17:57.5111059Z hint: is subject to change. To configure the initial branch name to use in all
2025-08-23T14:17:57.5114039Z hint: of your new repositories, which will suppress this warning, call:
2025-08-23T14:17:57.5115405Z hint:
2025-08-23T14:17:57.5116367Z hint: 	git config --global init.defaultBranch <name>
2025-08-23T14:17:57.5118205Z hint:
2025-08-23T14:17:57.5119357Z hint: Names commonly chosen instead of 'master' are 'main', 'trunk' and
2025-08-23T14:17:57.5121088Z hint: 'development'. The just-created branch can be renamed via this command:
2025-08-23T14:17:57.5123269Z hint:
2025-08-23T14:17:57.5124108Z hint: 	git branch -m <name>
2025-08-23T14:17:57.5124977Z hint:
2025-08-23T14:17:57.5126264Z hint: Disable this message with "git config set advice.defaultBranchName false"
2025-08-23T14:17:57.5128398Z Initialized empty Git repository in /home/runner/work/alxjackon-eventos/alxjackon-eventos/.git/
2025-08-23T14:17:57.5132008Z [command]/usr/bin/git remote add origin https://github.com/alxjackson/alxjackon-eventos
2025-08-23T14:17:57.5159714Z ##[endgroup]
2025-08-23T14:17:57.5161271Z ##[group]Disabling automatic garbage collection
2025-08-23T14:17:57.5163178Z [command]/usr/bin/git config --local gc.auto 0
2025-08-23T14:17:57.5190893Z ##[endgroup]
2025-08-23T14:17:57.5192439Z ##[group]Setting up auth
2025-08-23T14:17:57.5196786Z [command]/usr/bin/git config --local --name-only --get-regexp core\.sshCommand
2025-08-23T14:17:57.5227980Z [command]/usr/bin/git submodule foreach --recursive sh -c "git config --local --name-only --get-regexp 'core\.sshCommand' && git config --local --unset-all 'core.sshCommand' || :"
2025-08-23T14:17:57.5534557Z [command]/usr/bin/git config --local --name-only --get-regexp http\.https\:\/\/github\.com\/\.extraheader
2025-08-23T14:17:57.5562701Z [command]/usr/bin/git submodule foreach --recursive sh -c "git config --local --name-only --get-regexp 'http\.https\:\/\/github\.com\/\.extraheader' && git config --local --unset-all 'http.https://github.com/.extraheader' || :"
2025-08-23T14:17:57.5779311Z [command]/usr/bin/git config --local http.https://github.com/.extraheader AUTHORIZATION: basic ***
2025-08-23T14:17:57.5813218Z ##[endgroup]
2025-08-23T14:17:57.5830527Z ##[group]Fetching the repository
2025-08-23T14:17:57.5835103Z [command]/usr/bin/git -c protocol.version=2 fetch --no-tags --prune --no-recurse-submodules --depth=1 origin +f3be3b1937d5c05da0b8783e32dade46f54a69e2:refs/tags/v2.0.19
2025-08-23T14:18:00.9905609Z From https://github.com/alxjackson/alxjackon-eventos
2025-08-23T14:18:00.9907209Z  * [new ref]         f3be3b1937d5c05da0b8783e32dade46f54a69e2 -> v2.0.19
2025-08-23T14:18:00.9932093Z ##[endgroup]
2025-08-23T14:18:00.9932833Z ##[group]Determining the checkout info
2025-08-23T14:18:00.9934135Z ##[endgroup]
2025-08-23T14:18:00.9938844Z [command]/usr/bin/git sparse-checkout disable
2025-08-23T14:18:00.9977627Z [command]/usr/bin/git config --local --unset-all extensions.worktreeConfig
2025-08-23T14:18:01.0004162Z ##[group]Checking out the ref
2025-08-23T14:18:01.0007314Z [command]/usr/bin/git checkout --progress --force refs/tags/v2.0.19
2025-08-23T14:18:01.1113061Z Note: switching to 'refs/tags/v2.0.19'.
2025-08-23T14:18:01.1113784Z 
2025-08-23T14:18:01.1114267Z You are in 'detached HEAD' state. You can look around, make experimental
2025-08-23T14:18:01.1115224Z changes and commit them, and you can discard any commits you make in this
2025-08-23T14:18:01.1116361Z state without impacting any branches by switching back to a branch.
2025-08-23T14:18:01.1116938Z 
2025-08-23T14:18:01.1117419Z If you want to create a new branch to retain commits you create, you may
2025-08-23T14:18:01.1118407Z do so (now or later) by using -c with the switch command. Example:
2025-08-23T14:18:01.1118904Z 
2025-08-23T14:18:01.1119728Z   git switch -c <new-branch-name>
2025-08-23T14:18:01.1120115Z 
2025-08-23T14:18:01.1120371Z Or undo this operation with:
2025-08-23T14:18:01.1120839Z 
2025-08-23T14:18:01.1121090Z   git switch -
2025-08-23T14:18:01.1121422Z 
2025-08-23T14:18:01.1122206Z Turn off this advice by setting config variable advice.detachedHead to false
2025-08-23T14:18:01.1122811Z 
2025-08-23T14:18:01.1123567Z HEAD is now at f3be3b1 chore: Incrementar versión para nuevo release v2.0.19
2025-08-23T14:18:01.1144516Z ##[endgroup]
2025-08-23T14:18:01.1182110Z [command]/usr/bin/git log -1 --format=%H
2025-08-23T14:18:01.1204217Z f3be3b1937d5c05da0b8783e32dade46f54a69e2
2025-08-23T14:18:01.1507884Z ##[group]Run actions/setup-node@v4
2025-08-23T14:18:01.1508251Z with:
2025-08-23T14:18:01.1508507Z   node-version: 20
2025-08-23T14:18:01.1508763Z   cache: npm
2025-08-23T14:18:01.1509002Z   always-auth: false
2025-08-23T14:18:01.1509273Z   check-latest: false
2025-08-23T14:18:01.1509699Z   token: ***
2025-08-23T14:18:01.1509983Z ##[endgroup]
2025-08-23T14:18:01.3352265Z Found in cache @ /opt/hostedtoolcache/node/20.19.4/x64
2025-08-23T14:18:01.3357444Z ##[group]Environment details
2025-08-23T14:18:03.6917856Z node: v20.19.4
2025-08-23T14:18:03.6918259Z npm: 10.8.2
2025-08-23T14:18:03.6918580Z yarn: 1.22.22
2025-08-23T14:18:03.6919889Z ##[endgroup]
2025-08-23T14:18:03.6945881Z [command]/opt/hostedtoolcache/node/20.19.4/x64/bin/npm config get cache
2025-08-23T14:18:03.9562088Z /home/runner/.npm
2025-08-23T14:18:04.0713478Z npm cache is not found
2025-08-23T14:18:04.0864533Z ##[group]Run actions/setup-java@v4
2025-08-23T14:18:04.0864800Z with:
2025-08-23T14:18:04.0864989Z   distribution: temurin
2025-08-23T14:18:04.0865204Z   java-version: 17
2025-08-23T14:18:04.0865399Z   java-package: jdk
2025-08-23T14:18:04.0865599Z   check-latest: false
2025-08-23T14:18:04.0865791Z   server-id: github
2025-08-23T14:18:04.0865993Z   server-username: GITHUB_ACTOR
2025-08-23T14:18:04.0866232Z   server-password: GITHUB_TOKEN
2025-08-23T14:18:04.0866467Z   overwrite-settings: true
2025-08-23T14:18:04.0866692Z   job-status: success
2025-08-23T14:18:04.0867011Z   token: ***
2025-08-23T14:18:04.0867198Z ##[endgroup]
2025-08-23T14:18:04.2777769Z ##[group]Installed distributions
2025-08-23T14:18:04.2926030Z Resolved Java 17.0.16+8 from tool-cache
2025-08-23T14:18:04.2926468Z Setting Java 17.0.16+8 as the default
2025-08-23T14:18:04.2934845Z Creating toolchains.xml for JDK version 17 from temurin
2025-08-23T14:18:04.3010038Z Writing to /home/runner/.m2/toolchains.xml
2025-08-23T14:18:04.3010550Z 
2025-08-23T14:18:04.3010877Z Java configuration:
2025-08-23T14:18:04.3011253Z   Distribution: temurin
2025-08-23T14:18:04.3011751Z   Version: 17.0.16+8
2025-08-23T14:18:04.3012406Z   Path: /opt/hostedtoolcache/Java_Temurin-Hotspot_jdk/17.0.16-8/x64
2025-08-23T14:18:04.3012848Z 
2025-08-23T14:18:04.3014644Z ##[endgroup]
2025-08-23T14:18:04.3017654Z Creating settings.xml with server-id: github
2025-08-23T14:18:04.3034420Z Writing to /home/runner/.m2/settings.xml
2025-08-23T14:18:04.3136630Z ##[group]Run yes | $ANDROID_HOME/cmdline-tools/latest/bin/sdkmanager --licenses || true
2025-08-23T14:18:04.3137244Z [36;1myes | $ANDROID_HOME/cmdline-tools/latest/bin/sdkmanager --licenses || true[0m
2025-08-23T14:18:04.3137897Z [36;1m$ANDROID_HOME/cmdline-tools/latest/bin/sdkmanager "platform-tools" "platforms;android-34" "build-tools;34.0.0"[0m
2025-08-23T14:18:04.3212504Z shell: /usr/bin/bash -e {0}
2025-08-23T14:18:04.3212751Z env:
2025-08-23T14:18:04.3213040Z   JAVA_HOME: /opt/hostedtoolcache/Java_Temurin-Hotspot_jdk/17.0.16-8/x64
2025-08-23T14:18:04.3213499Z   JAVA_HOME_17_X64: /opt/hostedtoolcache/Java_Temurin-Hotspot_jdk/17.0.16-8/x64
2025-08-23T14:18:04.3213848Z ##[endgroup]
2025-08-23T14:18:09.1127902Z Loading local repository...                                                     
2025-08-23T14:18:09.1128763Z [=========                              ] 25% Loading local repository...       
2025-08-23T14:18:10.2654868Z [=========                              ] 25% Fetch remote repository...        
2025-08-23T14:18:10.7750990Z [==========                             ] 26% Fetch remote repository...        
2025-08-23T14:18:10.7752015Z [============                           ] 31% Fetch remote repository...        
2025-08-23T14:18:10.7932503Z [============                           ] 32% Fetch remote repository...        
2025-08-23T14:18:10.7933472Z [=============                          ] 33% Fetch remote repository...        
2025-08-23T14:18:10.8323837Z [=============                          ] 35% Fetch remote repository...        
2025-08-23T14:18:10.8328220Z [==============                         ] 36% Fetch remote repository...        
2025-08-23T14:18:10.8480250Z [==============                         ] 37% Fetch remote repository...        
2025-08-23T14:18:10.8492670Z [===============                        ] 38% Fetch remote repository...        
2025-08-23T14:18:10.8820930Z [===============                        ] 39% Fetch remote repository...        
2025-08-23T14:18:10.8833740Z [================                       ] 40% Fetch remote repository...        
2025-08-23T14:18:10.9035361Z [================                       ] 41% Fetch remote repository...        
2025-08-23T14:18:10.9036703Z [================                       ] 42% Fetch remote repository...        
2025-08-23T14:18:10.9225242Z [=================                      ] 44% Fetch remote repository...        
2025-08-23T14:18:10.9252899Z [=================                      ] 45% Fetch remote repository...        
2025-08-23T14:18:10.9403732Z [==================                     ] 46% Fetch remote repository...        
2025-08-23T14:18:10.9405506Z [==================                     ] 47% Fetch remote repository...        
2025-08-23T14:18:10.9603852Z [===================                    ] 48% Fetch remote repository...        
2025-08-23T14:18:10.9610646Z [===================                    ] 49% Fetch remote repository...        
2025-08-23T14:18:10.9994688Z [====================                   ] 50% Fetch remote repository...        
2025-08-23T14:18:10.9996720Z [====================                   ] 51% Fetch remote repository...        
2025-08-23T14:18:11.1035479Z [====================                   ] 53% Fetch remote repository...        
2025-08-23T14:18:11.1042990Z [=====================                  ] 54% Fetch remote repository...        
2025-08-23T14:18:11.1212509Z [=====================                  ] 55% Fetch remote repository...        
2025-08-23T14:18:11.1213605Z [======================                 ] 56% Fetch remote repository...        
2025-08-23T14:18:11.1315091Z [======================                 ] 57% Fetch remote repository...        
2025-08-23T14:18:11.1319423Z [=======================                ] 58% Fetch remote repository...        
2025-08-23T14:18:11.1485728Z [=======================                ] 59% Fetch remote repository...        
2025-08-23T14:18:11.1486825Z [========================               ] 60% Fetch remote repository...        
2025-08-23T14:18:11.1736088Z [========================               ] 61% Fetch remote repository...        
2025-08-23T14:18:11.1740568Z [=========================              ] 63% Fetch remote repository...        
2025-08-23T14:18:11.1908482Z [=========================              ] 64% Fetch remote repository...        
2025-08-23T14:18:11.1913422Z [=========================              ] 65% Fetch remote repository...        
2025-08-23T14:18:11.2052319Z [==========================             ] 66% Fetch remote repository...        
2025-08-23T14:18:11.2074042Z [==========================             ] 67% Fetch remote repository...        
2025-08-23T14:18:11.2194295Z [===========================            ] 68% Fetch remote repository...        
2025-08-23T14:18:11.2197018Z [===========================            ] 69% Fetch remote repository...        
2025-08-23T14:18:11.4969624Z [============================           ] 70% Fetch remote repository...        
2025-08-23T14:18:11.4972429Z [============================           ] 72% Fetch remote repository...        
2025-08-23T14:18:11.6327806Z [=============================          ] 73% Fetch remote repository...        
2025-08-23T14:18:11.6328868Z [=============================          ] 74% Fetch remote repository...        
2025-08-23T14:18:11.6415319Z [=============================          ] 75% Fetch remote repository...        
2025-08-23T14:18:11.6522675Z [=============================          ] 75% Computing updates...              
2025-08-23T14:18:11.6523713Z [=======================================] 100% Computing updates...             
2025-08-23T14:18:11.6974900Z 6 of 7 SDK package licenses not accepted.
2025-08-23T14:18:11.6979253Z Review licenses that have not been accepted (y/N)? 
2025-08-23T14:18:11.6980362Z 1/6: License android-googletv-license:
2025-08-23T14:18:11.6981128Z ---------------------------------------
2025-08-23T14:18:11.6983776Z Terms and Conditions
2025-08-23T14:18:11.6984190Z 
2025-08-23T14:18:11.6984982Z This is the Google TV Add-on for the Android Software Development Kit License Agreement.
2025-08-23T14:18:11.6985771Z 
2025-08-23T14:18:11.6986076Z 1. Introduction
2025-08-23T14:18:11.6986462Z 
2025-08-23T14:18:11.6998039Z 1.1 The Google TV Add-on for the Android Software Development Kit (referred to in this License Agreement as the "Google TV Add-on" and specifically including the Android system files, packaged APIs, and Google APIs add-ons) is licensed to you subject to the terms of this License Agreement. This License Agreement forms a legally binding contract between you and Google in relation to your use of the Google TV Add-on.
2025-08-23T14:18:11.7000487Z 
2025-08-23T14:18:11.7001880Z 1.2 "Google" means Google Inc., a Delaware corporation with principal place of business at 1600 Amphitheatre Parkway, Mountain View, CA 94043, United States.
2025-08-23T14:18:11.7022143Z 
2025-08-23T14:18:11.7022640Z 2. Accepting this License Agreement
2025-08-23T14:18:11.7023201Z 
2025-08-23T14:18:11.7024422Z 2.1 In order to use the Google TV Add-on, you must first agree to this License Agreement. You may not use the Google TV Add-on if you do not accept this License Agreement.
2025-08-23T14:18:11.7025453Z 
2025-08-23T14:18:11.7025837Z 2.2 You can accept this License Agreement by:
2025-08-23T14:18:11.7026255Z 
2025-08-23T14:18:11.7027042Z (A) clicking to accept or agree to this License Agreement, where this option is made available to you; or
2025-08-23T14:18:11.7027908Z 
2025-08-23T14:18:11.7029076Z (B) by actually using the Google TV Add-on. In this case, you agree that use of the Google TV Add-on constitutes acceptance of the License Agreement from that point onwards.
2025-08-23T14:18:11.7032684Z 
2025-08-23T14:18:11.7035956Z 2.3 You may not use the Google TV Add-on and may not accept the Licensing Agreement if you are a person barred from receiving the Google TV Add-on under the laws of the United States or other countries including the country in which you are resident or from which you use the Google TV Add-on.
2025-08-23T14:18:11.7038118Z 
2025-08-23T14:18:11.7040686Z 2.4 If you are agreeing to be bound by this License Agreement on behalf of your employer or other entity, you represent and warrant that you have full legal authority to bind your employer or such entity to this License Agreement. If you do not have the requisite authority, you may not accept the Licensing Agreement or use the Google TV Add-on on behalf of your employer or other entity.
2025-08-23T14:18:11.7042821Z 
2025-08-23T14:18:11.7043110Z 3. Google TV Add-on License from Google
2025-08-23T14:18:11.7043417Z 
2025-08-23T14:18:11.7045009Z 3.1 Subject to the terms of this License Agreement, Google grants you a limited, worldwide, royalty-free, non- assignable and non-exclusive license to use the Google TV Add-on solely to develop applications to run on the Google TV platform.
2025-08-23T14:18:11.7046309Z 
2025-08-23T14:18:11.7049112Z 3.2 You agree that Google or third parties own all legal right, title and interest in and to the Google TV Add-on, including any Intellectual Property Rights that subsist in the Google TV Add-on. "Intellectual Property Rights" means any and all rights under patent law, copyright law, trade secret law, trademark law, and any and all other proprietary rights. Google reserves all rights not expressly granted to you.
2025-08-23T14:18:11.7051465Z 
2025-08-23T14:18:11.7056059Z 3.3 Except to the extent required by applicable third party licenses, you may not copy (except for backup purposes), modify, adapt, redistribute, decompile, reverse engineer, disassemble, or create derivative works of the Google TV Add-on or any part of the Google TV Add-on. Except to the extent required by applicable third party licenses, you may not load any part of the Google TV Add-on onto a mobile handset, television, or any other hardware device except a personal computer, combine any part of the Google TV Add-on with other software, or distribute any software or device incorporating a part of the Google TV Add-on.
2025-08-23T14:18:11.7059500Z 
2025-08-23T14:18:11.7061099Z 3.4 Use, reproduction and distribution of components of the Google TV Add-on licensed under an open source software license are governed solely by the terms of that open source software license and not this License Agreement.
2025-08-23T14:18:11.7062587Z 
2025-08-23T14:18:11.7066049Z 3.5 You agree that the form and nature of the Google TV Add-on that Google provides may change without prior notice to you and that future versions of the Google TV Add-on may be incompatible with applications developed on previous versions of the Google TV Add-on. You agree that Google may stop (permanently or temporarily) providing the Google TV Add-on (or any features within the Google TV Add-on) to you or to users generally at Google's sole discretion, without prior notice to you.
2025-08-23T14:18:11.7068682Z 
2025-08-23T14:18:11.7070558Z 3.6 Nothing in this License Agreement gives you a right to use any of Google's or it’s licensors’ trade names, trademarks, service marks, logos, domain names, or other distinctive brand features.
2025-08-23T14:18:11.7071792Z 
2025-08-23T14:18:11.7073082Z 3.7 You agree that you will not remove, obscure, or alter any proprietary rights notices (including copyright and trademark notices) that may be affixed to or contained within the Google TV Add-on.
2025-08-23T14:18:11.7074148Z 
2025-08-23T14:18:11.7074400Z 4. Use of the Google TV Add-on by You
2025-08-23T14:18:11.7074683Z 
2025-08-23T14:18:11.7076519Z 4.1 Google agrees that it obtains no right, title or interest from you (or your licensors) under this License Agreement in or to any software applications that you develop using the Google TV Add-on, including any intellectual property rights that subsist in those applications.
2025-08-23T14:18:11.7077977Z 
2025-08-23T14:18:11.7080619Z 4.2 You agree to use the Google TV Add-on and write applications only for purposes that are permitted by (a) this License Agreement and (b) any applicable law, regulation or generally accepted practices or guidelines in the relevant jurisdictions (including any laws regarding the export of data or software to and from the United States or other relevant countries).
2025-08-23T14:18:11.7091343Z 
2025-08-23T14:18:11.7097971Z 4.3 You agree that if you use the Google TV Add-on to develop applications for general public users, you will protect the privacy and legal rights of those users. If the users provide you with user names, passwords, or other login information or personal information, your must make the users aware that the information will be available to your application, and you must provide legally adequate privacy notice and protection for those users. If your application stores personal or sensitive information provided by users, it must do so securely. If the user provides your application with Google Account information, your application may only use that information to access the user's Google Account when, and for the limited purposes for which, the user has given you explicit permission to do so.
2025-08-23T14:18:11.7102567Z 
2025-08-23T14:18:11.7105319Z 4.4 You agree that you will not engage in any activity with the Google TV Add-on, including the development or distribution of an application, that interferes with, disrupts, damages, or accesses in an unauthorized manner the servers, networks, or other properties or services of any third party including, but not limited to, Google, Multichannel Video Program Distributors or any mobile communications carrier.
2025-08-23T14:18:11.7107443Z 
2025-08-23T14:18:11.7109950Z 4.5 You agree that you are solely responsible for (and that Google has no responsibility to you or to any third party for) any data, content, or resources that you create, transmit or display through the Google TV platform and/or applications for the Google TV platform, and for the consequences of your actions (including any loss or damage which Google may suffer) by doing so.
2025-08-23T14:18:11.7112155Z 
2025-08-23T14:18:11.7115669Z 4.6 You agree that you are solely responsible for (and that Google has no responsibility to you or to any third party for) any breach of your obligations under this License Agreement, any applicable third party contract or Terms of Service, or any applicable law or regulation, and for the consequences (including any loss or damage which Google or any third party may suffer) of any such breach.
2025-08-23T14:18:11.7118336Z 
2025-08-23T14:18:11.7118547Z 5. Your Developer Credentials
2025-08-23T14:18:11.7118813Z 
2025-08-23T14:18:11.7120721Z 5.1 You agree that you are responsible for maintaining the confidentiality of any developer credentials that may be issued to you by Google or which you may choose yourself and that you will be solely responsible for all applications that are developed under your developer credentials.
2025-08-23T14:18:11.7123306Z 
2025-08-23T14:18:11.7123522Z 6. Privacy and Information
2025-08-23T14:18:11.7123780Z 
2025-08-23T14:18:11.7127236Z 6.1 In order to continually innovate and improve the Google TV Add-on, Google may collect certain usage statistics from the software including but not limited to a unique identifier, associated IP address, version number of the software, and information on which tools and/or services in the Google TV Add-on are being used and how they are being used. Before any of this information is collected, the Google TV Add-on will notify you and seek your consent. If you withhold consent, the information will not be collected.
2025-08-23T14:18:11.7130151Z 
2025-08-23T14:18:11.7131095Z 6.2 The data collected is examined in the aggregate to improve the Google TV Add-on and is maintained in accordance with Google's Privacy Policy.
2025-08-23T14:18:11.7132035Z 
2025-08-23T14:18:11.7132383Z 7. Third Party Applications for the Google TV Platform
2025-08-23T14:18:11.7132762Z 
2025-08-23T14:18:11.7137719Z 7.1 If you use the Google TV Add-on to run applications developed by a third party or that access data, content or resources provided by a third party, you agree that Google is not responsible for those applications, data, content, or resources. You understand that all data, content or resources which you may access through such third party applications are the sole responsibility of the person from which they originated and that Google is not liable for any loss or damage that you may experience as a result of the use or access of any of those third party applications, data, content, or resources.
2025-08-23T14:18:11.7140771Z 
2025-08-23T14:18:11.7144218Z 7.2 You should be aware the data, content, and resources presented to you through such a third party application may be protected by intellectual property rights which are owned by the providers (or by other persons or companies on their behalf). You may not modify, rent, lease, loan, sell, distribute or create derivative works based on these data, content, or resources (either in whole or in part) unless you have been specifically given permission to do so by the relevant owners.
2025-08-23T14:18:11.7146658Z 
2025-08-23T14:18:11.7148809Z 7.3 You acknowledge that your use of such third party applications, data, content, or resources may be subject to separate terms between you and the relevant third party. In that case, this License Agreement does not affect your legal relationship with these third parties.
2025-08-23T14:18:11.7150430Z 
2025-08-23T14:18:11.7150612Z 8. Using Google TV APIs
2025-08-23T14:18:11.7150839Z 
2025-08-23T14:18:11.7158253Z 8.1 If you use any Google TV API to retrieve data from Google, you acknowledge that the data (“Google TV API Content”) may be protected by intellectual property rights which are owned by Google or those parties that provide the data (or by other persons or companies on their behalf). Your use of any such API may be subject to additional Terms of Service. You may not modify, rent, lease, loan, sell, distribute or create derivative works based on this data (either in whole or in part) unless allowed by the relevant Terms of Service. Some portions of the Google TV API Content are licensed to Google by third parties, including but not limited to Tribune Media Services
2025-08-23T14:18:11.7161729Z 
2025-08-23T14:18:11.7163378Z 8.2 If you use any API to retrieve a user's data from Google, you acknowledge and agree that you shall retrieve data only with the user's explicit consent and only when, and for the limited purposes for which, the user has given you permission to do so.
2025-08-23T14:18:11.7164660Z 
2025-08-23T14:18:11.7165290Z 8.3 Except as explicitly permitted in Section 3 (Google TV Add-on License from Google), you must:
2025-08-23T14:18:11.7165860Z 
2025-08-23T14:18:11.7167047Z (a) not modify nor format the Google TV API Content except to the extent reasonably and technically necessary to optimize the display such Google TV API Content in your application;
2025-08-23T14:18:11.7168140Z 
2025-08-23T14:18:11.7169467Z (b) not edit the Google TV API Content in a manner that renders the Google TV API Content inaccurate of alters its inherent meaning (provided that displaying excerpts will not violate the foregoing); or
2025-08-23T14:18:11.7170543Z 
2025-08-23T14:18:11.7171185Z (c) not create any commercial audience measurement tool or service using the Google TV API Content
2025-08-23T14:18:11.7172010Z 
2025-08-23T14:18:11.7172271Z 9. Terminating this License Agreement
2025-08-23T14:18:11.7172570Z 
2025-08-23T14:18:11.7173259Z 9.1 This License Agreement will continue to apply until terminated by either you or Google as set out below.
2025-08-23T14:18:11.7173898Z 
2025-08-23T14:18:11.7174824Z 9.2 If you want to terminate this License Agreement, you may do so by ceasing your use of the Google TV Add-on and any relevant developer credentials.
2025-08-23T14:18:11.7175618Z 
2025-08-23T14:18:11.7176067Z 9.3 Google may at any time, terminate this License Agreement with you if:
2025-08-23T14:18:11.7176508Z 
2025-08-23T14:18:11.7176907Z (A) you have breached any provision of this License Agreement; or
2025-08-23T14:18:11.7177328Z 
2025-08-23T14:18:11.7177586Z (B) Google is required to do so by law; or
2025-08-23T14:18:11.7177890Z 
2025-08-23T14:18:11.7179531Z (C) the partner with whom Google offered certain parts of Google TV Add-on (such as APIs) to you has terminated its relationship with Google or ceased to offer certain parts of the Google TV Add-on to you; or
2025-08-23T14:18:11.7181913Z 
2025-08-23T14:18:11.7184130Z (D) Google decides to no longer providing the Google TV Add-on or certain parts of the Google TV Add-on to users in the country in which you are resident or from which you use the service, or the provision of the Google TV Add-on or certain Google TV Add-on services to you by Google is, in Google's sole discretion, no longer commercially viable.
2025-08-23T14:18:11.7185823Z 
2025-08-23T14:18:11.7188855Z 9.4 When this License Agreement comes to an end, all of the legal rights, obligations and liabilities that you and Google have benefited from, been subject to (or which have accrued over time whilst this License Agreement has been in force) or which are expressed to continue indefinitely, shall be unaffected by this cessation, and the provisions of paragraph 14.7 shall continue to apply to such rights, obligations and liabilities indefinitely.
2025-08-23T14:18:11.7191406Z 
2025-08-23T14:18:11.7191757Z 10. DISCLAIMER OF WARRANTIES
2025-08-23T14:18:11.7192011Z 
2025-08-23T14:18:11.7193261Z 10.1 YOU EXPRESSLY UNDERSTAND AND AGREE THAT YOUR USE OF THE GOOGLE TV ADD-ON IS AT YOUR SOLE RISK AND THAT THE GOOGLE TV ADD-ON IS PROVIDED "AS IS" AND "AS AVAILABLE" WITHOUT WARRANTY OF ANY KIND FROM GOOGLE.
2025-08-23T14:18:11.7194277Z 
2025-08-23T14:18:11.7196833Z 10.2 YOUR USE OF THE GOOGLE TV ADD-ON AND ANY MATERIAL DOWNLOADED OR OTHERWISE OBTAINED THROUGH THE USE OF THE GOOGLE TV ADD-ON IS AT YOUR OWN DISCRETION AND RISK AND YOU ARE SOLELY RESPONSIBLE FOR ANY DAMAGE TO YOUR COMPUTER SYSTEM OR OTHER DEVICE OR LOSS OF DATA THAT RESULTS FROM SUCH USE.
2025-08-23T14:18:11.7198325Z 
2025-08-23T14:18:11.7200031Z 10.3 GOOGLE FURTHER EXPRESSLY DISCLAIMS ALL WARRANTIES AND CONDITIONS OF ANY KIND, WHETHER EXPRESS OR IMPLIED, INCLUDING, BUT NOT LIMITED TO THE IMPLIED WARRANTIES AND CONDITIONS OF MERCHANTABILITY, FITNESS FOR A PARTICULAR PURPOSE AND NON-INFRINGEMENT.
2025-08-23T14:18:11.7201425Z 
2025-08-23T14:18:11.7201767Z 11. LIMITATION OF LIABILITY
2025-08-23T14:18:11.7202019Z 
2025-08-23T14:18:11.7204897Z 11.1 YOU EXPRESSLY UNDERSTAND AND AGREE THAT GOOGLE, ITS SUBSIDIARIES AND AFFILIATES, AND ITS LICENSORS SHALL NOT BE LIABLE TO YOU UNDER ANY THEORY OF LIABILITY FOR ANY DIRECT, INDIRECT, INCIDENTAL, SPECIAL CONSEQUENTIAL OR EXEMPLARY DAMAGES THAT MAY BE INCURRED BY YOU, INCLUDING ANY LOSS OF DATA, WHETHER OR NOT GOOGLE OR ITS REPRESENTATIVES HAVE BEEN ADVISED OF OR SHOULD HAVE BEEN AWARE OF THE POSSIBILITY OF ANY SUCH LOSSES ARISING.
2025-08-23T14:18:11.7207181Z 
2025-08-23T14:18:11.7207353Z 12. Indemnification
2025-08-23T14:18:11.7207689Z 
2025-08-23T14:18:11.7212891Z 12.1 To the maximum extent permitted by law, you agree to defend, indemnify and hold harmless Google, its affiliates and their respective directors, officers, employees and agents from and against any and all claims, actions, suits or proceedings, as well as any and all losses, liabilities, damages, costs and expenses (including reasonable attorneys fees) arising out of or accruing from (a) your use of the Google TV Add-on, (b) any application you develop on the Google TV Add-on that infringes any copyright, trademark, trade secret, trade dress, patent or other intellectual property right of any person or defames any person or violates their rights of publicity or privacy, and (c) any non-compliance by you with this License Agreement.
2025-08-23T14:18:11.7216704Z 
2025-08-23T14:18:11.7216954Z 13. Changes to the License Agreement
2025-08-23T14:18:11.7217246Z 
2025-08-23T14:18:11.7217926Z 13.1 Google may make changes to the License Agreement as it distributes new versions of the Google TV Add-on.
2025-08-23T14:18:11.7218553Z 
2025-08-23T14:18:11.7218717Z 14. General Legal Terms
2025-08-23T14:18:11.7218935Z 
2025-08-23T14:18:11.7221334Z 14.1 This License Agreement constitute the whole legal agreement between you and Google and govern your use of the Google TV Add-on (excluding any services which Google may provide to you under a separate written agreement), and completely replace any prior agreements between you and Google in relation to the Google TV Add-on.
2025-08-23T14:18:11.7223319Z 
2025-08-23T14:18:11.7225464Z 14.2 You agree that if Google does not exercise or enforce any legal right or remedy which is contained in this License Agreement (or which Google has the benefit of under any applicable law), this will not be taken to be a formal waiver of Google's rights and that those rights or remedies will still be available to Google.
2025-08-23T14:18:11.7227131Z 
2025-08-23T14:18:11.7229548Z 14.3 If any court of law, having the jurisdiction to decide on this matter, rules that any provision of this License Agreement is invalid, then that provision will be removed from this License Agreement without affecting the rest of this License Agreement. The remaining provisions of this License Agreement will continue to be valid and enforceable.
2025-08-23T14:18:11.7231836Z 
2025-08-23T14:18:11.7235788Z 14.4 You acknowledge and agree that Google’s API data licensors and each member of the group of companies of which Google is the parent shall be third party beneficiaries to this License Agreement and that such other companies shall be entitled to directly enforce, and rely upon, any provision of this License Agreement that confers a benefit on (or rights in favor of) them. Other than this, no other person or company shall be third party beneficiaries to this License Agreement.
2025-08-23T14:18:11.7238308Z 
2025-08-23T14:18:11.7240160Z 14.5 EXPORT RESTRICTIONS. THE GOOGLE TV ADD-ON IS SUBJECT TO UNITED STATES EXPORT LAWS AND REGULATIONS. YOU MUST COMPLY WITH ALL DOMESTIC AND INTERNATIONAL EXPORT LAWS AND REGULATIONS THAT APPLY TO THE GOOGLE TV ADD-ON. THESE LAWS INCLUDE RESTRICTIONS ON DESTINATIONS, END USERS AND END USE.
2025-08-23T14:18:11.7241853Z 
2025-08-23T14:18:11.7244249Z 14.6 The rights granted in this License Agreement may not be assigned or transferred by either you or Google without the prior written approval of the other party. Neither you nor Google shall be permitted to delegate their responsibilities or obligations under this License Agreement without the prior written approval of the other party.
2025-08-23T14:18:11.7246141Z 
2025-08-23T14:18:11.7250096Z 14.7 This License Agreement, and your relationship with Google under this License Agreement, shall be governed by the laws of the State of California without regard to its conflict of laws provisions. You and Google agree to submit to the exclusive jurisdiction of the courts located within the county of Santa Clara, California to resolve any legal matter arising from this License Agreement. Notwithstanding this, you agree that Google shall still be allowed to apply for injunctive remedies (or an equivalent type of urgent legal relief) in any jurisdiction.
2025-08-23T14:18:11.7253286Z 
2025-08-23T14:18:11.7253301Z 
2025-08-23T14:18:11.7253453Z August 15, 2011
2025-08-23T14:18:11.7253891Z ---------------------------------------
2025-08-23T14:18:11.7254325Z Accept? (y/N): 
2025-08-23T14:18:11.7254786Z 2/6: License android-googlexr-license:
2025-08-23T14:18:11.7255336Z ---------------------------------------
2025-08-23T14:18:11.7257359Z To get started with the Android XR Emulator System Image SDK, you must agree to the following terms and conditions. As described below, please note that this is a preview, emulated version of the Android XR OS, subject to change, that you use at your own risk.
2025-08-23T14:18:11.7258771Z 
2025-08-23T14:18:11.7259194Z This is the Android XR Emulator System Image SDK License Agreement
2025-08-23T14:18:11.7259624Z 
2025-08-23T14:18:11.7259766Z 1. Introduction
2025-08-23T14:18:11.7259959Z 
2025-08-23T14:18:11.7263432Z 1.1 The Android Android XR Emulator System Image SDK (referred to in the License Agreement as the "SDK" and specifically including the Android system files,, packaged APIs, library files (if and when they are made available), and Google applications and APIs add-ons) is licensed to you subject to the terms of the License Agreement. The License Agreement forms a legally binding contract between you and Google in relation to your use of the SDK.
2025-08-23T14:18:11.7265822Z 
2025-08-23T14:18:11.7267293Z 1.2 "Android" means the Android software stack for devices, as made available under the Android Open Source Project, which is located at the following URL: https://source.android.com/, as updated from time to time.
2025-08-23T14:18:11.7268489Z 
2025-08-23T14:18:11.7269928Z 1.3 "Google" means Google LLC, organized under the laws of the State of Delaware, USA, and operating under the laws of the USA with principal place of business at 1600 Amphitheatre Parkway, Mountain View, CA 94043, USA.
2025-08-23T14:18:11.7271099Z 
2025-08-23T14:18:11.7271342Z 2. Accepting this License Agreement
2025-08-23T14:18:11.7271773Z 
2025-08-23T14:18:11.7272671Z 2.1 In order to use the SDK, you must first agree to the License Agreement. You may not use the SDK if you do not accept the License Agreement.
2025-08-23T14:18:11.7273616Z 
2025-08-23T14:18:11.7274273Z 2.2 By clicking to accept and/or using this SDK, you hereby agree to the terms of the License Agreement.
2025-08-23T14:18:11.7274885Z 
2025-08-23T14:18:11.7276604Z 2.3 You may not use the SDK and may not accept the License Agreement if you are a person barred from receiving the SDK under the laws of the United States or other countries, including the country in which you are resident or from which you use the SDK.
2025-08-23T14:18:11.7277944Z 
2025-08-23T14:18:11.7280455Z 2.4 If you are agreeing to be bound by the License Agreement on behalf of your employer or other entity, you represent and warrant that you have full legal authority to bind your employer or such entity to the License Agreement. If you do not have the requisite authority, you may not accept the License Agreement or use the SDK on behalf of your employer or other entity.
2025-08-23T14:18:11.7282547Z 
2025-08-23T14:18:11.7282746Z 3. SDK License from Google
2025-08-23T14:18:11.7283000Z 
2025-08-23T14:18:11.7284569Z 3.1 Subject to the terms of the License Agreement, Google grants you a limited, worldwide, royalty-free, non-assignable, non-exclusive, and non-sublicensable license to use the SDK solely to develop applications for Android XR.
2025-08-23T14:18:11.7285852Z 
2025-08-23T14:18:11.7287322Z 3.2 You may not use this SDK to develop applications for other platforms or to develop another SDK. You are of course free to develop applications for other platforms provided that this SDK is not used for that purpose.
2025-08-23T14:18:11.7288538Z 
2025-08-23T14:18:11.7291214Z 3.3 You agree that Google or third parties own all legal right, title and interest in and to the SDK, including any Intellectual Property Rights that subsist in the SDK. "Intellectual Property Rights" means any and all rights under patent law, copyright law, trade secret law, trademark law, and any and all other proprietary rights. Google reserves all rights not expressly granted to you.
2025-08-23T14:18:11.7293466Z 
2025-08-23T14:18:11.7297339Z 3.4 You may not use the SDK for any purpose not expressly permitted by the License Agreement. Except to the extent required by applicable third party licenses, you may not (a) copy (except for backup purposes), modify, adapt, redistribute, decompile, reverse engineer, disassemble, or create derivative works of the SDK or any part of the SDK; or (b) load any part of the SDK onto a mobile handset or any other hardware device except a personal computer, combine any part of the SDK with other software, or distribute any software or device incorporating a part of the SDK.
2025-08-23T14:18:11.7300276Z 
2025-08-23T14:18:11.7303499Z 3.5 Use, reproduction and distribution of components of the SDK licensed under an open source software license are governed solely by the terms of that open source software license and not the License Agreement. You agree to remain a licensee in good standing in regard to such open source software licenses under all the rights granted and to refrain from any actions that may terminate, suspend, or breach such rights.
2025-08-23T14:18:11.7305785Z 
2025-08-23T14:18:11.7308673Z 3.6 You agree that the form and nature of the SDK that Google provides may change without prior notice to you and that future versions of the SDK may be incompatible with applications developed on previous versions of the SDK. You agree that Google may stop (permanently or temporarily) providing the SDK (or any features within the SDK) to you or to users generally at Google's sole discretion, without prior notice to you.
2025-08-23T14:18:11.7310901Z 
2025-08-23T14:18:11.7312208Z 3.7 Nothing in the License Agreement gives you a right to use any of Google's trade names, trademarks, service marks, logos, domain names, or other distinctive brand features.
2025-08-23T14:18:11.7313197Z 
2025-08-23T14:18:11.7314463Z 3.8 You agree that you will not remove, obscure, or alter any proprietary rights notices (including copyright and trademark notices) that may be affixed to or contained within the SDK.
2025-08-23T14:18:11.7315664Z 
2025-08-23T14:18:11.7315849Z 4. Use of the SDK by You
2025-08-23T14:18:11.7316083Z 
2025-08-23T14:18:11.7317893Z 4.1 Google agrees that it obtains no right, title or interest from you (or your licensors) under the License Agreement in or to any software applications that you develop using the SDK, including any intellectual property rights that subsist in those applications.
2025-08-23T14:18:11.7319344Z 
2025-08-23T14:18:11.7321882Z 4.2 You agree to use the SDK and write applications only for purposes that are permitted by (a) the License Agreement and (b) any applicable law, regulation or generally accepted practices or guidelines in the relevant jurisdictions (including any laws regarding the export of data or software to and from the United States or other relevant countries).
2025-08-23T14:18:11.7324086Z 
2025-08-23T14:18:11.7329675Z 4.3 You agree that if you use the SDK to develop applications for general public users, you will protect the privacy and legal rights of those users. If the users provide you with user names, passwords, or other login information or personal information, you must make the users aware that the information will be available to your application, and you must provide legally adequate privacy notice and protection for those users. If your application stores personal or sensitive information provided by users, it must do so securely. If the user provides your application with Google Account information, your application may only use that information to access the user's Google Account when, and for the limited purposes for which, the user has given you permission to do so.
2025-08-23T14:18:11.7334022Z 
2025-08-23T14:18:11.7336521Z 4.4 You agree that you will not engage in any activity with the SDK, including the development or distribution of an application, that interferes with, disrupts, damages, or accesses in an unauthorized manner the servers, networks, or other properties or services of any third party including, but not limited to, Google or any mobile communications carrier.
2025-08-23T14:18:11.7338481Z 
2025-08-23T14:18:11.7340932Z 4.5 You agree that you are solely responsible for (and that Google has no responsibility to you or to any third party for) any data, content, or resources that you create, transmit or display through Android and/or applications for Android, and for the consequences of your actions (including any loss or damage which Google may suffer) by doing so.
2025-08-23T14:18:11.7342883Z 
2025-08-23T14:18:11.7345538Z 4.6 You agree that you are solely responsible for (and that Google has no responsibility to you or to any third party for) any breach of your obligations under the License Agreement, any applicable third party contract or Terms of Service, or any applicable law or regulation, and for the consequences (including any loss or damage which Google or any third party may suffer) of any such breach.
2025-08-23T14:18:11.7347587Z 
2025-08-23T14:18:11.7349764Z 4.7 The SDK is in development, and your testing and feedback are an important part of the development process. By using the SDK, you acknowledge that implementation of some features are still under development and that you should not rely on the SDK having the full functionality of a stable release.
2025-08-23T14:18:11.7351438Z 
2025-08-23T14:18:11.7351784Z 5. Your Developer Credentials
2025-08-23T14:18:11.7352059Z 
2025-08-23T14:18:11.7354054Z 5.1 You agree that you are responsible for maintaining the confidentiality of any developer credentials that may be issued to you by Google or which you may choose yourself and that you will be solely responsible for all applications that are developed under your developer credentials.
2025-08-23T14:18:11.7355650Z 
2025-08-23T14:18:11.7355834Z 6. Privacy and Information
2025-08-23T14:18:11.7356089Z 
2025-08-23T14:18:11.7359438Z 6.1 In order to continually innovate and improve the SDK, Google may collect certain usage statistics from the software including but not limited to a unique identifier, associated IP address, version number of the software, and information on which tools and/or services in the SDK are being used and how they are being used. Before any of this information is collected, the SDK will notify you and seek your consent. If you withhold consent, the information will not be collected.
2025-08-23T14:18:11.7362357Z 
2025-08-23T14:18:11.7363799Z 6.2 The data collected is examined in the aggregate to improve the SDK and is maintained in accordance with Google's Privacy Policy, which is located at the following URL: https://policies.google.com/privacy
2025-08-23T14:18:11.7364977Z 
2025-08-23T14:18:11.7365635Z 6.3 Anonymized and aggregated sets of the data may be shared with Google partners to improve the SDK.
2025-08-23T14:18:11.7366247Z 
2025-08-23T14:18:11.7366444Z 7. Third Party Applications
2025-08-23T14:18:11.7366723Z 
2025-08-23T14:18:11.7370834Z 7.1 If you use the SDK to run applications developed by a third party or that access data, content or resources provided by a third party, you agree that Google is not responsible for those applications, data, content, or resources. You understand that all data, content or resources which you may access through such third party applications are the sole responsibility of the person from which they originated and that Google is not liable for any loss or damage that you may experience as a result of the use or access of any of those third party applications, data, content, or resources.
2025-08-23T14:18:11.7374084Z 
2025-08-23T14:18:11.7377463Z 7.2 You should be aware that the data, content, and resources presented to you through such a third party application may be protected by intellectual property rights which are owned by the providers (or by other persons or companies on their behalf). You may not modify, rent, lease, loan, sell, distribute or create derivative works based on these data, content, or resources (either in whole or in part) unless you have been specifically given permission to do so by the relevant owners.
2025-08-23T14:18:11.7380099Z 
2025-08-23T14:18:11.7382115Z 7.3 You acknowledge that your use of such third party applications, data, content, or resources may be subject to separate terms between you and the relevant third party. In that case, the License Agreement does not affect your legal relationship with these third parties.
2025-08-23T14:18:11.7383615Z 
2025-08-23T14:18:11.7383786Z 8. Using Android APIs
2025-08-23T14:18:11.7384016Z 
2025-08-23T14:18:11.7384169Z 8.1 Google Data APIs
2025-08-23T14:18:11.7384375Z 
2025-08-23T14:18:11.7387783Z 8.1.1 If you use any API to retrieve data from Google, you acknowledge that the data may be protected by intellectual property rights which are owned by Google or those parties that provide the data (or by other persons or companies on their behalf). Your use of any such API may be subject to additional Terms of Service. You may not modify, rent, lease, loan, sell, distribute or create derivative works based on this data (either in whole or in part) unless allowed by the relevant Terms of Service.
2025-08-23T14:18:11.7390561Z 
2025-08-23T14:18:11.7396654Z 8.1.2 If you use any API to retrieve a user's data from Google, you acknowledge and agree that you shall retrieve data only with the user's explicit consent and only when, and for the limited purposes for which, the user has given you permission to do so. If you use the Android Recognition Service API, documented at the following URL: https://developer.android.com/reference/android/speech/RecognitionService, as updated from time to time, you acknowledge that the use of the API is subject to the Data Processing Addendum for Products where Google is a Data Processor, which is located at the following URL: https://privacy.google.com/businesses/gdprprocessorterms/, as updated from time to time. By clicking to accept, you hereby agree to the terms of the Data Processing Addendum for Products where Google is a Data Processor.
2025-08-23T14:18:11.7401092Z 
2025-08-23T14:18:11.7401347Z 9. Terminating this License Agreement
2025-08-23T14:18:11.7401790Z 
2025-08-23T14:18:11.7402685Z 9.1 The License Agreement will continue to apply until terminated by either you or Google as set out below.
2025-08-23T14:18:11.7403334Z 
2025-08-23T14:18:11.7404195Z 9.2 If you want to terminate the License Agreement, you may do so by ceasing your use of the SDK and any relevant developer credentials.
2025-08-23T14:18:11.7404940Z 
2025-08-23T14:18:11.7409197Z 9.3 Google may at any time, terminate the License Agreement with you if: (A) you have breached any provision of the License Agreement; or (B) Google is required to do so by law; or (C) the partner with whom Google offered certain parts of SDK (such as APIs) to you has terminated its relationship with Google or ceased to offer certain parts of the SDK to you; or (D) Google decides to no longer provide the SDK or certain parts of the SDK to users in the country in which you are resident or from which you use the service, or the provision of the SDK or certain SDK services to you by Google is, in Google's sole discretion, no longer commercially viable.
2025-08-23T14:18:11.7412584Z 
2025-08-23T14:18:11.7415783Z 9.4 When the License Agreement comes to an end, all of the legal rights, obligations and liabilities that you and Google have benefited from, been subject to (or which have accrued over time whilst the License Agreement has been in force) or which are expressed to continue indefinitely, shall be unaffected by this cessation, and the provisions of paragraph 14.7 shall continue to apply to such rights, obligations and liabilities indefinitely.
2025-08-23T14:18:11.7418218Z 
2025-08-23T14:18:11.7418437Z 10. DISCLAIMER OF WARRANTIES
2025-08-23T14:18:11.7418729Z 
2025-08-23T14:18:11.7419869Z 10.1 YOU EXPRESSLY UNDERSTAND AND AGREE THAT YOUR USE OF THE SDK IS AT YOUR SOLE RISK AND THAT THE SDK IS PROVIDED "AS IS" AND "AS AVAILABLE" WITHOUT WARRANTY OF ANY KIND FROM GOOGLE.
2025-08-23T14:18:11.7420623Z 
2025-08-23T14:18:11.7421713Z 10.2 YOUR USE OF THE SDK AND ANY MATERIAL DOWNLOADED OR OTHERWISE OBTAINED THROUGH THE USE OF THE SDK IS AT YOUR OWN DISCRETION AND RISK AND YOU ARE SOLELY RESPONSIBLE FOR ANY DAMAGE TO YOUR COMPUTER SYSTEM OR OTHER DEVICE OR LOSS OF DATA THAT RESULTS FROM SUCH USE.
2025-08-23T14:18:11.7422496Z 
2025-08-23T14:18:11.7423449Z 10.3 GOOGLE FURTHER EXPRESSLY DISCLAIMS ALL WARRANTIES AND CONDITIONS OF ANY KIND, WHETHER EXPRESS OR IMPLIED, INCLUDING, BUT NOT LIMITED TO THE IMPLIED WARRANTIES AND CONDITIONS OF MERCHANTABILITY, FITNESS FOR A PARTICULAR PURPOSE AND NON-INFRINGEMENT.
2025-08-23T14:18:11.7424243Z 
2025-08-23T14:18:11.7424346Z 11. LIMITATION OF LIABILITY
2025-08-23T14:18:11.7424497Z 
2025-08-23T14:18:11.7426255Z 11.1 YOU EXPRESSLY UNDERSTAND AND AGREE THAT GOOGLE, ITS SUBSIDIARIES AND AFFILIATES, AND ITS LICENSORS SHALL NOT BE LIABLE TO YOU UNDER ANY THEORY OF LIABILITY FOR ANY DIRECT, INDIRECT, INCIDENTAL, SPECIAL, CONSEQUENTIAL OR EXEMPLARY DAMAGES THAT MAY BE INCURRED BY YOU, INCLUDING ANY LOSS OF DATA, WHETHER OR NOT GOOGLE OR ITS REPRESENTATIVES HAVE BEEN ADVISED OF OR SHOULD HAVE BEEN AWARE OF THE POSSIBILITY OF ANY SUCH LOSSES ARISING.
2025-08-23T14:18:11.7427565Z 
2025-08-23T14:18:11.7427659Z 12. Indemnification
2025-08-23T14:18:11.7427777Z 
2025-08-23T14:18:11.7430458Z 12.1 To the maximum extent permitted by law, you agree to defend, indemnify and hold harmless Google, its affiliates and their respective directors, officers, employees and agents from and against any and all claims, actions, suits or proceedings, as well as any and all losses, liabilities, damages, costs and expenses (including reasonable attorneys fees) arising out of or accruing from (a) your use of the SDK, (b) any application you develop on the SDK that infringes any copyright, trademark, trade secret, trade dress, patent or other intellectual property right of any person or defames any person or violates their rights of publicity or privacy, and (c) any non-compliance by you with the License Agreement.
2025-08-23T14:18:11.7432640Z 
2025-08-23T14:18:11.7432783Z 13. Changes to the License Agreement
2025-08-23T14:18:11.7432951Z 
2025-08-23T14:18:11.7433819Z 13.1 Google may make changes to the License Agreement as it distributes new versions of the SDK. When these changes are made, Google will make a new version of the License Agreement available on the website where the SDK is made available.
2025-08-23T14:18:11.7434643Z 
2025-08-23T14:18:11.7434742Z 14. General Legal Terms
2025-08-23T14:18:11.7434876Z 
2025-08-23T14:18:11.7436010Z 14.1 The License Agreement constitutes the whole legal agreement between you and Google and governs your use of the SDK (excluding any services which Google may provide to you under a separate written agreement), and completely replaces any prior agreements between you and Google in relation to the SDK.
2025-08-23T14:18:11.7436940Z 
2025-08-23T14:18:11.7438104Z 14.2 You agree that if Google does not exercise or enforce any legal right or remedy which is contained in the License Agreement (or which Google has the benefit of under any applicable law), this will not be taken to be a formal waiver of Google's rights and that those rights or remedies will still be available to Google.
2025-08-23T14:18:11.7439027Z 
2025-08-23T14:18:11.7440298Z 14.3 If any court of law, having the jurisdiction to decide on this matter, rules that any provision of the License Agreement is invalid, then that provision will be removed from the License Agreement without affecting the rest of the License Agreement. The remaining provisions of the License Agreement will continue to be valid and enforceable.
2025-08-23T14:18:11.7441315Z 
2025-08-23T14:18:11.7443052Z 14.4 You acknowledge and agree that each member of the group of companies of which Google is the parent shall be third party beneficiaries to the License Agreement and that such other companies shall be entitled to directly enforce, and rely upon, any provision of the License Agreement that confers a benefit on (or rights in favor of) them. Other than this, no other person or company shall be third party beneficiaries to the License Agreement.
2025-08-23T14:18:11.7444335Z 
2025-08-23T14:18:11.7445328Z 14.5 EXPORT RESTRICTIONS. THE SDK IS SUBJECT TO UNITED STATES EXPORT LAWS AND REGULATIONS. YOU MUST COMPLY WITH ALL DOMESTIC AND INTERNATIONAL EXPORT LAWS AND REGULATIONS THAT APPLY TO THE SDK. THESE LAWS INCLUDE RESTRICTIONS ON DESTINATIONS, END USERS AND END USE.
2025-08-23T14:18:11.7446143Z 
2025-08-23T14:18:11.7447415Z 14.6 The rights granted in the License Agreement may not be assigned or transferred by either you or Google without the prior written approval of the other party. Neither you nor Google shall be permitted to delegate their responsibilities or obligations under the License Agreement without the prior written approval of the other party.
2025-08-23T14:18:11.7448442Z 
2025-08-23T14:18:11.7450635Z 14.7 The License Agreement, and your relationship with Google under the License Agreement, shall be governed by the laws of the State of California without regard to its conflict of laws provisions. You and Google agree to submit to the exclusive jurisdiction of the courts located within the county of Santa Clara, California to resolve any legal matter arising from the License Agreement. Notwithstanding this, you agree that Google shall still be allowed to apply for injunctive remedies (or an equivalent type of urgent legal relief) in any jurisdiction.
2025-08-23T14:18:11.7452514Z ---------------------------------------
2025-08-23T14:18:11.7452766Z Accept? (y/N): 
2025-08-23T14:18:11.7453135Z 3/6: License android-sdk-arm-dbt-license:
2025-08-23T14:18:11.7453455Z ---------------------------------------
2025-08-23T14:18:11.7453709Z Terms and Conditions
2025-08-23T14:18:11.7453836Z 
2025-08-23T14:18:11.7454061Z This is the Android Software Development Kit License Agreement
2025-08-23T14:18:11.7454295Z 
2025-08-23T14:18:11.7454375Z 1. Introduction
2025-08-23T14:18:11.7454498Z 
2025-08-23T14:18:11.7455851Z 1.1 The Android Software Development Kit (referred to in the License Agreement as the "SDK" and specifically including the Android system files, packaged APIs, and Google APIs add-ons) is licensed to you subject to the terms of the License Agreement. The License Agreement forms a legally binding contract between you and Google in relation to your use of the SDK.
2025-08-23T14:18:11.7457046Z 
2025-08-23T14:18:11.7457840Z 1.2 "Android" means the Android software stack for devices, as made available under the Android Open Source Project, which is located at the following URL: http://source.android.com/, as updated from time to time.
2025-08-23T14:18:11.7458490Z 
2025-08-23T14:18:11.7459808Z 1.3 A "compatible implementation" means any Android device that (i) complies with the Android Compatibility Definition document, which can be found at the Android compatibility website (http://source.android.com/compatibility) and which may be updated from time to time; and (ii) successfully passes the Android Compatibility Test Suite (CTS).
2025-08-23T14:18:11.7460864Z 
2025-08-23T14:18:11.7461443Z 1.4 "Google" means Google Inc., a Delaware corporation with principal place of business at 1600 Amphitheatre Parkway, Mountain View, CA 94043, United States.
2025-08-23T14:18:11.7462051Z 
2025-08-23T14:18:11.7462056Z 
2025-08-23T14:18:11.7462190Z 2. Accepting the License Agreement
2025-08-23T14:18:11.7462361Z 
2025-08-23T14:18:11.7462844Z 2.1 In order to use the SDK, you must first agree to the License Agreement. You may not use the SDK if you do not accept the License Agreement.
2025-08-23T14:18:11.7463270Z 
2025-08-23T14:18:11.7463552Z 2.2 By clicking to accept, you hereby agree to the terms of the License Agreement.
2025-08-23T14:18:11.7463831Z 
2025-08-23T14:18:11.7464729Z 2.3 You may not use the SDK and may not accept the License Agreement if you are a person barred from receiving the SDK under the laws of the United States or other countries, including the country in which you are resident or from which you use the SDK.
2025-08-23T14:18:11.7465460Z 
2025-08-23T14:18:11.7466794Z 2.4 If you are agreeing to be bound by the License Agreement on behalf of your employer or other entity, you represent and warrant that you have full legal authority to bind your employer or such entity to the License Agreement. If you do not have the requisite authority, you may not accept the License Agreement or use the SDK on behalf of your employer or other entity.
2025-08-23T14:18:11.7467852Z 
2025-08-23T14:18:11.7467857Z 
2025-08-23T14:18:11.7467957Z 3. SDK License from Google
2025-08-23T14:18:11.7468124Z 
2025-08-23T14:18:11.7469078Z 3.1 Subject to the terms of the License Agreement, Google grants you a limited, worldwide, royalty-free, non-assignable, non-exclusive, and non-sublicensable license to use the SDK solely to develop applications for compatible implementations of Android.
2025-08-23T14:18:11.7469873Z 
2025-08-23T14:18:11.7471224Z 3.2 You may not use this SDK to develop applications for other platforms (including non-compatible implementations of Android) or to develop another SDK. You are of course free to develop applications for other platforms, including non-compatible implementations of Android, provided that this SDK is not used for that purpose.
2025-08-23T14:18:11.7472331Z 
2025-08-23T14:18:11.7473779Z 3.3 You agree that Google or third parties own all legal right, title and interest in and to the SDK, including any Intellectual Property Rights that subsist in the SDK. "Intellectual Property Rights" means any and all rights under patent law, copyright law, trade secret law, trademark law, and any and all other proprietary rights. Google reserves all rights not expressly granted to you.
2025-08-23T14:18:11.7474937Z 
2025-08-23T14:18:11.7476204Z 3.4 You may not use the SDK for any purpose not expressly permitted by the License Agreement. Except to the extent required by applicable third party licenses, you may not copy (except for backup purposes), modify, adapt, redistribute, decompile, reverse engineer, disassemble, or create derivative works of the SDK or any part of the SDK.
2025-08-23T14:18:11.7477224Z 
2025-08-23T14:18:11.7478008Z 3.5 Use, reproduction and distribution of components of the SDK licensed under an open source software license are governed solely by the terms of that open source software license and not the License Agreement.
2025-08-23T14:18:11.7478807Z 
2025-08-23T14:18:11.7480483Z 3.6 You agree that the form and nature of the SDK that Google provides may change without prior notice to you and that future versions of the SDK may be incompatible with applications developed on previous versions of the SDK. You agree that Google may stop (permanently or temporarily) providing the SDK (or any features within the SDK) to you or to users generally at Google's sole discretion, without prior notice to you.
2025-08-23T14:18:11.7481807Z 
2025-08-23T14:18:11.7482429Z 3.7 Nothing in the License Agreement gives you a right to use any of Google's trade names, trademarks, service marks, logos, domain names, or other distinctive brand features.
2025-08-23T14:18:11.7482962Z 
2025-08-23T14:18:11.7483641Z 3.8 You agree that you will not remove, obscure, or alter any proprietary rights notices (including copyright and trademark notices) that may be affixed to or contained within the SDK.
2025-08-23T14:18:11.7484227Z 
2025-08-23T14:18:11.7484232Z 
2025-08-23T14:18:11.7484331Z 4. Use of the SDK by You
2025-08-23T14:18:11.7484464Z 
2025-08-23T14:18:11.7485436Z 4.1 Google agrees that it obtains no right, title or interest from you (or your licensors) under the License Agreement in or to any software applications that you develop using the SDK, including any intellectual property rights that subsist in those applications.
2025-08-23T14:18:11.7486231Z 
2025-08-23T14:18:11.7487537Z 4.2 You agree to use the SDK and write applications only for purposes that are permitted by (a) the License Agreement and (b) any applicable law, regulation or generally accepted practices or guidelines in the relevant jurisdictions (including any laws regarding the export of data or software to and from the United States or other relevant countries).
2025-08-23T14:18:11.7488591Z 
2025-08-23T14:18:11.7491516Z 4.3 You agree that if you use the SDK to develop applications for general public users, you will protect the privacy and legal rights of those users. If the users provide you with user names, passwords, or other login information or personal information, you must make the users aware that the information will be available to your application, and you must provide legally adequate privacy notice and protection for those users. If your application stores personal or sensitive information provided by users, it must do so securely. If the user provides your application with Google Account information, your application may only use that information to access the user's Google Account when, and for the limited purposes for which, the user has given you permission to do so.
2025-08-23T14:18:11.7493870Z 
2025-08-23T14:18:11.7495315Z 4.4 You agree that you will not engage in any activity with the SDK, including the development or distribution of an application, that interferes with, disrupts, damages, or accesses in an unauthorized manner the servers, networks, or other properties or services of any third party including, but not limited to, Google or any mobile communications carrier.
2025-08-23T14:18:11.7496388Z 
2025-08-23T14:18:11.7497666Z 4.5 You agree that you are solely responsible for (and that Google has no responsibility to you or to any third party for) any data, content, or resources that you create, transmit or display through Android and/or applications for Android, and for the consequences of your actions (including any loss or damage which Google may suffer) by doing so.
2025-08-23T14:18:11.7498691Z 
2025-08-23T14:18:11.7500134Z 4.6 You agree that you are solely responsible for (and that Google has no responsibility to you or to any third party for) any breach of your obligations under the License Agreement, any applicable third party contract or Terms of Service, or any applicable law or regulation, and for the consequences (including any loss or damage which Google or any third party may suffer) of any such breach.
2025-08-23T14:18:11.7501287Z 
2025-08-23T14:18:11.7503132Z 4.7 This software enables the execution of intellectual property owned by Arm Limited. You agree that your use of the software, that allows execution of ARM Instruction Set Architecture (“ISA”) compliant executables for application development and debug only on x86 desktop, laptop, customer on-premise servers, and customer-procured cloud-based environments.
2025-08-23T14:18:11.7504379Z 
2025-08-23T14:18:11.7504492Z 5. Your Developer Credentials
2025-08-23T14:18:11.7504650Z 
2025-08-23T14:18:11.7505711Z 5.1 You agree that you are responsible for maintaining the confidentiality of any developer credentials that may be issued to you by Google or which you may choose yourself and that you will be solely responsible for all applications that are developed under your developer credentials.
2025-08-23T14:18:11.7506580Z 
2025-08-23T14:18:11.7506689Z 6. Privacy and Information
2025-08-23T14:18:11.7506828Z 
2025-08-23T14:18:11.7508641Z 6.1 In order to continually innovate and improve the SDK, Google may collect certain usage statistics from the software including but not limited to a unique identifier, associated IP address, version number of the software, and information on which tools and/or services in the SDK are being used and how they are being used. Before any of this information is collected, the SDK will notify you and seek your consent. If you withhold consent, the information will not be collected.
2025-08-23T14:18:11.7510065Z 
2025-08-23T14:18:11.7510535Z 6.2 The data collected is examined in the aggregate to improve the SDK and is maintained in accordance with Google's Privacy Policy.
2025-08-23T14:18:11.7510960Z 
2025-08-23T14:18:11.7510965Z 
2025-08-23T14:18:11.7511069Z 7. Third Party Applications
2025-08-23T14:18:11.7511218Z 
2025-08-23T14:18:11.7513699Z 7.1 If you use the SDK to run applications developed by a third party or that access data, content or resources provided by a third party, you agree that Google is not responsible for those applications, data, content, or resources. You understand that all data, content or resources which you may access through such third party applications are the sole responsibility of the person from which they originated and that Google is not liable for any loss or damage that you may experience as a result of the use or access of any of those third party applications, data, content, or resources.
2025-08-23T14:18:11.7515424Z 
2025-08-23T14:18:11.7517214Z 7.2 You should be aware the data, content, and resources presented to you through such a third party application may be protected by intellectual property rights which are owned by the providers (or by other persons or companies on their behalf). You may not modify, rent, lease, loan, sell, distribute or create derivative works based on these data, content, or resources (either in whole or in part) unless you have been specifically given permission to do so by the relevant owners.
2025-08-23T14:18:11.7518624Z 
2025-08-23T14:18:11.7519739Z 7.3 You acknowledge that your use of such third party applications, data, content, or resources may be subject to separate terms between you and the relevant third party. In that case, the License Agreement does not affect your legal relationship with these third parties.
2025-08-23T14:18:11.7520579Z 
2025-08-23T14:18:11.7520584Z 
2025-08-23T14:18:11.7520681Z 8. Using Android APIs
2025-08-23T14:18:11.7520806Z 
2025-08-23T14:18:11.7520903Z 8.1 Google Data APIs
2025-08-23T14:18:11.7521021Z 
2025-08-23T14:18:11.7522941Z 8.1.1 If you use any API to retrieve data from Google, you acknowledge that the data may be protected by intellectual property rights which are owned by Google or those parties that provide the data (or by other persons or companies on their behalf). Your use of any such API may be subject to additional Terms of Service. You may not modify, rent, lease, loan, sell, distribute or create derivative works based on this data (either in whole or in part) unless allowed by the relevant Terms of Service.
2025-08-23T14:18:11.7524357Z 
2025-08-23T14:18:11.7527489Z 8.1.2 If you use any API to retrieve a user's data from Google, you acknowledge and agree that you shall retrieve data only with the user's explicit consent and only when, and for the limited purposes for which, the user has given you permission to do so. If you use the Android Recognition Service API, documented at the following URL: https://developer.android.com/reference/android/speech/RecognitionService, as updated from time to time, you acknowledge that the use of the API is subject to the Data Processing Addendum for Products where Google is a Data Processor, which is located at the following URL: https://privacy.google.com/businesses/gdprprocessorterms/, as updated from time to time. By clicking to accept, you hereby agree to the terms of the Data Processing Addendum for Products where Google is a Data Processor.
2025-08-23T14:18:11.7530045Z 
2025-08-23T14:18:11.7530051Z 
2025-08-23T14:18:11.7530193Z 9. Terminating the License Agreement
2025-08-23T14:18:11.7530382Z 
2025-08-23T14:18:11.7530780Z 9.1 The License Agreement will continue to apply until terminated by either you or Google as set out below.
2025-08-23T14:18:11.7531150Z 
2025-08-23T14:18:11.7531712Z 9.2 If you want to terminate the License Agreement, you may do so by ceasing your use of the SDK and any relevant developer credentials.
2025-08-23T14:18:11.7532130Z 
2025-08-23T14:18:11.7534432Z 9.3 Google may at any time, terminate the License Agreement with you if: (A) you have breached any provision of the License Agreement; or (B) Google is required to do so by law; or (C) the partner with whom Google offered certain parts of SDK (such as APIs) to you has terminated its relationship with Google or ceased to offer certain parts of the SDK to you; or (D) Google decides to no longer provide the SDK or certain parts of the SDK to users in the country in which you are resident or from which you use the service, or the provision of the SDK or certain SDK services to you by Google is, in Google's sole discretion, no longer commercially viable.
2025-08-23T14:18:11.7536193Z 
2025-08-23T14:18:11.7537829Z 9.4 When the License Agreement comes to an end, all of the legal rights, obligations and liabilities that you and Google have benefited from, been subject to (or which have accrued over time whilst the License Agreement has been in force) or which are expressed to continue indefinitely, shall be unaffected by this cessation, and the provisions of paragraph 14.7 shall continue to apply to such rights, obligations and liabilities indefinitely.
2025-08-23T14:18:11.7539124Z 
2025-08-23T14:18:11.7539129Z 
2025-08-23T14:18:11.7539233Z 10. DISCLAIMER OF WARRANTIES
2025-08-23T14:18:11.7539387Z 
2025-08-23T14:18:11.7540005Z 10.1 YOU EXPRESSLY UNDERSTAND AND AGREE THAT YOUR USE OF THE SDK IS AT YOUR SOLE RISK AND THAT THE SDK IS PROVIDED "AS IS" AND "AS AVAILABLE" WITHOUT WARRANTY OF ANY KIND FROM GOOGLE.
2025-08-23T14:18:11.7540534Z 
2025-08-23T14:18:11.7541683Z 10.2 YOUR USE OF THE SDK AND ANY MATERIAL DOWNLOADED OR OTHERWISE OBTAINED THROUGH THE USE OF THE SDK IS AT YOUR OWN DISCRETION AND RISK AND YOU ARE SOLELY RESPONSIBLE FOR ANY DAMAGE TO YOUR COMPUTER SYSTEM OR OTHER DEVICE OR LOSS OF DATA THAT RESULTS FROM SUCH USE.
2025-08-23T14:18:11.7542485Z 
2025-08-23T14:18:11.7543452Z 10.3 GOOGLE FURTHER EXPRESSLY DISCLAIMS ALL WARRANTIES AND CONDITIONS OF ANY KIND, WHETHER EXPRESS OR IMPLIED, INCLUDING, BUT NOT LIMITED TO THE IMPLIED WARRANTIES AND CONDITIONS OF MERCHANTABILITY, FITNESS FOR A PARTICULAR PURPOSE AND NON-INFRINGEMENT.
2025-08-23T14:18:11.7544251Z 
2025-08-23T14:18:11.7544257Z 
2025-08-23T14:18:11.7544367Z 11. LIMITATION OF LIABILITY
2025-08-23T14:18:11.7544507Z 
2025-08-23T14:18:11.7546135Z 11.1 YOU EXPRESSLY UNDERSTAND AND AGREE THAT GOOGLE, ITS SUBSIDIARIES AND AFFILIATES, AND ITS LICENSORS SHALL NOT BE LIABLE TO YOU UNDER ANY THEORY OF LIABILITY FOR ANY DIRECT, INDIRECT, INCIDENTAL, SPECIAL, CONSEQUENTIAL OR EXEMPLARY DAMAGES THAT MAY BE INCURRED BY YOU, INCLUDING ANY LOSS OF DATA, WHETHER OR NOT GOOGLE OR ITS REPRESENTATIVES HAVE BEEN ADVISED OF OR SHOULD HAVE BEEN AWARE OF THE POSSIBILITY OF ANY SUCH LOSSES ARISING.
2025-08-23T14:18:11.7547526Z 
2025-08-23T14:18:11.7547531Z 
2025-08-23T14:18:11.7547622Z 12. Indemnification
2025-08-23T14:18:11.7547746Z 
2025-08-23T14:18:11.7550942Z 12.1 To the maximum extent permitted by law, you agree to defend, indemnify and hold harmless Google, its affiliates and their respective directors, officers, employees and agents from and against any and all claims, actions, suits or proceedings, as well as any and all losses, liabilities, damages, costs and expenses (including reasonable attorneys fees) arising out of or accruing from (a) your use of the SDK, (b) any application you develop on the SDK that infringes any copyright, trademark, trade secret, trade dress, patent or other intellectual property right of any person or defames any person or violates their rights of publicity or privacy, and (c) any non-compliance by you with the License Agreement.
2025-08-23T14:18:11.7553285Z 
2025-08-23T14:18:11.7553291Z 
2025-08-23T14:18:11.7553455Z 13. Changes to the License Agreement
2025-08-23T14:18:11.7553648Z 
2025-08-23T14:18:11.7554513Z 13.1 Google may make changes to the License Agreement as it distributes new versions of the SDK. When these changes are made, Google will make a new version of the License Agreement available on the website where the SDK is made available.
2025-08-23T14:18:11.7555217Z 
2025-08-23T14:18:11.7555223Z 
2025-08-23T14:18:11.7555324Z 14. General Legal Terms
2025-08-23T14:18:11.7555454Z 
2025-08-23T14:18:11.7556599Z 14.1 The License Agreement constitutes the whole legal agreement between you and Google and governs your use of the SDK (excluding any services which Google may provide to you under a separate written agreement), and completely replaces any prior agreements between you and Google in relation to the SDK.
2025-08-23T14:18:11.7557526Z 
2025-08-23T14:18:11.7558677Z 14.2 You agree that if Google does not exercise or enforce any legal right or remedy which is contained in the License Agreement (or which Google has the benefit of under any applicable law), this will not be taken to be a formal waiver of Google's rights and that those rights or remedies will still be available to Google.
2025-08-23T14:18:11.7559600Z 
2025-08-23T14:18:11.7560860Z 14.3 If any court of law, having the jurisdiction to decide on this matter, rules that any provision of the License Agreement is invalid, then that provision will be removed from the License Agreement without affecting the rest of the License Agreement. The remaining provisions of the License Agreement will continue to be valid and enforceable.
2025-08-23T14:18:11.7562118Z 
2025-08-23T14:18:11.7563920Z 14.4 You acknowledge and agree that each member of the group of companies of which Google is the parent shall be third party beneficiaries to the License Agreement and that such other companies shall be entitled to directly enforce, and rely upon, any provision of the License Agreement that confers a benefit on (or rights in favor of) them. Other than this, no other person or company shall be third party beneficiaries to the License Agreement.
2025-08-23T14:18:11.7565229Z 
2025-08-23T14:18:11.7566214Z 14.5 EXPORT RESTRICTIONS. THE SDK IS SUBJECT TO UNITED STATES EXPORT LAWS AND REGULATIONS. YOU MUST COMPLY WITH ALL DOMESTIC AND INTERNATIONAL EXPORT LAWS AND REGULATIONS THAT APPLY TO THE SDK. THESE LAWS INCLUDE RESTRICTIONS ON DESTINATIONS, END USERS AND END USE.
2025-08-23T14:18:11.7567037Z 
2025-08-23T14:18:11.7568316Z 14.6 The rights granted in the License Agreement may not be assigned or transferred by either you or Google without the prior written approval of the other party. Neither you nor Google shall be permitted to delegate their responsibilities or obligations under the License Agreement without the prior written approval of the other party.
2025-08-23T14:18:11.7569351Z 
2025-08-23T14:18:11.7571448Z 14.7 The License Agreement, and your relationship with Google under the License Agreement, shall be governed by the laws of the State of California without regard to its conflict of laws provisions. You and Google agree to submit to the exclusive jurisdiction of the courts located within the county of Santa Clara, California to resolve any legal matter arising from the License Agreement. Notwithstanding this, you agree that Google shall still be allowed to apply for injunctive remedies (or an equivalent type of urgent legal relief) in any jurisdiction.
2025-08-23T14:18:11.7573404Z 
2025-08-23T14:18:11.7573410Z 
2025-08-23T14:18:11.7573499Z January 16, 2019
2025-08-23T14:18:11.7573753Z ---------------------------------------
2025-08-23T14:18:11.7573998Z Accept? (y/N): 
2025-08-23T14:18:11.7574273Z 4/6: License android-sdk-preview-license:
2025-08-23T14:18:11.7574586Z ---------------------------------------
2025-08-23T14:18:11.7576177Z To get started with the Android SDK Preview, you must agree to the following terms and conditions. As described below, please note that this is a preview version of the Android SDK, subject to change, that you use at your own risk. The Android SDK Preview is not a stable release, and may contain errors and defects that can result in serious damage to your computer systems, devices and data.
2025-08-23T14:18:11.7577317Z 
2025-08-23T14:18:11.7577587Z This is the Android SDK Preview License Agreement (the "License Agreement").
2025-08-23T14:18:11.7577859Z 
2025-08-23T14:18:11.7577943Z 1. Introduction
2025-08-23T14:18:11.7578060Z 
2025-08-23T14:18:11.7579922Z 1.1 The Android SDK Preview (referred to in the License Agreement as the “Preview” and specifically including the Android system files, packaged APIs, and Preview library files, if and when they are made available) is licensed to you subject to the terms of the License Agreement. The License Agreement forms a legally binding contract between you and Google in relation to your use of the Preview.
2025-08-23T14:18:11.7581120Z 
2025-08-23T14:18:11.7582068Z 1.2 "Android" means the Android software stack for devices, as made available under the Android Open Source Project, which is located at the following URL: http://source.android.com/, as updated from time to time.
2025-08-23T14:18:11.7582744Z 
2025-08-23T14:18:11.7583329Z 1.3 "Google" means Google Inc., a Delaware corporation with principal place of business at 1600 Amphitheatre Parkway, Mountain View, CA 94043, United States.
2025-08-23T14:18:11.7583843Z 
2025-08-23T14:18:11.7583980Z 2. Accepting the License Agreement
2025-08-23T14:18:11.7584143Z 
2025-08-23T14:18:11.7584669Z 2.1 In order to use the Preview, you must first agree to the License Agreement. You may not use the Preview if you do not accept the License Agreement.
2025-08-23T14:18:11.7585128Z 
2025-08-23T14:18:11.7585492Z 2.2 By clicking to accept and/or using the Preview, you hereby agree to the terms of the License Agreement.
2025-08-23T14:18:11.7585846Z 
2025-08-23T14:18:11.7586922Z 2.3 You may not use the Preview and may not accept the License Agreement if you are a person barred from receiving the Preview under the laws of the United States or other countries including the country in which you are resident or from which you use the Preview.
2025-08-23T14:18:11.7587725Z 
2025-08-23T14:18:11.7589353Z 2.4 If you will use the Preview internally within your company or organization you agree to be bound by the License Agreement on behalf of your employer or other entity, and you represent and warrant that you have full legal authority to bind your employer or such entity to the License Agreement. If you do not have the requisite authority, you may not accept the License Agreement or use the Preview on behalf of your employer or other entity.
2025-08-23T14:18:11.7590647Z 
2025-08-23T14:18:11.7590770Z 3. Preview License from Google
2025-08-23T14:18:11.7590921Z 
2025-08-23T14:18:11.7592317Z 3.1 Subject to the terms of the License Agreement, Google grants you a royalty-free, non-assignable, non-exclusive, non-sublicensable, limited, revocable license to use the Preview, personally or internally within your company or organization, solely to develop applications to run on the Android platform.
2025-08-23T14:18:11.7593289Z 
2025-08-23T14:18:11.7594922Z 3.2 You agree that Google or third parties owns all legal right, title and interest in and to the Preview, including any Intellectual Property Rights that subsist in the Preview. "Intellectual Property Rights" means any and all rights under patent law, copyright law, trade secret law, trademark law, and any and all other proprietary rights. Google reserves all rights not expressly granted to you.
2025-08-23T14:18:11.7596122Z 
2025-08-23T14:18:11.7598357Z 3.3 You may not use the Preview for any purpose not expressly permitted by the License Agreement. Except to the extent required by applicable third party licenses, you may not: (a) copy (except for backup purposes), modify, adapt, redistribute, decompile, reverse engineer, disassemble, or create derivative works of the Preview or any part of the Preview; or (b) load any part of the Preview onto a mobile handset or any other hardware device except a personal computer, combine any part of the Preview with other software, or distribute any software or device incorporating a part of the Preview.
2025-08-23T14:18:11.7600096Z 
2025-08-23T14:18:11.7601048Z 3.4 You agree that you will not take any actions that may cause or result in the fragmentation of Android, including but not limited to distributing, participating in the creation of, or promoting in any way a software development kit derived from the Preview.
2025-08-23T14:18:11.7601983Z 
2025-08-23T14:18:11.7603571Z 3.5 Use, reproduction and distribution of components of the Preview licensed under an open source software license are governed solely by the terms of that open source software license and not the License Agreement. You agree to remain a licensee in good standing in regard to such open source software licenses under all the rights granted and to refrain from any actions that may terminate, suspend, or breach such rights.
2025-08-23T14:18:11.7604828Z 
2025-08-23T14:18:11.7606482Z 3.6 You agree that the form and nature of the Preview that Google provides may change without prior notice to you and that future versions of the Preview may be incompatible with applications developed on previous versions of the Preview. You agree that Google may stop (permanently or temporarily) providing the Preview (or any features within the Preview) to you or to users generally at Google's sole discretion, without prior notice to you.
2025-08-23T14:18:11.7607818Z 
2025-08-23T14:18:11.7608438Z 3.7 Nothing in the License Agreement gives you a right to use any of Google's trade names, trademarks, service marks, logos, domain names, or other distinctive brand features.
2025-08-23T14:18:11.7608983Z 
2025-08-23T14:18:11.7609673Z 3.8 You agree that you will not remove, obscure, or alter any proprietary rights notices (including copyright and trademark notices) that may be affixed to or contained within the Preview.
2025-08-23T14:18:11.7610265Z 
2025-08-23T14:18:11.7610379Z 4. Use of the Preview by You
2025-08-23T14:18:11.7610525Z 
2025-08-23T14:18:11.7611923Z 4.1 Google agrees that nothing in the License Agreement gives Google any right, title or interest from you (or your licensors) under the License Agreement in or to any software applications that you develop using the Preview, including any intellectual property rights that subsist in those applications.
2025-08-23T14:18:11.7612876Z 
2025-08-23T14:18:11.7614214Z 4.2 You agree to use the Preview and write applications only for purposes that are permitted by (a) the License Agreement, and (b) any applicable law, regulation or generally accepted practices or guidelines in the relevant jurisdictions (including any laws regarding the export of data or software to and from the United States or other relevant countries).
2025-08-23T14:18:11.7615288Z 
2025-08-23T14:18:11.7618050Z 4.3 You agree that if you use the Preview to develop applications, you will protect the privacy and legal rights of users. If users provide you with user names, passwords, or other login information or personal information, you must make the users aware that the information will be available to your application, and you must provide legally adequate privacy notice and protection for those users. If your application stores personal or sensitive information provided by users, it must do so securely. If users provide you with Google Account information, your application may only use that information to access the user's Google Account when, and for the limited purposes for which, each user has given you permission to do so.
2025-08-23T14:18:11.7620303Z 
2025-08-23T14:18:11.7621415Z 4.4 You agree that you will not engage in any activity with the Preview, including the development or distribution of an application, that interferes with, disrupts, damages, or accesses in an unauthorized manner the servers, networks, or other properties or services of Google or any third party.
2025-08-23T14:18:11.7622489Z 
2025-08-23T14:18:11.7623776Z 4.5 You agree that you are solely responsible for (and that Google has no responsibility to you or to any third party for) any data, content, or resources that you create, transmit or display through Android and/or applications for Android, and for the consequences of your actions (including any loss or damage which Google may suffer) by doing so.
2025-08-23T14:18:11.7624822Z 
2025-08-23T14:18:11.7626273Z 4.6 You agree that you are solely responsible for (and that Google has no responsibility to you or to any third party for) any breach of your obligations under the License Agreement, any applicable third party contract or Terms of Service, or any applicable law or regulation, and for the consequences (including any loss or damage which Google or any third party may suffer) of any such breach.
2025-08-23T14:18:11.7627435Z 
2025-08-23T14:18:11.7629237Z 4.7 The Preview is in development, and your testing and feedback are an important part of the development process. By using the Preview, you acknowledge that implementation of some features are still under development and that you should not rely on the Preview having the full functionality of a stable release. You agree not to publicly distribute or ship any application using this Preview as this Preview will no longer be supported after the official Android SDK is released.
2025-08-23T14:18:11.7630661Z 
2025-08-23T14:18:11.7630770Z 5. Your Developer Credentials
2025-08-23T14:18:11.7630929Z 
2025-08-23T14:18:11.7632165Z 5.1 You agree that you are responsible for maintaining the confidentiality of any developer credentials that may be issued to you by Google or which you may choose yourself and that you will be solely responsible for all applications that are developed under your developer credentials.
2025-08-23T14:18:11.7633035Z 
2025-08-23T14:18:11.7633148Z 6. Privacy and Information
2025-08-23T14:18:11.7633286Z 
2025-08-23T14:18:11.7635259Z 6.1 In order to continually innovate and improve the Preview, Google may collect certain usage statistics from the software including but not limited to a unique identifier, associated IP address, version number of the software, and information on which tools and/or services in the Preview are being used and how they are being used. Before any of this information is collected, the Preview will notify you and seek your consent. If you withhold consent, the information will not be collected.
2025-08-23T14:18:11.7636729Z 
2025-08-23T14:18:11.7637428Z 6.2 The data collected is examined in the aggregate to improve the Preview and is maintained in accordance with Google's Privacy Policy located at http://www.google.com/policies/privacy/.
2025-08-23T14:18:11.7638025Z 
2025-08-23T14:18:11.7638129Z 7. Third Party Applications
2025-08-23T14:18:11.7638278Z 
2025-08-23T14:18:11.7640491Z 7.1 If you use the Preview to run applications developed by a third party or that access data, content or resources provided by a third party, you agree that Google is not responsible for those applications, data, content, or resources. You understand that all data, content or resources which you may access through such third party applications are the sole responsibility of the person from which they originated and that Google is not liable for any loss or damage that you may experience as a result of the use or access of any of those third party applications, data, content, or resources.
2025-08-23T14:18:11.7642472Z 
2025-08-23T14:18:11.7644282Z 7.2 You should be aware the data, content, and resources presented to you through such a third party application may be protected by intellectual property rights which are owned by the providers (or by other persons or companies on their behalf). You may not modify, rent, lease, loan, sell, distribute or create derivative works based on these data, content, or resources (either in whole or in part) unless you have been specifically given permission to do so by the relevant owners.
2025-08-23T14:18:11.7645713Z 
2025-08-23T14:18:11.7646331Z 7.3 You acknowledge that your use of such third party applications, data, content, or resources may be subject to separate terms between you and the relevant third party.
2025-08-23T14:18:11.7646868Z 
2025-08-23T14:18:11.7646971Z 8. Using Google APIs
2025-08-23T14:18:11.7647099Z 
2025-08-23T14:18:11.7647176Z 8.1 Google APIs
2025-08-23T14:18:11.7647290Z 
2025-08-23T14:18:11.7649104Z 8.1.1 If you use any API to retrieve data from Google, you acknowledge that the data may be protected by intellectual property rights which are owned by Google or those parties that provide the data (or by other persons or companies on their behalf). Your use of any such API may be subject to additional Terms of Service. You may not modify, rent, lease, loan, sell, distribute or create derivative works based on this data (either in whole or in part) unless allowed by the relevant Terms of Service.
2025-08-23T14:18:11.7650528Z 
2025-08-23T14:18:11.7651434Z 8.1.2 If you use any API to retrieve a user's data from Google, you acknowledge and agree that you shall retrieve data only with the user's explicit consent and only when, and for the limited purposes for which, the user has given you permission to do so.
2025-08-23T14:18:11.7652808Z 
2025-08-23T14:18:11.7653066Z 9. Terminating the License Agreement
2025-08-23T14:18:11.7653369Z 
2025-08-23T14:18:11.7653871Z 9.1 the License Agreement will continue to apply until terminated by either you or Google as set out below.
2025-08-23T14:18:11.7654240Z 
2025-08-23T14:18:11.7654772Z 9.2 If you want to terminate the License Agreement, you may do so by ceasing your use of the Preview and any relevant developer credentials.
2025-08-23T14:18:11.7655218Z 
2025-08-23T14:18:11.7655678Z 9.3 Google may at any time, terminate the License Agreement, with or without cause, upon notice to you.
2025-08-23T14:18:11.7656181Z 
2025-08-23T14:18:11.7657855Z 9.4 The License Agreement will automatically terminate without notice or other action upon the earlier of: (A) when Google ceases to provide the Preview or certain parts of the Preview to users in the country in which you are resident or from which you use the service; and (B) Google issues a final release version of the Android SDK.
2025-08-23T14:18:11.7658833Z 
2025-08-23T14:18:11.7659921Z 9.5 When the License Agreement is terminated, the license granted to you in the License Agreement will terminate, you will immediately cease all use of the Preview, and the provisions of paragraphs 10, 11, 12 and 14 shall survive indefinitely.
2025-08-23T14:18:11.7660661Z 
2025-08-23T14:18:11.7660748Z 10. DISCLAIMERS
2025-08-23T14:18:11.7660863Z 
2025-08-23T14:18:11.7661523Z 10.1 YOU EXPRESSLY UNDERSTAND AND AGREE THAT YOUR USE OF THE PREVIEW IS AT YOUR SOLE RISK AND THAT THE PREVIEW IS PROVIDED "AS IS" AND "AS AVAILABLE" WITHOUT WARRANTY OF ANY KIND FROM GOOGLE.
2025-08-23T14:18:11.7662262Z 
2025-08-23T14:18:11.7664333Z 10.2 YOUR USE OF THE PREVIEW AND ANY MATERIAL DOWNLOADED OR OTHERWISE OBTAINED THROUGH THE USE OF THE PREVIEW IS AT YOUR OWN DISCRETION AND RISK AND YOU ARE SOLELY RESPONSIBLE FOR ANY DAMAGE TO YOUR COMPUTER SYSTEM OR OTHER DEVICE OR LOSS OF DATA THAT RESULTS FROM SUCH USE. WITHOUT LIMITING THE FOREGOING, YOU UNDERSTAND THAT THE PREVIEW IS NOT A STABLE RELEASE AND MAY CONTAIN ERRORS, DEFECTS AND SECURITY VULNERABILITIES THAT CAN RESULT IN SIGNIFICANT DAMAGE, INCLUDING THE COMPLETE, IRRECOVERABLE LOSS OF USE OF YOUR COMPUTER SYSTEM OR OTHER DEVICE.
2025-08-23T14:18:11.7666073Z 
2025-08-23T14:18:11.7667033Z 10.3 GOOGLE FURTHER EXPRESSLY DISCLAIMS ALL WARRANTIES AND CONDITIONS OF ANY KIND, WHETHER EXPRESS OR IMPLIED, INCLUDING, BUT NOT LIMITED TO THE IMPLIED WARRANTIES AND CONDITIONS OF MERCHANTABILITY, FITNESS FOR A PARTICULAR PURPOSE AND NON-INFRINGEMENT.
2025-08-23T14:18:11.7667832Z 
2025-08-23T14:18:11.7667938Z 11. LIMITATION OF LIABILITY
2025-08-23T14:18:11.7668081Z 
2025-08-23T14:18:11.7669715Z 11.1 YOU EXPRESSLY UNDERSTAND AND AGREE THAT GOOGLE, ITS SUBSIDIARIES AND AFFILIATES, AND ITS LICENSORS SHALL NOT BE LIABLE TO YOU UNDER ANY THEORY OF LIABILITY FOR ANY DIRECT, INDIRECT, INCIDENTAL, SPECIAL, CONSEQUENTIAL OR EXEMPLARY DAMAGES THAT MAY BE INCURRED BY YOU, INCLUDING ANY LOSS OF DATA, WHETHER OR NOT GOOGLE OR ITS REPRESENTATIVES HAVE BEEN ADVISED OF OR SHOULD HAVE BEEN AWARE OF THE POSSIBILITY OF ANY SUCH LOSSES ARISING.
2025-08-23T14:18:11.7671008Z 
2025-08-23T14:18:11.7671098Z 12. Indemnification
2025-08-23T14:18:11.7671220Z 
2025-08-23T14:18:11.7674550Z 12.1 To the maximum extent permitted by law, you agree to defend, indemnify and hold harmless Google, its affiliates and their respective directors, officers, employees and agents from and against any and all claims, actions, suits or proceedings, as well as any and all losses, liabilities, damages, costs and expenses (including reasonable attorneys’ fees) arising out of or accruing from (a) your use of the Preview, (b) any application you develop on the Preview that infringes any Intellectual Property Rights of any person or defames any person or violates their rights of publicity or privacy, and (c) any non-compliance by you of the License Agreement.
2025-08-23T14:18:11.7676491Z 
2025-08-23T14:18:11.7676630Z 13. Changes to the License Agreement
2025-08-23T14:18:11.7676802Z 
2025-08-23T14:18:11.7677709Z 13.1 Google may make changes to the License Agreement as it distributes new versions of the Preview. When these changes are made, Google will make a new version of the License Agreement available on the website where the Preview is made available.
2025-08-23T14:18:11.7678455Z 
2025-08-23T14:18:11.7678557Z 14. General Legal Terms
2025-08-23T14:18:11.7678687Z 
2025-08-23T14:18:11.7679895Z 14.1 the License Agreement constitutes the whole legal agreement between you and Google and governs your use of the Preview (excluding any services which Google may provide to you under a separate written agreement), and completely replaces any prior agreements between you and Google in relation to the Preview.
2025-08-23T14:18:11.7680850Z 
2025-08-23T14:18:11.7682327Z 14.2 You agree that if Google does not exercise or enforce any legal right or remedy which is contained in the License Agreement (or which Google has the benefit of under any applicable law), this will not be taken to be a formal waiver of Google's rights and that those rights or remedies will still be available to Google.
2025-08-23T14:18:11.7683296Z 
2025-08-23T14:18:11.7684589Z 14.3 If any court of law, having the jurisdiction to decide on this matter, rules that any provision of the License Agreement is invalid, then that provision will be removed from the License Agreement without affecting the rest of the License Agreement. The remaining provisions of the License Agreement will continue to be valid and enforceable.
2025-08-23T14:18:11.7685635Z 
2025-08-23T14:18:11.7687282Z 14.4 You acknowledge and agree that each member of the group of companies of which Google is the parent shall be third party beneficiaries to the License Agreement and that such other companies shall be entitled to directly enforce, and rely upon, any provision of the License Agreement that confers a benefit on (or rights in favor of) them. Other than this, no other person or company shall be third party beneficiaries to the License Agreement.
2025-08-23T14:18:11.7688586Z 
2025-08-23T14:18:11.7689612Z 14.5 EXPORT RESTRICTIONS. THE PREVIEW IS SUBJECT TO UNITED STATES EXPORT LAWS AND REGULATIONS. YOU MUST COMPLY WITH ALL DOMESTIC AND INTERNATIONAL EXPORT LAWS AND REGULATIONS THAT APPLY TO THE PREVIEW. THESE LAWS INCLUDE RESTRICTIONS ON DESTINATIONS, END USERS AND END USE.
2025-08-23T14:18:11.7690566Z 
2025-08-23T14:18:11.7691848Z 14.6 The License Agreement may not be assigned or transferred by you without the prior written approval of Google, and any attempted assignment without such approval will be void. You shall not delegate your responsibilities or obligations under the License Agreement without the prior written approval of Google.
2025-08-23T14:18:11.7692820Z 
2025-08-23T14:18:11.7694911Z 14.7 The License Agreement, and your relationship with Google under the License Agreement, shall be governed by the laws of the State of California without regard to its conflict of laws provisions. You and Google agree to submit to the exclusive jurisdiction of the courts located within the county of Santa Clara, California to resolve any legal matter arising from the License Agreement. Notwithstanding this, you agree that Google shall still be allowed to apply for injunctive remedies (or an equivalent type of urgent legal relief) in any jurisdiction.
2025-08-23T14:18:11.7696556Z 
2025-08-23T14:18:11.7718085Z June 2014.
2025-08-23T14:18:11.7718536Z ---------------------------------------
2025-08-23T14:18:11.7718978Z Accept? (y/N): 
2025-08-23T14:18:11.7719270Z 5/6: License google-gdk-license:
2025-08-23T14:18:11.7719570Z ---------------------------------------
2025-08-23T14:18:11.7719983Z This is a Developer Preview of the GDK that is subject to change.
2025-08-23T14:18:11.7720234Z 
2025-08-23T14:18:11.7720343Z Terms and Conditions
2025-08-23T14:18:11.7720474Z 
2025-08-23T14:18:11.7720656Z This is the Glass Development Kit License Agreement.
2025-08-23T14:18:11.7720874Z 
2025-08-23T14:18:11.7720955Z 1. Introduction
2025-08-23T14:18:11.7721069Z 
2025-08-23T14:18:11.7722714Z 1.1 The Glass Development Kit (referred to in this License Agreement as the "GDK" and specifically including the Android system files, packaged APIs, and GDK library files, if and when they are made available) is licensed to you subject to the terms of this License Agreement. This License Agreement forms a legally binding contract between you and Google in relation to your use of the GDK.
2025-08-23T14:18:11.7723879Z 
2025-08-23T14:18:11.7724189Z 1.2 "Glass" means Glass devices and the Glass software stack for use on Glass devices.
2025-08-23T14:18:11.7724485Z 
2025-08-23T14:18:11.7724491Z 
2025-08-23T14:18:11.7725291Z 1.3 "Android" means the Android software stack for devices, as made available under the Android Open Source Project, which is located at the following URL: http://source.android.com/, as updated from time to time.
2025-08-23T14:18:11.7725958Z 
2025-08-23T14:18:11.7726537Z 1.4 "Google" means Google Inc., a Delaware corporation with principal place of business at 1600 Amphitheatre Parkway, Mountain View, CA 94043, United States.
2025-08-23T14:18:11.7727044Z 
2025-08-23T14:18:11.7727355Z 2. Accepting this License Agreement
2025-08-23T14:18:11.7727536Z 
2025-08-23T14:18:11.7728033Z 2.1 In order to use the GDK, you must first agree to this License Agreement. You may not use the GDK if you do not accept this License Agreement.
2025-08-23T14:18:11.7728458Z 
2025-08-23T14:18:11.7728742Z 2.2 By clicking to accept, you hereby agree to the terms of this License Agreement.
2025-08-23T14:18:11.7729036Z 
2025-08-23T14:18:11.7730048Z 2.3 You may not use the GDK and may not accept the License Agreement if you are a person barred from receiving the GDK under the laws of the United States or other countries including the country in which you are resident or from which you use the GDK.
2025-08-23T14:18:11.7731348Z 
2025-08-23T14:18:11.7732905Z 2.4 If you are agreeing to be bound by this License Agreement on behalf of your employer or other entity, you represent and warrant that you have full legal authority to bind your employer or such entity to this License Agreement. If you do not have the requisite authority, you may not accept the License Agreement or use the GDK on behalf of your employer or other entity.
2025-08-23T14:18:11.7734131Z 
2025-08-23T14:18:11.7734255Z 3. GDK License from Google
2025-08-23T14:18:11.7734402Z 
2025-08-23T14:18:11.7735306Z 3.1 Subject to the terms of this License Agreement, Google grants you a limited, worldwide, royalty-free, non-assignable and non-exclusive license to use the GDK solely to develop applications to run on the Glass platform for Glass devices.
2025-08-23T14:18:11.7736054Z 
2025-08-23T14:18:11.7737500Z 3.2 You agree that Google or third parties own all legal right, title and interest in and to the GDK, including any Intellectual Property Rights that subsist in the GDK. "Intellectual Property Rights" means any and all rights under patent law, copyright law, trade secret law, trademark law, and any and all other proprietary rights. Google reserves all rights not expressly granted to you.
2025-08-23T14:18:11.7738649Z 
2025-08-23T14:18:11.7740932Z 3.3 You may not use the GDK for any purpose not expressly permitted by this License Agreement. Except to the extent required by applicable third party licenses, you may not: (a) copy (except for backup purposes), modify, adapt, redistribute, decompile, reverse engineer, disassemble, or create derivative works of the GDK or any part of the GDK; or (b) load any part of the GDK onto a mobile handset or wearable computing device or any other hardware device except a Glass device personal computer, combine any part of the GDK with other software, or distribute any software or device incorporating a part of the GDK.
2025-08-23T14:18:11.7742861Z 
2025-08-23T14:18:11.7743880Z 3.4 You agree that you will not take any actions that may cause or result in the fragmentation of Glass, including but not limited to distributing, participating in the creation of, or promoting in any way a software development kit derived from the GDK.
2025-08-23T14:18:11.7745205Z 
2025-08-23T14:18:11.7746029Z 3.5 Use, reproduction and distribution of components of the GDK licensed under an open source software license are governed solely by the terms of that open source software license and not this License Agreement.
2025-08-23T14:18:11.7746695Z 
2025-08-23T14:18:11.7748253Z 3.6 You agree that the form and nature of the GDK that Google provides may change without prior notice to you and that future versions of the GDK may be incompatible with applications developed on previous versions of the GDK. You agree that Google may stop (permanently or temporarily) providing the GDK (or any features within the GDK) to you or to users generally at Google's sole discretion, without prior notice to you.
2025-08-23T14:18:11.7749478Z 
2025-08-23T14:18:11.7750099Z 3.7 Nothing in this License Agreement gives you a right to use any of Google's trade names, trademarks, service marks, logos, domain names, or other distinctive brand features.
2025-08-23T14:18:11.7750638Z 
2025-08-23T14:18:11.7751450Z 3.8 You agree that you will not remove, obscure, or alter any proprietary rights notices (including copyright and trademark notices) that may be affixed to or contained within the GDK.
2025-08-23T14:18:11.7752289Z 
2025-08-23T14:18:11.7752296Z 
2025-08-23T14:18:11.7753671Z 3.9 Your use of any Android system files, packaged APIs, or other components of the GDK which are part of the Android Software Development Kit is subject to the terms of the Android Software Development Kit License Agreement located at http://developer.android.com/sdk/terms.html. These terms are hereby incorporated by reference into this License Agreement.
2025-08-23T14:18:11.7754761Z 
2025-08-23T14:18:11.7754861Z 4. Use of the GDK by You
2025-08-23T14:18:11.7755006Z 
2025-08-23T14:18:11.7755986Z 4.1 Google agrees that it obtains no right, title or interest from you (or your licensors) under this License Agreement in or to any software applications that you develop using the GDK, including any intellectual property rights that subsist in those applications.
2025-08-23T14:18:11.7756795Z 
2025-08-23T14:18:11.7758789Z 4.2 You agree to use the GDK and write applications only for purposes that are permitted by (a) this License Agreement, (b) the Glass Platform Developer Policies (located at https://developers.google.com/glass/policies, and hereby incorporated into this License Agreement by reference), and (c) any applicable law, regulation or generally accepted practices or guidelines in the relevant jurisdictions (including any laws regarding the export of data or software to and from the United States or other relevant countries).
2025-08-23T14:18:11.7760472Z 
2025-08-23T14:18:11.7763582Z 4.3 You agree that if you use the GDK to develop applications for general public users, you will protect the privacy and legal rights of those users. If the users provide you with user names, passwords, or other login information or personal information, you must make the users aware that the information will be available to your application, and you must provide legally adequate privacy notice and protection for those users. If your application stores personal or sensitive information provided by users, it must do so securely. If the user provides your application with Google Account information, your application may only use that information to access the user's Google Account when, and for the limited purposes for which, the user has given you permission to do so.
2025-08-23T14:18:11.7765857Z 
2025-08-23T14:18:11.7767035Z 4.4 You agree that you will not engage in any activity with the GDK, including the development or distribution of an application, that interferes with, disrupts, damages, or accesses in an unauthorized manner the servers, networks, or other properties or services of any third party including, but not limited to, Google.
2025-08-23T14:18:11.7767998Z 
2025-08-23T14:18:11.7769245Z 4.5 You agree that you are solely responsible for (and that Google has no responsibility to you or to any third party for) any data, content, or resources that you create, transmit or display through Glass and/or applications for Glass, and for the consequences of your actions (including any loss or damage which Google may suffer) by doing so.
2025-08-23T14:18:11.7770253Z 
2025-08-23T14:18:11.7771778Z 4.6 You agree that you are solely responsible for (and that Google has no responsibility to you or to any third party for) any breach of your obligations under this License Agreement, any applicable third party contract or Terms of Service, or any applicable law or regulation, and for the consequences (including any loss or damage which Google or any third party may suffer) of any such breach.
2025-08-23T14:18:11.7772938Z 
2025-08-23T14:18:11.7772944Z 
2025-08-23T14:18:11.7774455Z 4.7 The GDK is in development, and your testing and feedback are an important part of the development process. By using the GDK, you acknowledge that implementation of some features are still under development and that you should not rely on the GDK, Glass devices, Glass system software, Google Mirror API, or Glass services having the full functionality of a stable release.
2025-08-23T14:18:11.7775587Z 
2025-08-23T14:18:11.7775703Z 5. Your Developer Credentials
2025-08-23T14:18:11.7775860Z 
2025-08-23T14:18:11.7776920Z 5.1 You agree that you are responsible for maintaining the confidentiality of any developer credentials that may be issued to you by Google or which you may choose yourself and that you will be solely responsible for all applications that are developed under your developer credentials.
2025-08-23T14:18:11.7777776Z 
2025-08-23T14:18:11.7777882Z 6. Privacy and Information
2025-08-23T14:18:11.7778030Z 
2025-08-23T14:18:11.7778036Z 
2025-08-23T14:18:11.7779842Z 6.1 In order to continually innovate and improve the GDK, Google may collect certain usage statistics from the software including but not limited to a unique identifier, associated IP address, version number of the software, and information on which tools and/or services in the GDK are being used and how they are being used. Before any of this information is collected, the GDK will notify you and seek your consent. If you withhold consent, the information will not be collected.
2025-08-23T14:18:11.7781338Z 
2025-08-23T14:18:11.7781909Z 6.2 The data collected is examined in the aggregate to improve the GDK and is maintained in accordance with Google's Privacy Policy.
2025-08-23T14:18:11.7782336Z 
2025-08-23T14:18:11.7782442Z 7. Third Party Applications
2025-08-23T14:18:11.7782587Z 
2025-08-23T14:18:11.7784761Z 7.1 If you use the GDK to run applications developed by a third party or that access data, content or resources provided by a third party, you agree that Google is not responsible for those applications, data, content, or resources. You understand that all data, content or resources which you may access through such third party applications are the sole responsibility of the person from which they originated and that Google is not liable for any loss or damage that you may experience as a result of the use or access of any of those third party applications, data, content, or resources.
2025-08-23T14:18:11.7786444Z 
2025-08-23T14:18:11.7788236Z 7.2 You should be aware the data, content, and resources presented to you through such a third party application may be protected by intellectual property rights which are owned by the providers (or by other persons or companies on their behalf). You may not modify, rent, lease, loan, sell, distribute or create derivative works based on these data, content, or resources (either in whole or in part) unless you have been specifically given permission to do so by the relevant owners.
2025-08-23T14:18:11.7789620Z 
2025-08-23T14:18:11.7790618Z 7.3 You acknowledge that your use of such third party applications, data, content, or resources may be subject to separate terms between you and the relevant third party. In that case, this License Agreement does not affect your legal relationship with these third parties.
2025-08-23T14:18:11.7791431Z 
2025-08-23T14:18:11.7791529Z 8. Using Google APIs
2025-08-23T14:18:11.7791871Z 
2025-08-23T14:18:11.7791975Z 8.1 Google APIs
2025-08-23T14:18:11.7792115Z 
2025-08-23T14:18:11.7793937Z 8.1.1 If you use any API to retrieve data from Google, you acknowledge that the data may be protected by intellectual property rights which are owned by Google or those parties that provide the data (or by other persons or companies on their behalf). Your use of any such API may be subject to additional Terms of Service. You may not modify, rent, lease, loan, sell, distribute or create derivative works based on this data (either in whole or in part) unless allowed by the relevant Terms of Service.
2025-08-23T14:18:11.7795355Z 
2025-08-23T14:18:11.7796251Z 8.1.2 If you use any API to retrieve a user's data from Google, you acknowledge and agree that you shall retrieve data only with the user's explicit consent and only when, and for the limited purposes for which, the user has given you permission to do so.
2025-08-23T14:18:11.7796986Z 
2025-08-23T14:18:11.7797130Z 9. Terminating this License Agreement
2025-08-23T14:18:11.7797303Z 
2025-08-23T14:18:11.7797862Z 9.1 This License Agreement will continue to apply until terminated by either you or Google as set out below.
2025-08-23T14:18:11.7798253Z 
2025-08-23T14:18:11.7798725Z 9.2 If you want to terminate this License Agreement, you may do so by ceasing your use of the GDK and any relevant developer credentials.
2025-08-23T14:18:11.7799147Z 
2025-08-23T14:18:11.7801453Z 9.3 Google may at any time, terminate this License Agreement with you if: (A) you have breached any provision of this License Agreement; or (B) Google is required to do so by law; or (C) the partner with whom Google offered certain parts of GDK (such as APIs) to you has terminated its relationship with Google or ceased to offer certain parts of the GDK to you; or (D) Google decides to no longer provide the GDK or certain parts of the GDK to users in the country in which you are resident or from which you use the service, or the provision of the GDK or certain GDK services to you by Google is, in Google's sole discretion, no longer commercially viable.
2025-08-23T14:18:11.7803429Z 
2025-08-23T14:18:11.7805073Z 9.4 When this License Agreement comes to an end, all of the legal rights, obligations and liabilities that you and Google have benefited from, been subject to (or which have accrued over time whilst this License Agreement has been in force) or which are expressed to continue indefinitely, shall be unaffected by this cessation, and the provisions of paragraph 14.7 shall continue to apply to such rights, obligations and liabilities indefinitely.
2025-08-23T14:18:11.7806375Z 
2025-08-23T14:18:11.7806481Z 10. DISCLAIMER OF WARRANTIES
2025-08-23T14:18:11.7806629Z 
2025-08-23T14:18:11.7807249Z 10.1 YOU EXPRESSLY UNDERSTAND AND AGREE THAT YOUR USE OF THE GDK IS AT YOUR SOLE RISK AND THAT THE GDK IS PROVIDED "AS IS" AND "AS AVAILABLE" WITHOUT WARRANTY OF ANY KIND FROM GOOGLE.
2025-08-23T14:18:11.7807770Z 
2025-08-23T14:18:11.7808717Z 10.2 YOUR USE OF THE GDK AND ANY MATERIAL DOWNLOADED OR OTHERWISE OBTAINED THROUGH THE USE OF THE GDK IS AT YOUR OWN DISCRETION AND RISK AND YOU ARE SOLELY RESPONSIBLE FOR ANY DAMAGE TO YOUR COMPUTER SYSTEM OR OTHER DEVICE OR LOSS OF DATA THAT RESULTS FROM SUCH USE.
2025-08-23T14:18:11.7809493Z 
2025-08-23T14:18:11.7810446Z 10.3 GOOGLE FURTHER EXPRESSLY DISCLAIMS ALL WARRANTIES AND CONDITIONS OF ANY KIND, WHETHER EXPRESS OR IMPLIED, INCLUDING, BUT NOT LIMITED TO THE IMPLIED WARRANTIES AND CONDITIONS OF MERCHANTABILITY, FITNESS FOR A PARTICULAR PURPOSE AND NON-INFRINGEMENT.
2025-08-23T14:18:11.7811238Z 
2025-08-23T14:18:11.7811339Z 11. LIMITATION OF LIABILITY
2025-08-23T14:18:11.7811483Z 
2025-08-23T14:18:11.7813190Z 11.1 YOU EXPRESSLY UNDERSTAND AND AGREE THAT GOOGLE, ITS SUBSIDIARIES AND AFFILIATES, AND ITS LICENSORS SHALL NOT BE LIABLE TO YOU UNDER ANY THEORY OF LIABILITY FOR ANY DIRECT, INDIRECT, INCIDENTAL, SPECIAL, CONSEQUENTIAL OR EXEMPLARY DAMAGES THAT MAY BE INCURRED BY YOU, INCLUDING ANY LOSS OF DATA, WHETHER OR NOT GOOGLE OR ITS REPRESENTATIVES HAVE BEEN ADVISED OF OR SHOULD HAVE BEEN AWARE OF THE POSSIBILITY OF ANY SUCH LOSSES ARISING.
2025-08-23T14:18:11.7814477Z 
2025-08-23T14:18:11.7814584Z 12. Indemnification
2025-08-23T14:18:11.7814702Z 
2025-08-23T14:18:11.7817369Z 12.1 To the maximum extent permitted by law, you agree to defend, indemnify and hold harmless Google, its affiliates and their respective directors, officers, employees and agents from and against any and all claims, actions, suits or proceedings, as well as any and all losses, liabilities, damages, costs and expenses (including reasonable attorneys fees) arising out of or accruing from (a) your use of the GDK, (b) any application you develop on the GDK that infringes any copyright, trademark, trade secret, trade dress, patent or other intellectual property right of any person or defames any person or violates their rights of publicity or privacy, and (c) any non-compliance by you with this License Agreement.
2025-08-23T14:18:11.7819417Z 
2025-08-23T14:18:11.7819558Z 13. Changes to the License Agreement
2025-08-23T14:18:11.7819724Z 
2025-08-23T14:18:11.7820692Z 13.1 Google may make changes to the License Agreement as it distributes new versions of the GDK. When these changes are made, Google will make a new version of the License Agreement available on the website where the GDK is made available.
2025-08-23T14:18:11.7821413Z 
2025-08-23T14:18:11.7821511Z 14. General Legal Terms
2025-08-23T14:18:11.7821735Z 
2025-08-23T14:18:11.7822883Z 14.1 This License Agreement constitutes the whole legal agreement between you and Google and governs your use of the GDK (excluding any services which Google may provide to you under a separate written agreement), and completely replaces any prior agreements between you and Google in relation to the GDK.
2025-08-23T14:18:11.7823805Z 
2025-08-23T14:18:11.7824970Z 14.2 You agree that if Google does not exercise or enforce any legal right or remedy which is contained in this License Agreement (or which Google has the benefit of under any applicable law), this will not be taken to be a formal waiver of Google's rights and that those rights or remedies will still be available to Google.
2025-08-23T14:18:11.7826001Z 
2025-08-23T14:18:11.7827285Z 14.3 If any court of law, having the jurisdiction to decide on this matter, rules that any provision of this License Agreement is invalid, then that provision will be removed from this License Agreement without affecting the rest of this License Agreement. The remaining provisions of this License Agreement will continue to be valid and enforceable.
2025-08-23T14:18:11.7828320Z 
2025-08-23T14:18:11.7829979Z 14.4 You acknowledge and agree that each member of the group of companies of which Google is the parent shall be third party beneficiaries to this License Agreement and that such other companies shall be entitled to directly enforce, and rely upon, any provision of this License Agreement that confers a benefit on (or rights in favor of) them. Other than this, no other person or company shall be third party beneficiaries to this License Agreement.
2025-08-23T14:18:11.7831274Z 
2025-08-23T14:18:11.7832556Z 14.5 EXPORT RESTRICTIONS. THE GDK IS SUBJECT TO UNITED STATES EXPORT LAWS AND REGULATIONS. YOU MUST COMPLY WITH ALL DOMESTIC AND INTERNATIONAL EXPORT LAWS AND REGULATIONS THAT APPLY TO THE GDK. THESE LAWS INCLUDE RESTRICTIONS ON DESTINATIONS, END USERS AND END USE.
2025-08-23T14:18:11.7833388Z 
2025-08-23T14:18:11.7834668Z 14.6 The rights granted in this License Agreement may not be assigned or transferred by either you or Google without the prior written approval of the other party. Neither you nor Google shall be permitted to delegate their responsibilities or obligations under this License Agreement without the prior written approval of the other party.
2025-08-23T14:18:11.7835700Z 
2025-08-23T14:18:11.7837798Z 14.7 This License Agreement, and your relationship with Google under this License Agreement, shall be governed by the laws of the State of California without regard to its conflict of laws provisions. You and Google agree to submit to the exclusive jurisdiction of the courts located within the county of Santa Clara, California to resolve any legal matter arising from this License Agreement. Notwithstanding this, you agree that Google shall still be allowed to apply for injunctive remedies (or an equivalent type of urgent legal relief) in any jurisdiction.
2025-08-23T14:18:11.7839451Z 
2025-08-23T14:18:11.7839546Z November 19, 2013
2025-08-23T14:18:11.7839796Z ---------------------------------------
2025-08-23T14:18:11.7840048Z Accept? (y/N): 
2025-08-23T14:18:11.7840316Z 6/6: License mips-android-sysimage-license:
2025-08-23T14:18:11.7840638Z ---------------------------------------
2025-08-23T14:18:11.7843219Z MIPS Technologies, Inc. (“MIPS”) Internal Evaluation License Agreement for MIPS Android™ System Images for Android Software Development Kit (SDK): This Internal Evaluation License Agreement (this "Agreement") is entered into by and between MIPS and you (as an individual developer or a legal entity -- identified below as “Recipient”). MIPS shall make the Evaluation Software available to Recipient as described in accordance with the terms and conditions set forth below.
2025-08-23T14:18:11.7844677Z 
2025-08-23T14:18:11.7846886Z By clicking on the “Accept” button, downloading, installing, or otherwise using the Evaluation Materials (defined below), you agree to be bound by the terms of this Agreement effective as of the date you click “Accept” (the “Effective Date”), and if doing so on behalf of an entity, you represent that you are authorized to bind the entity to the terms and conditions of this Agreement. If you do not agree to be bound by the terms and conditions of this Agreement, do not download, install, or use the Evaluation Materials.
2025-08-23T14:18:11.7848357Z 
2025-08-23T14:18:11.7848591Z 1. DEFINITIONS. These terms shall have the following meanings:
2025-08-23T14:18:11.7848839Z 
2025-08-23T14:18:11.7849504Z 1.1 “MIPS” shall mean MIPS Technologies, Inc., a Delaware corporation having a principal place of business at: 955 East Arques Ave., Sunnyvale, CA 94085
2025-08-23T14:18:11.7850009Z 
2025-08-23T14:18:11.7850784Z 1.2 “Evaluation Software” shall mean MIPS Android™ emulator system images for Android Software Development Kit (SDK), as made available to Recipient.
2025-08-23T14:18:11.7851283Z 
2025-08-23T14:18:11.7852779Z 1.3 “Evaluation Materials" means, collectively, the Evaluation Software (in source and/or object code form) and documentation (including, without limitation, any design documents, specifications, reference manuals, and other related materials) related to the Evaluation Software as made available to Recipient.
2025-08-23T14:18:11.7853763Z 
2025-08-23T14:18:11.7858052Z 1.4 “Open Source Software” means any software that requires (as a condition of use, modification and/or distribution of such software) that such software or other software incorporated into, derived from or distributed with such software (a) be disclosed or distributed in source code form; or (b) be licensed by the user to third parties for the purpose of making and/or distributing derivative works; or (c) be redistributable at no charge. Open Source Software includes, without limitation, software licensed or distributed under any of the following licenses or distribution models, or licenses or distribution models substantially similar to any of the following: (a) GNU’s General Public License (GPL) or Lesser/Library GPL (LGPL), (b) the Artistic License (e.g., PERL), (c) the Mozilla Public License, (d) the Netscape Public License, (e) the Sun Community Source License (SCSL), (f) the Sun Industry Source License (SISL), (g) the Apache Software license and (h) the Common Public License (CPL).
2025-08-23T14:18:11.7860940Z 
2025-08-23T14:18:11.7862303Z 1.5 “Pre-Release Materials” means “alpha” or “beta” designated pre-release features, which may not be fully functional, which MIPS may substantially modify in producing any production version of the Evaluation Materials, and/or which is still under development by MIPS and/or MIPS’ suppliers.
2025-08-23T14:18:11.7863224Z 
2025-08-23T14:18:11.7865430Z 2. PURPOSE. MIPS desires to make the Evaluation Materials available to Recipient solely for Recipient's internal evaluation of the Evaluation Software to evaluate the desirability of cooperating with MIPS in developing products that are compatible with the Evaluation Software and/or to advise MIPS as to possible modifications to the Evaluation Software. Recipient may not disclose, distribute, modify (except to facilitate the above-mentioned internal evaluation), or make commercial use of the Evaluation Materials or any modifications of the Evaluation Materials.
2025-08-23T14:18:11.7867182Z 
2025-08-23T14:18:11.7868757Z THE EVALUATION MATERIALS ARE PROVIDED FOR EVALUATION PURPOSES ONLY AND MAY NOT BE MODIFIED (EXCEPT TO FACILITATE THE INTERNAL EVALUATION) OR DISTRIBUTED BY RECIPIENT OR INCORPORATED INTO RECIPIENT’S PRODUCTS OR SOFTWARE. PLEASE CONTACT A MIPS SALES REPRESENTATIVE TO LEARN ABOUT THE AVAILABILITY AND COST OF A COMMERCIAL VERSION OF THE EVALUATION SOFTWARE.
2025-08-23T14:18:11.7869878Z 
2025-08-23T14:18:11.7871067Z 3. TITLE. Title to the Evaluation Materials remains with MIPS or its suppliers. Recipient shall not mortgage, pledge or encumber the Evaluation Materials in any way. Recipient shall return all Evaluation Materials, keeping no copies, upon termination or expiration of this Agreement.
2025-08-23T14:18:11.7872221Z 
2025-08-23T14:18:11.7876483Z 4. LICENSE. MIPS grants Recipient a royalty-free, personal, nontransferable, nonexclusive license under its copyrights to use the Evaluation Software only for the purposes described in paragraph 2 above and only for a period beginning on the Effective Date and extending to the first anniversary of the Effective Date (the “Evaluation Period”). Unless otherwise communicated in writing by MIPS to Recipient, to the extent the Evaluation Software is provided in more than one delivery or release (each, a “Release”) the license grant in this Section 4 and the Evaluation Period shall apply to each Release, in which case the Evaluation Period shall begin on the date that the Release is made generally available and continue to the first anniversary of such date. Recipient may not make modifications to the Evaluation Software. Recipient shall not disassemble, reverse-engineer, or decompile any software that is not provided to Recipient in source code form.
2025-08-23T14:18:11.7879518Z 
2025-08-23T14:18:11.7879523Z 
2025-08-23T14:18:11.7880800Z EXCEPT AS PROVIDED HEREIN, NO OTHER LICENSE, EXPRESS OR IMPLIED, BY ESTOPPEL OR OTHERWISE, TO ANY OTHER MIPS INTELLECTUAL PROPERTY RIGHTS IS GRANTED TO THE RECIPIENT. OTHER THAN AS EXPLICITLY SET FORTH IN PARAGRAPH 2 ABOVE, NO RIGHT TO COPY, TO REPRODUCE, TO MODIFY, OR TO CREATE DERIVATIVE WORKS OF, THE EVALUATION MATERIALS IS GRANTED HEREIN.
2025-08-23T14:18:11.7882052Z 
2025-08-23T14:18:11.7883034Z 5. NO OBLIGATION. Recipient shall have no duty to purchase or license any product from MIPS. MIPS and its suppliers shall have no obligation to provide support for, or develop a non-evaluation version of, the Evaluation Software or to license any version of it.
2025-08-23T14:18:11.7883846Z 
2025-08-23T14:18:11.7888100Z 6. MODIFICATIONS. This Agreement does not obligate Recipient to provide MIPS with comments or suggestions regarding Evaluation Materials. However, should Recipient provide MIPS with comments or suggestions for the modification, correction, improvement or enhancement of (a) the Evaluation Materials or (b) MIPS products or processes which may embody the Evaluation Materials, then Recipient agrees to grant and hereby grants to MIPS a non-exclusive, irrevocable, worldwide, fully paid-up, royalty-free license, with the right to sublicense MIPS’ licensees and customers, under Recipient’s Intellectual property rights, to use and disclose such comments and suggestions in any manner MIPS chooses and to display, perform, copy, make, have made, use, sell, offer to sell, import, and otherwise dispose of MIPS’ and its sublicensee’s products embodying such comments and suggestions in any manner and via any media MIPS chooses, without reference to the source.
2025-08-23T14:18:11.7890978Z 
2025-08-23T14:18:11.7893018Z 7. WARRANTY DISCLAIMER. MIPS AND ITS SUPPLIERS MAKE NO WARRANTIES WITH RESPECT TO EVALUATION MATERIALS, EITHER EXPRESS OR IMPLIED, INCLUDING ANY IMPLIED WARRANTIES OF MERCHANTABILITY OR FITNESS FOR A PARTICULAR PURPOSE, OR ANY IMPLIED WARRANTY OF NONINFRINGEMENT WITH RESPECT TO THIRD PARTY INTELLECTUAL PROPERTY. RECIPIENT ACKNOWLEDGES AND AGREES THAT THE EVALUATION MATERIALS ARE PROVIDED “AS IS,” WITHOUT WARRANTY OF ANY KIND.
2025-08-23T14:18:11.7894371Z 
2025-08-23T14:18:11.7896693Z 8. LIMITATION OF LIABILITY. MIPS AND ITS SUPPLIERS SHALL NOT BE LIABLE FOR ANY PROPERTY DAMAGE, PERSONAL INJURY, LOSS OF PROFITS, INTERRUPTION OF BUSINESS OR FOR ANY DIRECT, INDIRECT, SPECIAL, CONSEQUENTIAL OR INCIDENTAL DAMAGES, HOWEVER CAUSED OR ALLEGED, WHETHER FOR BREACH OF WARRANTY, CONTRACT, STRICT LIABILITY OR OTHERWISE, INCLUDING WITHOUT LIMITATION, UNDER TORT OR OTHER LEGAL THEORY. MIPS AND ITS SUPPLIERS DISCLAIM ANY AND ALL LIABILITY, INCLUDING LIABILITY FOR INFRINGEMENT OF ANY INTELLECTUAL PROPERTY RIGHTS OF ANY KIND RELATING TO THE EVALUATION MATERIALS.
2025-08-23T14:18:11.7898435Z 
2025-08-23T14:18:11.7899285Z 9. EXPIRATION. MIPS may terminate this Agreement immediately after a breach by Recipient or otherwise at MIPS’ reasonable discretion and upon five (5) business days’ notice to Recipient.
2025-08-23T14:18:11.7899894Z 
2025-08-23T14:18:11.7899972Z 10. GENERAL.
2025-08-23T14:18:11.7900086Z 
2025-08-23T14:18:11.7903929Z 10.1 Controlling Law. This Agreement shall be governed by California law excluding its choice of law rules. With the exception of MIPS’ rights to enforce its intellectual property rights and any confidentiality obligations under this Agreement or any licenses distributed with the Evaluation Materials, all disputes and any claims arising under or relating to this Agreement shall be subject to the exclusive jurisdiction and venue of the state and federal courts located in Santa Clara County, California. Each party hereby agrees to jurisdiction and venue in the courts set forth in the preceding sentence. The parties agree that the United Nations Convention on Contracts for the International Sale of Goods is specifically excluded from application to this Agreement. The parties consent to the personal jurisdiction of the above courts.
2025-08-23T14:18:11.7906574Z 
2025-08-23T14:18:11.7908440Z 10.2 Remedies. Recipient acknowledges and agrees that any breach of confidentiality obligations under this Agreement or any licenses distributed with the Evaluation Materials, as well as any disclosure, commercialization, or public use of the Evaluation Materials, would cause irreparable injury to MIPS, and therefore Recipient agrees to consent to, and hereby consents to, the grant of an injunction by any court of competent jurisdiction in the event of an actual or threatened breach.
2025-08-23T14:18:11.7909920Z 
2025-08-23T14:18:11.7912454Z 10.3 Assignment. Recipient may not delegate, assign or transfer this Agreement, the license granted or any of Recipient’s rights, obligations, or duties hereunder, expressly, by implication, by operation of law, by way of merger (regardless of whether Recipient is the surviving entity) or acquisition, or otherwise and any attempt to do so, without MIPS’ express prior written consent, shall be ineffective, null and void. MIPS may freely assign this Agreement, and its rights and obligations hereunder, in its sole discretion.
2025-08-23T14:18:11.7914048Z 
2025-08-23T14:18:11.7915834Z 10.4 Entire Agreement. This Agreement constitutes the entire agreement between Recipient and MIPS and supersedes in their entirety any and all oral or written agreements previously existing between Recipient and MIPS with respect to the subject matter hereof. This Agreement may only be amended or supplemented by a writing that refers explicitly to this Agreement and that is signed or otherwise accepted by duly authorized representatives of Recipient and MIPS.
2025-08-23T14:18:11.7917259Z 
2025-08-23T14:18:11.7919007Z 10.5 Severability. In the event that any provision of this Agreement is finally adjudicated to be unenforceable or invalid under any applicable law, such unenforceability or invalidity shall not render this Agreement unenforceable or invalid as a whole, and, in such event, such unenforceable or invalid provision shall be interpreted so as to best accomplish the objectives of such provision within the limits of applicable law or applicable court decisions.
2025-08-23T14:18:11.7920398Z 
2025-08-23T14:18:11.7926195Z 10.6 Export Regulations / Export Control. Recipient shall not export, either directly or indirectly, any product, service or technical data or system incorporating the Evaluation Materials without first obtaining any required license or other necessary approval from the U.S. Department of Commerce or any other governing agency or department of the United States Government. In the event any product is exported from the United States or re-exported from a foreign destination by Recipient, Recipient shall ensure that the distribution and export/re-export or import of the product is in compliance with all applicable laws, regulations, orders, or other restrictions of the U.S. Export Administration Regulations and the appropriate foreign government. Recipient agrees that neither it nor any of its subsidiaries will export/re-export any technical data, process, product, or service, directly or indirectly, to any country for which the United States government or any agency thereof or the foreign government from where it is shipping requires an export license, or other governmental approval, without first obtaining such license or approval. Recipient also agrees to implement measures to ensure that foreign national employees are authorized to receive any information controlled by U.S. export control laws. An export is "deemed" to take place when information is released to a foreign national wherever located.
2025-08-23T14:18:11.7930568Z 
2025-08-23T14:18:11.7934938Z 10.7 Special Terms for Pre-Release Materials. If so indicated in the description of the Evaluation Software, the Evaluation Software may contain Pre-Release Materials. Recipient hereby understands, acknowledges and agrees that: (i) Pre-Release Materials may not be fully tested and may contain bugs or errors; (ii) Pre-Release materials are not suitable for commercial release in their current state; (iii) regulatory approvals for Pre-Release Materials (such as UL or FCC) have not been obtained, and Pre-Release Materials may therefore not be certified for use in certain countries or environments or may not be suitable for certain applications and (iv) MIPS can provide no assurance that it will ever produce or make generally available a production version of the Pre-Release Materials . MIPS is not under any obligation to develop and/or release or offer for sale or license a final product based upon the Pre-Release Materials and may unilaterally elect to abandon the Pre-Release Materials or any such development platform at any time and without any obligation or liability whatsoever to Recipient or any other person.
2025-08-23T14:18:11.7938475Z 
2025-08-23T14:18:11.7939261Z ANY PRE-RELEASE MATERIALS ARE NON-QUALIFIED AND, AS SUCH, ARE PROVIDED “AS IS” AND “AS AVAILABLE”, POSSIBLY WITH FAULTS, AND WITHOUT REPRESENTATION OR WARRANTY OF ANY KIND.
2025-08-23T14:18:11.7939799Z 
2025-08-23T14:18:11.7942339Z 10.8 Open Source Software. In the event Open Source software is included with Evaluation Software, such Open Source software is licensed pursuant to the applicable Open Source software license agreement identified in the Open Source software comments in the applicable source code file(s) and/or file header as indicated in the Evaluation Software. Additional detail may be available (where applicable) in the accompanying on-line documentation. With respect to the Open Source software, nothing in this Agreement limits any rights under, or grants rights that supersede, the terms of any applicable Open Source software license agreement.
2025-08-23T14:18:11.7944383Z ---------------------------------------
2025-08-23T14:18:11.7944737Z Accept? (y/N): All SDK package licenses accepted
2025-08-23T14:18:11.7944941Z 
2025-08-23T14:18:11.7945147Z yes: standard output: Broken pipe
2025-08-23T14:18:12.4498348Z Loading package information...                                                  
2025-08-23T14:18:12.5442171Z Loading local repository...                                                     
2025-08-23T14:18:12.5445092Z [                                       ] 3% Loading local repository...        
2025-08-23T14:18:12.5534364Z [                                       ] 3% Fetch remote repository...         
2025-08-23T14:18:12.8923740Z [=                                      ] 3% Fetch remote repository...         
2025-08-23T14:18:12.9633792Z [=                                      ] 4% Fetch remote repository...         
2025-08-23T14:18:12.9952511Z [=                                      ] 5% Fetch remote repository...         
2025-08-23T14:18:13.0360430Z [==                                     ] 5% Fetch remote repository...         
2025-08-23T14:18:13.1003436Z [==                                     ] 6% Fetch remote repository...         
2025-08-23T14:18:13.1907443Z [==                                     ] 7% Fetch remote repository...         
2025-08-23T14:18:13.1922568Z [==                                     ] 7% Computing updates...               
2025-08-23T14:18:13.2026207Z [===                                    ] 8% Computing updates...               
2025-08-23T14:18:13.2138073Z [===                                    ] 10% Computing updates...              
2025-08-23T14:18:13.2145945Z [=======================================] 100% Computing updates...             
2025-08-23T14:18:13.2149735Z 
2025-08-23T14:18:13.2481011Z ##[group]Run npm install
2025-08-23T14:18:13.2481293Z [36;1mnpm install[0m
2025-08-23T14:18:13.2521855Z shell: /usr/bin/bash -e {0}
2025-08-23T14:18:13.2522085Z env:
2025-08-23T14:18:13.2522389Z   JAVA_HOME: /opt/hostedtoolcache/Java_Temurin-Hotspot_jdk/17.0.16-8/x64
2025-08-23T14:18:13.2522848Z   JAVA_HOME_17_X64: /opt/hostedtoolcache/Java_Temurin-Hotspot_jdk/17.0.16-8/x64
2025-08-23T14:18:13.2523383Z ##[endgroup]
2025-08-23T14:18:22.0548198Z 
2025-08-23T14:18:22.0549171Z added 485 packages, and audited 486 packages in 9s
2025-08-23T14:18:22.0549959Z 
2025-08-23T14:18:22.0550393Z 58 packages are looking for funding
2025-08-23T14:18:22.0550976Z   run `npm fund` for details
2025-08-23T14:18:22.0563225Z 
2025-08-23T14:18:22.0563658Z found 0 vulnerabilities
2025-08-23T14:18:22.0868554Z ##[group]Run npm install -D typescript
2025-08-23T14:18:22.0868911Z [36;1mnpm install -D typescript[0m
2025-08-23T14:18:22.0909855Z shell: /usr/bin/bash -e {0}
2025-08-23T14:18:22.0910101Z env:
2025-08-23T14:18:22.0910391Z   JAVA_HOME: /opt/hostedtoolcache/Java_Temurin-Hotspot_jdk/17.0.16-8/x64
2025-08-23T14:18:22.0910842Z   JAVA_HOME_17_X64: /opt/hostedtoolcache/Java_Temurin-Hotspot_jdk/17.0.16-8/x64
2025-08-23T14:18:22.0911199Z ##[endgroup]
2025-08-23T14:18:23.4330157Z 
2025-08-23T14:18:23.4331727Z up to date, audited 486 packages in 1s
2025-08-23T14:18:23.4332292Z 
2025-08-23T14:18:23.4333741Z 58 packages are looking for funding
2025-08-23T14:18:23.4334196Z   run `npm fund` for details
2025-08-23T14:18:23.4342003Z 
2025-08-23T14:18:23.4342366Z found 0 vulnerabilities
2025-08-23T14:18:23.4485488Z ##[group]Run npm run build
2025-08-23T14:18:23.4485744Z [36;1mnpm run build[0m
2025-08-23T14:18:23.4526575Z shell: /usr/bin/bash -e {0}
2025-08-23T14:18:23.4526809Z env:
2025-08-23T14:18:23.4527103Z   JAVA_HOME: /opt/hostedtoolcache/Java_Temurin-Hotspot_jdk/17.0.16-8/x64
2025-08-23T14:18:23.4527562Z   JAVA_HOME_17_X64: /opt/hostedtoolcache/Java_Temurin-Hotspot_jdk/17.0.16-8/x64
2025-08-23T14:18:23.4527909Z ##[endgroup]
2025-08-23T14:18:23.5750763Z 
2025-08-23T14:18:23.5751283Z > alxjackson-eventos@2.0.19 build
2025-08-23T14:18:23.5751817Z > vite build
2025-08-23T14:18:23.5751956Z 
2025-08-23T14:18:23.8925221Z [36mvite v7.1.3 [32mbuilding for production...[36m[39m
2025-08-23T14:18:24.1715666Z transforming...
2025-08-23T14:18:27.8244237Z [32m✓[39m 1832 modules transformed.
2025-08-23T14:18:28.0653469Z rendering chunks...
2025-08-23T14:18:28.2264892Z computing gzip size...
2025-08-23T14:18:28.2456210Z [2mdist/[22m[32mindex.html                      [39m[1m[2m  1.36 kB[22m[1m[22m[2m │ gzip:   0.62 kB[22m
2025-08-23T14:18:28.2457458Z [2mdist/[22m[2massets/[22m[32mhero-stage-BvexK0N7.jpg  [39m[1m[2m 99.78 kB[22m[1m[22m
2025-08-23T14:18:28.2458807Z [2mdist/[22m[2massets/[22m[35mindex-DrjGe-8k.css       [39m[1m[2m 99.06 kB[22m[1m[22m[2m │ gzip:  15.88 kB[22m
2025-08-23T14:18:28.2460193Z [2mdist/[22m[2massets/[22m[36mweb-B78bfD9k.js          [39m[1m[2m  0.90 kB[22m[1m[22m[2m │ gzip:   0.47 kB[22m
2025-08-23T14:18:28.2461539Z [2mdist/[22m[2massets/[22m[36mweb-DbmFKD4m.js          [39m[1m[2m  2.44 kB[22m[1m[22m[2m │ gzip:   1.09 kB[22m
2025-08-23T14:18:28.2463093Z [2mdist/[22m[2massets/[22m[36mindex-Di4SXYkV.js        [39m[1m[33m694.12 kB[39m[22m[2m │ gzip: 196.92 kB[22m
2025-08-23T14:18:28.2463912Z [33m
2025-08-23T14:18:28.2464502Z (!) Some chunks are larger than 500 kB after minification. Consider:
2025-08-23T14:18:28.2465249Z - Using dynamic import() to code-split the application
2025-08-23T14:18:28.2466558Z - Use build.rollupOptions.output.manualChunks to improve chunking: https://rollupjs.org/configuration-options/#output-manualchunks
2025-08-23T14:18:28.2467639Z - Adjust chunk size limit for this warning via build.chunkSizeWarningLimit.[39m
2025-08-23T14:18:28.2468093Z [32m✓ built in 4.33s[39m
2025-08-23T14:18:28.2950559Z ##[group]Run npx cap add android
2025-08-23T14:18:28.2951067Z [36;1mnpx cap add android[0m
2025-08-23T14:18:28.3002490Z shell: /usr/bin/bash -e {0}
2025-08-23T14:18:28.3002735Z env:
2025-08-23T14:18:28.3003023Z   JAVA_HOME: /opt/hostedtoolcache/Java_Temurin-Hotspot_jdk/17.0.16-8/x64
2025-08-23T14:18:28.3003510Z   JAVA_HOME_17_X64: /opt/hostedtoolcache/Java_Temurin-Hotspot_jdk/17.0.16-8/x64
2025-08-23T14:18:28.3003855Z ##[endgroup]
2025-08-23T14:18:29.0828332Z ✔ Adding native android project in android in 35.73ms
2025-08-23T14:18:29.0829396Z ✔ add in 36.44ms
2025-08-23T14:18:29.2010692Z ✔ Copying web assets from dist to android/app/src/main/assets/public in 62.29ms
2025-08-23T14:18:29.2017840Z ✔ Creating capacitor.config.json in android/app/src/main/assets in 521.83μs
2025-08-23T14:18:29.2155473Z ✔ copy android in 102.34ms
2025-08-23T14:18:29.2570746Z ✔ Updating Android plugins in 12.36ms
2025-08-23T14:18:29.2592524Z [info] Found 4 Capacitor plugins for android:
2025-08-23T14:18:29.2593149Z        @capacitor/camera@7.0.2
2025-08-23T14:18:29.2593460Z        @capacitor/device@7.0.2
2025-08-23T14:18:29.2593751Z        @capacitor/geolocation@7.1.5
2025-08-23T14:18:29.2594081Z        @capacitor/push-notifications@7.0.2
2025-08-23T14:18:29.2972282Z ✔ update android in 65.49ms
2025-08-23T14:18:29.3098031Z ✔ Syncing Gradle in 186.64μs
2025-08-23T14:18:29.3100381Z [success] android platform added!
2025-08-23T14:18:29.3101055Z Follow the Developer Workflow guide to get building:
2025-08-23T14:18:29.3101969Z https://capacitorjs.com/docs/basics/workflow
2025-08-23T14:18:29.3397835Z ##[group]Run npx cap sync android
2025-08-23T14:18:29.3398146Z [36;1mnpx cap sync android[0m
2025-08-23T14:18:29.3438788Z shell: /usr/bin/bash -e {0}
2025-08-23T14:18:29.3439019Z env:
2025-08-23T14:18:29.3439303Z   JAVA_HOME: /opt/hostedtoolcache/Java_Temurin-Hotspot_jdk/17.0.16-8/x64
2025-08-23T14:18:29.3439757Z   JAVA_HOME_17_X64: /opt/hostedtoolcache/Java_Temurin-Hotspot_jdk/17.0.16-8/x64
2025-08-23T14:18:29.3440103Z ##[endgroup]
2025-08-23T14:18:30.1452692Z ✔ Copying web assets from dist to android/app/src/main/assets/public in 76.08ms
2025-08-23T14:18:30.1465333Z ✔ Creating capacitor.config.json in android/app/src/main/assets in 1.03ms
2025-08-23T14:18:30.1587371Z ✔ copy android in 114.39ms
2025-08-23T14:18:30.1954501Z ✔ Updating Android plugins in 11.92ms
2025-08-23T14:18:30.1976641Z [info] Found 4 Capacitor plugins for android:
2025-08-23T14:18:30.1977193Z        @capacitor/camera@7.0.2
2025-08-23T14:18:30.1977667Z        @capacitor/device@7.0.2
2025-08-23T14:18:30.1978001Z        @capacitor/geolocation@7.1.5
2025-08-23T14:18:30.1978323Z        @capacitor/push-notifications@7.0.2
2025-08-23T14:18:30.2455471Z ✔ update android in 74.86ms
2025-08-23T14:18:30.2568055Z [info] Sync finished in 0.238s
2025-08-23T14:18:30.2879750Z ##[group]Run cd android
2025-08-23T14:18:30.2880003Z [36;1mcd android[0m
2025-08-23T14:18:30.2880207Z [36;1mchmod +x ./gradlew[0m
2025-08-23T14:18:30.2880468Z [36;1m./gradlew assembleRelease[0m
2025-08-23T14:18:30.2920605Z shell: /usr/bin/bash -e {0}
2025-08-23T14:18:30.2920842Z env:
2025-08-23T14:18:30.2921127Z   JAVA_HOME: /opt/hostedtoolcache/Java_Temurin-Hotspot_jdk/17.0.16-8/x64
2025-08-23T14:18:30.2921783Z   JAVA_HOME_17_X64: /opt/hostedtoolcache/Java_Temurin-Hotspot_jdk/17.0.16-8/x64
2025-08-23T14:18:30.2922239Z ##[endgroup]
2025-08-23T14:18:30.3785334Z Downloading https://services.gradle.org/distributions/gradle-8.11.1-all.zip
2025-08-23T14:18:32.1001932Z .....................10%......................20%......................30%......................40%......................50%......................60%......................70%......................80%......................90%......................100%
2025-08-23T14:18:35.4552445Z 
2025-08-23T14:18:35.4553738Z Welcome to Gradle 8.11.1!
2025-08-23T14:18:35.4556636Z 
2025-08-23T14:18:35.4557242Z Here are the highlights of this release:
2025-08-23T14:18:35.4557883Z  - Parallel load and store for Configuration Cache
2025-08-23T14:18:35.4560822Z  - Java compilation errors at the end of the build output
2025-08-23T14:18:35.4562058Z  - Consolidated report for warnings and deprecations
2025-08-23T14:18:35.4563719Z 
2025-08-23T14:18:35.4564513Z For more details see https://docs.gradle.org/8.11.1/release-notes.html
2025-08-23T14:18:35.4565191Z 
2025-08-23T14:18:35.5555382Z Starting a Gradle Daemon (subsequent builds will be faster)
2025-08-23T14:19:50.1544458Z 
2025-08-23T14:19:50.1590137Z > Configure project :app
2025-08-23T14:19:50.1602637Z WARNING: Using flatDir should be avoided because it doesn't support any meta-data formats.
2025-08-23T14:19:52.5564829Z 
2025-08-23T14:19:52.5569495Z > Configure project :capacitor-cordova-android-plugins
2025-08-23T14:19:52.5573107Z WARNING: Using flatDir should be avoided because it doesn't support any meta-data formats.
2025-08-23T14:20:21.8542076Z 
2025-08-23T14:20:21.8548133Z > Task :app:preBuild UP-TO-DATE
2025-08-23T14:20:21.8550230Z > Task :app:preReleaseBuild UP-TO-DATE
2025-08-23T14:20:21.9542968Z > Task :capacitor-android:preBuild UP-TO-DATE
2025-08-23T14:20:21.9544332Z > Task :capacitor-android:preReleaseBuild UP-TO-DATE
2025-08-23T14:20:21.9552213Z > Task :app:javaPreCompileRelease
2025-08-23T14:20:21.9552951Z > Task :capacitor-camera:preBuild UP-TO-DATE
2025-08-23T14:20:21.9553922Z > Task :capacitor-camera:preReleaseBuild UP-TO-DATE
2025-08-23T14:20:21.9554698Z > Task :capacitor-camera:writeReleaseAarMetadata
2025-08-23T14:20:21.9555592Z > Task :capacitor-cordova-android-plugins:preBuild UP-TO-DATE
2025-08-23T14:20:21.9556706Z > Task :capacitor-cordova-android-plugins:preReleaseBuild UP-TO-DATE
2025-08-23T14:20:21.9557527Z > Task :capacitor-android:writeReleaseAarMetadata
2025-08-23T14:20:21.9570886Z > Task :capacitor-device:preBuild UP-TO-DATE
2025-08-23T14:20:21.9571875Z > Task :capacitor-cordova-android-plugins:writeReleaseAarMetadata
2025-08-23T14:20:21.9572673Z > Task :capacitor-device:preReleaseBuild UP-TO-DATE
2025-08-23T14:20:21.9573339Z > Task :capacitor-geolocation:preBuild UP-TO-DATE
2025-08-23T14:20:21.9574029Z > Task :capacitor-geolocation:preReleaseBuild UP-TO-DATE
2025-08-23T14:20:21.9574705Z > Task :capacitor-device:writeReleaseAarMetadata
2025-08-23T14:20:21.9575401Z > Task :capacitor-push-notifications:preBuild UP-TO-DATE
2025-08-23T14:20:21.9576185Z > Task :capacitor-push-notifications:preReleaseBuild UP-TO-DATE
2025-08-23T14:20:21.9576949Z > Task :capacitor-geolocation:writeReleaseAarMetadata
2025-08-23T14:20:21.9577695Z > Task :capacitor-push-notifications:writeReleaseAarMetadata
2025-08-23T14:20:21.9578366Z > Task :app:generateReleaseResValues
2025-08-23T14:20:51.9542540Z > Task :app:checkReleaseAarMetadata
2025-08-23T14:21:40.8544089Z > Task :capacitor-android:generateReleaseResValues
2025-08-23T14:21:40.8544875Z > Task :capacitor-android:generateReleaseResources
2025-08-23T14:21:40.9563563Z > Task :capacitor-android:packageReleaseResources
2025-08-23T14:21:40.9564731Z > Task :capacitor-camera:generateReleaseResValues
2025-08-23T14:21:40.9565599Z > Task :capacitor-camera:generateReleaseResources
2025-08-23T14:21:40.9566486Z > Task :capacitor-camera:packageReleaseResources
2025-08-23T14:21:40.9567553Z > Task :capacitor-cordova-android-plugins:generateReleaseResValues
2025-08-23T14:21:40.9568679Z > Task :capacitor-cordova-android-plugins:generateReleaseResources
2025-08-23T14:21:40.9571269Z > Task :capacitor-cordova-android-plugins:packageReleaseResources
2025-08-23T14:21:40.9572297Z > Task :capacitor-device:generateReleaseResValues
2025-08-23T14:21:40.9573014Z > Task :capacitor-device:generateReleaseResources
2025-08-23T14:21:40.9573707Z > Task :capacitor-device:packageReleaseResources
2025-08-23T14:21:40.9574435Z > Task :capacitor-geolocation:generateReleaseResValues
2025-08-23T14:21:40.9575182Z > Task :capacitor-geolocation:generateReleaseResources
2025-08-23T14:21:40.9575964Z > Task :capacitor-geolocation:packageReleaseResources
2025-08-23T14:21:40.9582706Z > Task :capacitor-push-notifications:generateReleaseResValues
2025-08-23T14:21:40.9583628Z > Task :capacitor-push-notifications:generateReleaseResources
2025-08-23T14:21:40.9584454Z > Task :capacitor-push-notifications:packageReleaseResources
2025-08-23T14:21:41.7542626Z > Task :app:mapReleaseSourceSetPaths
2025-08-23T14:21:41.7543515Z > Task :app:generateReleaseResources
2025-08-23T14:21:44.5618354Z > Task :app:packageReleaseResources
2025-08-23T14:21:45.0542492Z > Task :app:createReleaseCompatibleScreenManifests
2025-08-23T14:21:45.0548950Z > Task :app:extractDeepLinksRelease
2025-08-23T14:21:45.0549971Z > Task :capacitor-android:extractDeepLinksRelease
2025-08-23T14:21:45.0550682Z > Task :capacitor-camera:extractDeepLinksRelease
2025-08-23T14:21:45.1558310Z > Task :app:parseReleaseLocalResources
2025-08-23T14:21:45.1562904Z > Task :app:mergeReleaseResources
2025-08-23T14:21:45.1567441Z > Task :capacitor-cordova-android-plugins:extractDeepLinksRelease
2025-08-23T14:21:45.1572100Z > Task :capacitor-device:extractDeepLinksRelease
2025-08-23T14:21:45.1583509Z > Task :capacitor-cordova-android-plugins:processReleaseManifest
2025-08-23T14:21:45.1584994Z > Task :capacitor-camera:processReleaseManifest
2025-08-23T14:21:45.1585966Z > Task :capacitor-android:processReleaseManifest
2025-08-23T14:21:45.1586707Z > Task :capacitor-geolocation:extractDeepLinksRelease
2025-08-23T14:21:45.1587391Z > Task :capacitor-device:processReleaseManifest
2025-08-23T14:21:45.1588066Z > Task :capacitor-geolocation:processReleaseManifest
2025-08-23T14:21:45.1588824Z > Task :capacitor-push-notifications:extractDeepLinksRelease
2025-08-23T14:21:45.1589649Z > Task :capacitor-push-notifications:processReleaseManifest
2025-08-23T14:21:45.2564160Z > Task :capacitor-android:compileReleaseLibraryResources
2025-08-23T14:21:45.4543746Z > Task :app:processReleaseMainManifest
2025-08-23T14:21:45.5570276Z > Task :app:processReleaseManifest
2025-08-23T14:21:45.5579373Z > Task :app:processReleaseManifestForPackage
2025-08-23T14:21:45.5580375Z > Task :capacitor-android:parseReleaseLocalResources
2025-08-23T14:21:45.5581309Z > Task :capacitor-camera:compileReleaseLibraryResources
2025-08-23T14:21:45.5594094Z > Task :capacitor-cordova-android-plugins:compileReleaseLibraryResources
2025-08-23T14:21:45.5600965Z > Task :capacitor-camera:parseReleaseLocalResources
2025-08-23T14:21:45.5602233Z > Task :capacitor-device:compileReleaseLibraryResources
2025-08-23T14:21:45.5603600Z > Task :capacitor-cordova-android-plugins:parseReleaseLocalResources
2025-08-23T14:21:45.6553982Z > Task :capacitor-cordova-android-plugins:generateReleaseRFile
2025-08-23T14:21:45.6561803Z > Task :capacitor-camera:generateReleaseRFile
2025-08-23T14:21:45.6562730Z > Task :capacitor-android:generateReleaseRFile
2025-08-23T14:21:45.6563740Z > Task :capacitor-device:parseReleaseLocalResources
2025-08-23T14:21:45.6564673Z > Task :capacitor-geolocation:compileReleaseLibraryResources
2025-08-23T14:21:45.6565942Z > Task :capacitor-geolocation:parseReleaseLocalResources
2025-08-23T14:21:45.6566814Z > Task :capacitor-device:generateReleaseRFile
2025-08-23T14:21:45.6574744Z > Task :capacitor-push-notifications:compileReleaseLibraryResources
2025-08-23T14:21:45.6575566Z > Task :capacitor-geolocation:generateReleaseRFile
2025-08-23T14:21:45.6588654Z > Task :capacitor-push-notifications:parseReleaseLocalResources
2025-08-23T14:21:45.6589445Z > Task :capacitor-android:javaPreCompileRelease
2025-08-23T14:21:45.6590080Z > Task :capacitor-camera:javaPreCompileRelease
2025-08-23T14:21:45.6590762Z > Task :capacitor-push-notifications:generateReleaseRFile
2025-08-23T14:21:52.6543303Z > Task :capacitor-android:compileReleaseJavaWithJavac FAILED
2025-08-23T14:21:52.6549368Z [Incubating] Problems report is available at: file:///home/runner/work/alxjackon-eventos/alxjackon-eventos/android/build/reports/problems/problems-report.html
2025-08-23T14:21:52.6585816Z 
2025-08-23T14:21:52.6586225Z FAILURE: Build failed with an exception.
2025-08-23T14:21:52.6586569Z 
2025-08-23T14:21:52.6586743Z * What went wrong:
2025-08-23T14:21:52.6587998Z Execution failed for task ':capacitor-android:compileReleaseJavaWithJavac'.
2025-08-23T14:21:52.6588971Z > error: invalid source release: 21
2025-08-23T14:21:52.6589400Z 
2025-08-23T14:21:52.6589692Z * Try:
2025-08-23T14:21:52.6590215Z > Run with --stacktrace option to get the stack trace.
2025-08-23T14:21:52.6590987Z > Run with --info or --debug option to get more log output.
2025-08-23T14:21:52.6591894Z > Run with --scan to get full insights.
2025-08-23T14:21:52.6592512Z > Get more help at https://help.gradle.org.
2025-08-23T14:21:52.6592855Z 
2025-08-23T14:21:52.6593031Z BUILD FAILED in 3m 22s
2025-08-23T14:21:52.6596902Z 70 actionable tasks: 70 executed
2025-08-23T14:21:53.1068194Z ##[error]Process completed with exit code 1.
2025-08-23T14:21:53.1158051Z Post job cleanup.
2025-08-23T14:21:53.2831167Z Post job cleanup.
2025-08-23T14:21:53.3782168Z [command]/usr/bin/git version
2025-08-23T14:21:53.3831098Z git version 2.51.0
2025-08-23T14:21:53.3886852Z Temporarily overriding HOME='/home/runner/work/_temp/70939928-c3aa-4e70-9a3e-01281b9caae5' before making global git config changes
2025-08-23T14:21:53.3887893Z Adding repository directory to the temporary git global config as a safe directory
2025-08-23T14:21:53.3892254Z [command]/usr/bin/git config --global --add safe.directory /home/runner/work/alxjackon-eventos/alxjackon-eventos
2025-08-23T14:21:53.3927202Z [command]/usr/bin/git config --local --name-only --get-regexp core\.sshCommand
2025-08-23T14:21:53.3958680Z [command]/usr/bin/git submodule foreach --recursive sh -c "git config --local --name-only --get-regexp 'core\.sshCommand' && git config --local --unset-all 'core.sshCommand' || :"
2025-08-23T14:21:53.4177783Z [command]/usr/bin/git config --local --name-only --get-regexp http\.https\:\/\/github\.com\/\.extraheader
2025-08-23T14:21:53.4197162Z http.https://github.com/.extraheader
2025-08-23T14:21:53.4209219Z [command]/usr/bin/git config --local --unset-all http.https://github.com/.extraheader
2025-08-23T14:21:53.4237983Z [command]/usr/bin/git submodule foreach --recursive sh -c "git config --local --name-only --get-regexp 'http\.https\:\/\/github\.com\/\.extraheader' && git config --local --unset-all 'http.https://github.com/.extraheader' || :"
2025-08-23T14:21:53.4556644Z Cleaning up orphan processes
2025-08-23T14:21:53.4842786Z Terminate orphan process: pid (2582) (java)
