2025-08-23T14:41:08.8331405Z Current runner version: '2.328.0'
2025-08-23T14:41:08.8366497Z ##[group]Runner Image Provisioner
2025-08-23T14:41:08.8367665Z Hosted Compute Agent
2025-08-23T14:41:08.8368523Z Version: 20250818.377
2025-08-23T14:41:08.8369406Z Commit: 3c593e9f75fe0b87e893bca80d6e12ba089c61fc
2025-08-23T14:41:08.8370952Z Build Date: 2025-08-18T14:52:18Z
2025-08-23T14:41:08.8371918Z ##[endgroup]
2025-08-23T14:41:08.8372886Z ##[group]Operating System
2025-08-23T14:41:08.8373807Z Ubuntu
2025-08-23T14:41:08.8374555Z 24.04.2
2025-08-23T14:41:08.8375449Z LTS
2025-08-23T14:41:08.8376539Z ##[endgroup]
2025-08-23T14:41:08.8377452Z ##[group]Runner Image
2025-08-23T14:41:08.8378575Z Image: ubuntu-24.04
2025-08-23T14:41:08.8379565Z Version: 20250818.1.0
2025-08-23T14:41:08.8381288Z Included Software: https://github.com/actions/runner-images/blob/ubuntu24/20250818.1/images/ubuntu/Ubuntu2404-Readme.md
2025-08-23T14:41:08.8384189Z Image Release: https://github.com/actions/runner-images/releases/tag/ubuntu24%2F20250818.1
2025-08-23T14:41:08.8385952Z ##[endgroup]
2025-08-23T14:41:08.8388178Z ##[group]GITHUB_TOKEN Permissions
2025-08-23T14:41:08.8390995Z Contents: read
2025-08-23T14:41:08.8392015Z Metadata: read
2025-08-23T14:41:08.8392902Z Packages: read
2025-08-23T14:41:08.8393699Z ##[endgroup]
2025-08-23T14:41:08.8397092Z Secret source: Actions
2025-08-23T14:41:08.8398264Z Prepare workflow directory
2025-08-23T14:41:08.8873794Z Prepare all required actions
2025-08-23T14:41:08.8931514Z Getting action download info
2025-08-23T14:41:09.1631369Z Download action repository 'actions/checkout@v4' (SHA:08eba0b27e820071cde6df949e0beb9ba4906955)
2025-08-23T14:41:09.2325795Z Download action repository 'actions/setup-node@v4' (SHA:49933ea5288caeca8642d1e84afbd3f7d6820020)
2025-08-23T14:41:09.3192108Z Download action repository 'actions/setup-java@v4' (SHA:c5195efecf7bdfc987ee8bae7a71cb8b11521c00)
2025-08-23T14:41:09.7806637Z Download action repository 'actions/create-release@v1' (SHA:0cb9c9b65d5d1901c1f53e5e66eaf4afd303e70e)
2025-08-23T14:41:10.2345451Z Download action repository 'actions/upload-release-asset@v1' (SHA:e8f9f06c4b078e705bd2ea027f0926603fc9b4d5)
2025-08-23T14:41:10.6092776Z Download action repository 'actions/github-script@v7' (SHA:60a0d83039c74a4aee543508d2ffcb1c3799cdea)
2025-08-23T14:41:11.0396054Z Complete job name: build-and-release
2025-08-23T14:41:11.1237482Z ##[group]Run actions/checkout@v4
2025-08-23T14:41:11.1238735Z with:
2025-08-23T14:41:11.1239472Z   repository: alxjackson/alxjackon-eventos
2025-08-23T14:41:11.1240725Z   token: ***
2025-08-23T14:41:11.1241414Z   ssh-strict: true
2025-08-23T14:41:11.1242127Z   ssh-user: git
2025-08-23T14:41:11.1242857Z   persist-credentials: true
2025-08-23T14:41:11.1243665Z   clean: true
2025-08-23T14:41:11.1244407Z   sparse-checkout-cone-mode: true
2025-08-23T14:41:11.1245305Z   fetch-depth: 1
2025-08-23T14:41:11.1246029Z   fetch-tags: false
2025-08-23T14:41:11.1246903Z   show-progress: true
2025-08-23T14:41:11.1247984Z   lfs: false
2025-08-23T14:41:11.1248751Z   submodules: false
2025-08-23T14:41:11.1249573Z   set-safe-directory: true
2025-08-23T14:41:11.1250847Z ##[endgroup]
2025-08-23T14:41:11.2327635Z Syncing repository: alxjackson/alxjackon-eventos
2025-08-23T14:41:11.2330951Z ##[group]Getting Git version info
2025-08-23T14:41:11.2332924Z Working directory is '/home/runner/work/alxjackon-eventos/alxjackon-eventos'
2025-08-23T14:41:11.2335208Z [command]/usr/bin/git version
2025-08-23T14:41:11.2342242Z git version 2.51.0
2025-08-23T14:41:11.2370105Z ##[endgroup]
2025-08-23T14:41:11.2386370Z Temporarily overriding HOME='/home/runner/work/_temp/cec2a6fd-6e01-4ede-a494-b86914aea881' before making global git config changes
2025-08-23T14:41:11.2389129Z Adding repository directory to the temporary git global config as a safe directory
2025-08-23T14:41:11.2399096Z [command]/usr/bin/git config --global --add safe.directory /home/runner/work/alxjackon-eventos/alxjackon-eventos
2025-08-23T14:41:11.2432160Z Deleting the contents of '/home/runner/work/alxjackon-eventos/alxjackon-eventos'
2025-08-23T14:41:11.2435450Z ##[group]Initializing the repository
2025-08-23T14:41:11.2439759Z [command]/usr/bin/git init /home/runner/work/alxjackon-eventos/alxjackon-eventos
2025-08-23T14:41:11.2491385Z hint: Using 'master' as the name for the initial branch. This default branch name
2025-08-23T14:41:11.2493622Z hint: is subject to change. To configure the initial branch name to use in all
2025-08-23T14:41:11.2496689Z hint: of your new repositories, which will suppress this warning, call:
2025-08-23T14:41:11.2498108Z hint:
2025-08-23T14:41:11.2499363Z hint: 	git config --global init.defaultBranch <name>
2025-08-23T14:41:11.2500931Z hint:
2025-08-23T14:41:11.2502044Z hint: Names commonly chosen instead of 'master' are 'main', 'trunk' and
2025-08-23T14:41:11.2503976Z hint: 'development'. The just-created branch can be renamed via this command:
2025-08-23T14:41:11.2505794Z hint:
2025-08-23T14:41:11.2506897Z hint: 	git branch -m <name>
2025-08-23T14:41:11.2507983Z hint:
2025-08-23T14:41:11.2509248Z hint: Disable this message with "git config set advice.defaultBranchName false"
2025-08-23T14:41:11.2511500Z Initialized empty Git repository in /home/runner/work/alxjackon-eventos/alxjackon-eventos/.git/
2025-08-23T14:41:11.2514951Z [command]/usr/bin/git remote add origin https://github.com/alxjackson/alxjackon-eventos
2025-08-23T14:41:11.2539790Z ##[endgroup]
2025-08-23T14:41:11.2541221Z ##[group]Disabling automatic garbage collection
2025-08-23T14:41:11.2544316Z [command]/usr/bin/git config --local gc.auto 0
2025-08-23T14:41:11.2572421Z ##[endgroup]
2025-08-23T14:41:11.2573848Z ##[group]Setting up auth
2025-08-23T14:41:11.2579925Z [command]/usr/bin/git config --local --name-only --get-regexp core\.sshCommand
2025-08-23T14:41:11.2613952Z [command]/usr/bin/git submodule foreach --recursive sh -c "git config --local --name-only --get-regexp 'core\.sshCommand' && git config --local --unset-all 'core.sshCommand' || :"
2025-08-23T14:41:11.2863674Z [command]/usr/bin/git config --local --name-only --get-regexp http\.https\:\/\/github\.com\/\.extraheader
2025-08-23T14:41:11.2892362Z [command]/usr/bin/git submodule foreach --recursive sh -c "git config --local --name-only --get-regexp 'http\.https\:\/\/github\.com\/\.extraheader' && git config --local --unset-all 'http.https://github.com/.extraheader' || :"
2025-08-23T14:41:11.3111984Z [command]/usr/bin/git config --local http.https://github.com/.extraheader AUTHORIZATION: basic ***
2025-08-23T14:41:11.3144971Z ##[endgroup]
2025-08-23T14:41:11.3146873Z ##[group]Fetching the repository
2025-08-23T14:41:11.3162110Z [command]/usr/bin/git -c protocol.version=2 fetch --no-tags --prune --no-recurse-submodules --depth=1 origin +00f515ed5567e26ed0ea3aa8045b925b10d806c1:refs/tags/v2.0.20
2025-08-23T14:41:14.7506838Z From https://github.com/alxjackson/alxjackon-eventos
2025-08-23T14:41:14.7507771Z  * [new ref]         00f515ed5567e26ed0ea3aa8045b925b10d806c1 -> v2.0.20
2025-08-23T14:41:14.7533476Z ##[endgroup]
2025-08-23T14:41:14.7534386Z ##[group]Determining the checkout info
2025-08-23T14:41:14.7536042Z ##[endgroup]
2025-08-23T14:41:14.7541635Z [command]/usr/bin/git sparse-checkout disable
2025-08-23T14:41:14.7582489Z [command]/usr/bin/git config --local --unset-all extensions.worktreeConfig
2025-08-23T14:41:14.7610024Z ##[group]Checking out the ref
2025-08-23T14:41:14.7614034Z [command]/usr/bin/git checkout --progress --force refs/tags/v2.0.20
2025-08-23T14:41:14.8720802Z Note: switching to 'refs/tags/v2.0.20'.
2025-08-23T14:41:14.8721631Z 
2025-08-23T14:41:14.8721961Z You are in 'detached HEAD' state. You can look around, make experimental
2025-08-23T14:41:14.8722705Z changes and commit them, and you can discard any commits you make in this
2025-08-23T14:41:14.8723346Z state without impacting any branches by switching back to a branch.
2025-08-23T14:41:14.8723809Z 
2025-08-23T14:41:14.8724185Z If you want to create a new branch to retain commits you create, you may
2025-08-23T14:41:14.8724861Z do so (now or later) by using -c with the switch command. Example:
2025-08-23T14:41:14.8725259Z 
2025-08-23T14:41:14.8725717Z   git switch -c <new-branch-name>
2025-08-23T14:41:14.8726005Z 
2025-08-23T14:41:14.8726520Z Or undo this operation with:
2025-08-23T14:41:14.8726794Z 
2025-08-23T14:41:14.8726921Z   git switch -
2025-08-23T14:41:14.8727114Z 
2025-08-23T14:41:14.8727446Z Turn off this advice by setting config variable advice.detachedHead to false
2025-08-23T14:41:14.8727851Z 
2025-08-23T14:41:14.8728139Z HEAD is now at 00f515e Regenerate Android platform with correct Gradle configuration
2025-08-23T14:41:14.8749176Z ##[endgroup]
2025-08-23T14:41:14.8787744Z [command]/usr/bin/git log -1 --format=%H
2025-08-23T14:41:14.8809838Z 00f515ed5567e26ed0ea3aa8045b925b10d806c1
2025-08-23T14:41:14.9100555Z ##[group]Run actions/setup-node@v4
2025-08-23T14:41:14.9100832Z with:
2025-08-23T14:41:14.9101018Z   node-version: 20
2025-08-23T14:41:14.9101203Z   cache: npm
2025-08-23T14:41:14.9101375Z   always-auth: false
2025-08-23T14:41:14.9101571Z   check-latest: false
2025-08-23T14:41:14.9101884Z   token: ***
2025-08-23T14:41:14.9102091Z ##[endgroup]
2025-08-23T14:41:15.0872248Z Found in cache @ /opt/hostedtoolcache/node/20.19.4/x64
2025-08-23T14:41:15.0878762Z ##[group]Environment details
2025-08-23T14:41:18.0236971Z node: v20.19.4
2025-08-23T14:41:18.0237340Z npm: 10.8.2
2025-08-23T14:41:18.0237606Z yarn: 1.22.22
2025-08-23T14:41:18.0240355Z ##[endgroup]
2025-08-23T14:41:18.0266119Z [command]/opt/hostedtoolcache/node/20.19.4/x64/bin/npm config get cache
2025-08-23T14:41:18.3826600Z /home/runner/.npm
2025-08-23T14:41:18.5336977Z npm cache is not found
2025-08-23T14:41:18.5483768Z ##[group]Run actions/setup-java@v4
2025-08-23T14:41:18.5484019Z with:
2025-08-23T14:41:18.5484191Z   distribution: temurin
2025-08-23T14:41:18.5484389Z   java-version: 17
2025-08-23T14:41:18.5484563Z   java-package: jdk
2025-08-23T14:41:18.5484747Z   check-latest: false
2025-08-23T14:41:18.5484932Z   server-id: github
2025-08-23T14:41:18.5485122Z   server-username: GITHUB_ACTOR
2025-08-23T14:41:18.5485345Z   server-password: GITHUB_TOKEN
2025-08-23T14:41:18.5485569Z   overwrite-settings: true
2025-08-23T14:41:18.5485782Z   job-status: success
2025-08-23T14:41:18.5486071Z   token: ***
2025-08-23T14:41:18.5488650Z ##[endgroup]
2025-08-23T14:41:18.7462247Z ##[group]Installed distributions
2025-08-23T14:41:18.7628831Z Resolved Java 17.0.16+8 from tool-cache
2025-08-23T14:41:18.7629559Z Setting Java 17.0.16+8 as the default
2025-08-23T14:41:18.7638222Z Creating toolchains.xml for JDK version 17 from temurin
2025-08-23T14:41:18.7713749Z Writing to /home/runner/.m2/toolchains.xml
2025-08-23T14:41:18.7714250Z 
2025-08-23T14:41:18.7714461Z Java configuration:
2025-08-23T14:41:18.7714891Z   Distribution: temurin
2025-08-23T14:41:18.7716791Z   Version: 17.0.16+8
2025-08-23T14:41:18.7717422Z   Path: /opt/hostedtoolcache/Java_Temurin-Hotspot_jdk/17.0.16-8/x64
2025-08-23T14:41:18.7717765Z 
2025-08-23T14:41:18.7718340Z ##[endgroup]
2025-08-23T14:41:18.7721490Z Creating settings.xml with server-id: github
2025-08-23T14:41:18.7737941Z Writing to /home/runner/.m2/settings.xml
2025-08-23T14:41:18.7843517Z ##[group]Run yes | $ANDROID_HOME/cmdline-tools/latest/bin/sdkmanager --licenses || true
2025-08-23T14:41:18.7844130Z [36;1myes | $ANDROID_HOME/cmdline-tools/latest/bin/sdkmanager --licenses || true[0m
2025-08-23T14:41:18.7844756Z [36;1m$ANDROID_HOME/cmdline-tools/latest/bin/sdkmanager "platform-tools" "platforms;android-34" "build-tools;34.0.0"[0m
2025-08-23T14:41:18.7912543Z shell: /usr/bin/bash -e {0}
2025-08-23T14:41:18.7912784Z env:
2025-08-23T14:41:18.7913059Z   JAVA_HOME: /opt/hostedtoolcache/Java_Temurin-Hotspot_jdk/17.0.16-8/x64
2025-08-23T14:41:18.7913874Z   JAVA_HOME_17_X64: /opt/hostedtoolcache/Java_Temurin-Hotspot_jdk/17.0.16-8/x64
2025-08-23T14:41:18.7914477Z ##[endgroup]
2025-08-23T14:41:26.1962656Z Loading local repository...                                                     
2025-08-23T14:41:26.1963507Z [=========                              ] 25% Loading local repository...       
2025-08-23T14:41:27.4218916Z [=========                              ] 25% Fetch remote repository...        
2025-08-23T14:41:27.8903822Z [==========                             ] 26% Fetch remote repository...        
2025-08-23T14:41:27.8904647Z [============                           ] 31% Fetch remote repository...        
2025-08-23T14:41:27.9133548Z [============                           ] 32% Fetch remote repository...        
2025-08-23T14:41:27.9141113Z [=============                          ] 33% Fetch remote repository...        
2025-08-23T14:41:28.0445916Z [=============                          ] 35% Fetch remote repository...        
2025-08-23T14:41:28.0453625Z [==============                         ] 36% Fetch remote repository...        
2025-08-23T14:41:28.0647578Z [==============                         ] 37% Fetch remote repository...        
2025-08-23T14:41:28.0653569Z [===============                        ] 38% Fetch remote repository...        
2025-08-23T14:41:28.0984566Z [===============                        ] 39% Fetch remote repository...        
2025-08-23T14:41:28.0987019Z [================                       ] 40% Fetch remote repository...        
2025-08-23T14:41:28.1218516Z [================                       ] 41% Fetch remote repository...        
2025-08-23T14:41:28.1226791Z [================                       ] 42% Fetch remote repository...        
2025-08-23T14:41:28.1355299Z [=================                      ] 44% Fetch remote repository...        
2025-08-23T14:41:28.1359656Z [=================                      ] 45% Fetch remote repository...        
2025-08-23T14:41:28.1521195Z [==================                     ] 46% Fetch remote repository...        
2025-08-23T14:41:28.1525461Z [==================                     ] 47% Fetch remote repository...        
2025-08-23T14:41:28.1661653Z [===================                    ] 48% Fetch remote repository...        
2025-08-23T14:41:28.1667276Z [===================                    ] 49% Fetch remote repository...        
2025-08-23T14:41:28.1791170Z [====================                   ] 50% Fetch remote repository...        
2025-08-23T14:41:28.1798994Z [====================                   ] 51% Fetch remote repository...        
2025-08-23T14:41:28.1930375Z [====================                   ] 53% Fetch remote repository...        
2025-08-23T14:41:28.1931150Z [=====================                  ] 54% Fetch remote repository...        
2025-08-23T14:41:28.2096650Z [=====================                  ] 55% Fetch remote repository...        
2025-08-23T14:41:28.2097427Z [======================                 ] 56% Fetch remote repository...        
2025-08-23T14:41:28.2345342Z [======================                 ] 57% Fetch remote repository...        
2025-08-23T14:41:28.2348848Z [=======================                ] 58% Fetch remote repository...        
2025-08-23T14:41:28.2468652Z [=======================                ] 59% Fetch remote repository...        
2025-08-23T14:41:28.2471985Z [========================               ] 60% Fetch remote repository...        
2025-08-23T14:41:28.2615307Z [========================               ] 61% Fetch remote repository...        
2025-08-23T14:41:28.2616565Z [=========================              ] 63% Fetch remote repository...        
2025-08-23T14:41:28.2765977Z [=========================              ] 64% Fetch remote repository...        
2025-08-23T14:41:28.2770411Z [=========================              ] 65% Fetch remote repository...        
2025-08-23T14:41:28.2895678Z [==========================             ] 66% Fetch remote repository...        
2025-08-23T14:41:28.2898647Z [==========================             ] 67% Fetch remote repository...        
2025-08-23T14:41:28.3039798Z [===========================            ] 68% Fetch remote repository...        
2025-08-23T14:41:28.3042524Z [===========================            ] 69% Fetch remote repository...        
2025-08-23T14:41:28.3576968Z [============================           ] 70% Fetch remote repository...        
2025-08-23T14:41:28.3582781Z [============================           ] 72% Fetch remote repository...        
2025-08-23T14:41:28.3807042Z [=============================          ] 73% Fetch remote repository...        
2025-08-23T14:41:28.3817178Z [=============================          ] 74% Fetch remote repository...        
2025-08-23T14:41:28.3891595Z [=============================          ] 75% Fetch remote repository...        
2025-08-23T14:41:28.4006701Z [=============================          ] 75% Computing updates...              
2025-08-23T14:41:28.4009578Z [=======================================] 100% Computing updates...             
2025-08-23T14:41:28.4958865Z 6 of 7 SDK package licenses not accepted.
2025-08-23T14:41:28.4960216Z Review licenses that have not been accepted (y/N)? 
2025-08-23T14:41:28.4961221Z 1/6: License android-googletv-license:
2025-08-23T14:41:28.4962124Z ---------------------------------------
2025-08-23T14:41:28.4970790Z Terms and Conditions
2025-08-23T14:41:28.4971264Z 
2025-08-23T14:41:28.4971968Z This is the Google TV Add-on for the Android Software Development Kit License Agreement.
2025-08-23T14:41:28.4972791Z 
2025-08-23T14:41:28.4973021Z 1. Introduction
2025-08-23T14:41:28.4980391Z 
2025-08-23T14:41:28.4983854Z 1.1 The Google TV Add-on for the Android Software Development Kit (referred to in this License Agreement as the "Google TV Add-on" and specifically including the Android system files, packaged APIs, and Google APIs add-ons) is licensed to you subject to the terms of this License Agreement. This License Agreement forms a legally binding contract between you and Google in relation to your use of the Google TV Add-on.
2025-08-23T14:41:28.4986858Z 
2025-08-23T14:41:28.4988084Z 1.2 "Google" means Google Inc., a Delaware corporation with principal place of business at 1600 Amphitheatre Parkway, Mountain View, CA 94043, United States.
2025-08-23T14:41:28.4989449Z 
2025-08-23T14:41:28.4989913Z 2. Accepting this License Agreement
2025-08-23T14:41:28.4990417Z 
2025-08-23T14:41:28.4994969Z 2.1 In order to use the Google TV Add-on, you must first agree to this License Agreement. You may not use the Google TV Add-on if you do not accept this License Agreement.
2025-08-23T14:41:28.4996157Z 
2025-08-23T14:41:28.4996743Z 2.2 You can accept this License Agreement by:
2025-08-23T14:41:28.4997272Z 
2025-08-23T14:41:28.4998229Z (A) clicking to accept or agree to this License Agreement, where this option is made available to you; or
2025-08-23T14:41:28.4999039Z 
2025-08-23T14:41:28.5000273Z (B) by actually using the Google TV Add-on. In this case, you agree that use of the Google TV Add-on constitutes acceptance of the License Agreement from that point onwards.
2025-08-23T14:41:28.5001403Z 
2025-08-23T14:41:28.5005538Z 2.3 You may not use the Google TV Add-on and may not accept the Licensing Agreement if you are a person barred from receiving the Google TV Add-on under the laws of the United States or other countries including the country in which you are resident or from which you use the Google TV Add-on.
2025-08-23T14:41:28.5008175Z 
2025-08-23T14:41:28.5010884Z 2.4 If you are agreeing to be bound by this License Agreement on behalf of your employer or other entity, you represent and warrant that you have full legal authority to bind your employer or such entity to this License Agreement. If you do not have the requisite authority, you may not accept the Licensing Agreement or use the Google TV Add-on on behalf of your employer or other entity.
2025-08-23T14:41:28.5012936Z 
2025-08-23T14:41:28.5013208Z 3. Google TV Add-on License from Google
2025-08-23T14:41:28.5013518Z 
2025-08-23T14:41:28.5015200Z 3.1 Subject to the terms of this License Agreement, Google grants you a limited, worldwide, royalty-free, non- assignable and non-exclusive license to use the Google TV Add-on solely to develop applications to run on the Google TV platform.
2025-08-23T14:41:28.5016777Z 
2025-08-23T14:41:28.5019639Z 3.2 You agree that Google or third parties own all legal right, title and interest in and to the Google TV Add-on, including any Intellectual Property Rights that subsist in the Google TV Add-on. "Intellectual Property Rights" means any and all rights under patent law, copyright law, trade secret law, trademark law, and any and all other proprietary rights. Google reserves all rights not expressly granted to you.
2025-08-23T14:41:28.5022196Z 
2025-08-23T14:41:28.5026822Z 3.3 Except to the extent required by applicable third party licenses, you may not copy (except for backup purposes), modify, adapt, redistribute, decompile, reverse engineer, disassemble, or create derivative works of the Google TV Add-on or any part of the Google TV Add-on. Except to the extent required by applicable third party licenses, you may not load any part of the Google TV Add-on onto a mobile handset, television, or any other hardware device except a personal computer, combine any part of the Google TV Add-on with other software, or distribute any software or device incorporating a part of the Google TV Add-on.
2025-08-23T14:41:28.5030269Z 
2025-08-23T14:41:28.5031853Z 3.4 Use, reproduction and distribution of components of the Google TV Add-on licensed under an open source software license are governed solely by the terms of that open source software license and not this License Agreement.
2025-08-23T14:41:28.5033162Z 
2025-08-23T14:41:28.5036740Z 3.5 You agree that the form and nature of the Google TV Add-on that Google provides may change without prior notice to you and that future versions of the Google TV Add-on may be incompatible with applications developed on previous versions of the Google TV Add-on. You agree that Google may stop (permanently or temporarily) providing the Google TV Add-on (or any features within the Google TV Add-on) to you or to users generally at Google's sole discretion, without prior notice to you.
2025-08-23T14:41:28.5039526Z 
2025-08-23T14:41:28.5041355Z 3.6 Nothing in this License Agreement gives you a right to use any of Google's or it’s licensors’ trade names, trademarks, service marks, logos, domain names, or other distinctive brand features.
2025-08-23T14:41:28.5042487Z 
2025-08-23T14:41:28.5043853Z 3.7 You agree that you will not remove, obscure, or alter any proprietary rights notices (including copyright and trademark notices) that may be affixed to or contained within the Google TV Add-on.
2025-08-23T14:41:28.5044965Z 
2025-08-23T14:41:28.5045204Z 4. Use of the Google TV Add-on by You
2025-08-23T14:41:28.5045496Z 
2025-08-23T14:41:28.5047612Z 4.1 Google agrees that it obtains no right, title or interest from you (or your licensors) under this License Agreement in or to any software applications that you develop using the Google TV Add-on, including any intellectual property rights that subsist in those applications.
2025-08-23T14:41:28.5049166Z 
2025-08-23T14:41:28.5052020Z 4.2 You agree to use the Google TV Add-on and write applications only for purposes that are permitted by (a) this License Agreement and (b) any applicable law, regulation or generally accepted practices or guidelines in the relevant jurisdictions (including any laws regarding the export of data or software to and from the United States or other relevant countries).
2025-08-23T14:41:28.5054090Z 
2025-08-23T14:41:28.5060103Z 4.3 You agree that if you use the Google TV Add-on to develop applications for general public users, you will protect the privacy and legal rights of those users. If the users provide you with user names, passwords, or other login information or personal information, your must make the users aware that the information will be available to your application, and you must provide legally adequate privacy notice and protection for those users. If your application stores personal or sensitive information provided by users, it must do so securely. If the user provides your application with Google Account information, your application may only use that information to access the user's Google Account when, and for the limited purposes for which, the user has given you explicit permission to do so.
2025-08-23T14:41:28.5064726Z 
2025-08-23T14:41:28.5067882Z 4.4 You agree that you will not engage in any activity with the Google TV Add-on, including the development or distribution of an application, that interferes with, disrupts, damages, or accesses in an unauthorized manner the servers, networks, or other properties or services of any third party including, but not limited to, Google, Multichannel Video Program Distributors or any mobile communications carrier.
2025-08-23T14:41:28.5070238Z 
2025-08-23T14:41:28.5072867Z 4.5 You agree that you are solely responsible for (and that Google has no responsibility to you or to any third party for) any data, content, or resources that you create, transmit or display through the Google TV platform and/or applications for the Google TV platform, and for the consequences of your actions (including any loss or damage which Google may suffer) by doing so.
2025-08-23T14:41:28.5074989Z 
2025-08-23T14:41:28.5077905Z 4.6 You agree that you are solely responsible for (and that Google has no responsibility to you or to any third party for) any breach of your obligations under this License Agreement, any applicable third party contract or Terms of Service, or any applicable law or regulation, and for the consequences (including any loss or damage which Google or any third party may suffer) of any such breach.
2025-08-23T14:41:28.5080138Z 
2025-08-23T14:41:28.5080343Z 5. Your Developer Credentials
2025-08-23T14:41:28.5080614Z 
2025-08-23T14:41:28.5082645Z 5.1 You agree that you are responsible for maintaining the confidentiality of any developer credentials that may be issued to you by Google or which you may choose yourself and that you will be solely responsible for all applications that are developed under your developer credentials.
2025-08-23T14:41:28.5084282Z 
2025-08-23T14:41:28.5084465Z 6. Privacy and Information
2025-08-23T14:41:28.5084708Z 
2025-08-23T14:41:28.5088485Z 6.1 In order to continually innovate and improve the Google TV Add-on, Google may collect certain usage statistics from the software including but not limited to a unique identifier, associated IP address, version number of the software, and information on which tools and/or services in the Google TV Add-on are being used and how they are being used. Before any of this information is collected, the Google TV Add-on will notify you and seek your consent. If you withhold consent, the information will not be collected.
2025-08-23T14:41:28.5091338Z 
2025-08-23T14:41:28.5092294Z 6.2 The data collected is examined in the aggregate to improve the Google TV Add-on and is maintained in accordance with Google's Privacy Policy.
2025-08-23T14:41:28.5093112Z 
2025-08-23T14:41:28.5093452Z 7. Third Party Applications for the Google TV Platform
2025-08-23T14:41:28.5093823Z 
2025-08-23T14:41:28.5098565Z 7.1 If you use the Google TV Add-on to run applications developed by a third party or that access data, content or resources provided by a third party, you agree that Google is not responsible for those applications, data, content, or resources. You understand that all data, content or resources which you may access through such third party applications are the sole responsibility of the person from which they originated and that Google is not liable for any loss or damage that you may experience as a result of the use or access of any of those third party applications, data, content, or resources.
2025-08-23T14:41:28.5101902Z 
2025-08-23T14:41:28.5105310Z 7.2 You should be aware the data, content, and resources presented to you through such a third party application may be protected by intellectual property rights which are owned by the providers (or by other persons or companies on their behalf). You may not modify, rent, lease, loan, sell, distribute or create derivative works based on these data, content, or resources (either in whole or in part) unless you have been specifically given permission to do so by the relevant owners.
2025-08-23T14:41:28.5108154Z 
2025-08-23T14:41:28.5110049Z 7.3 You acknowledge that your use of such third party applications, data, content, or resources may be subject to separate terms between you and the relevant third party. In that case, this License Agreement does not affect your legal relationship with these third parties.
2025-08-23T14:41:28.5111859Z 
2025-08-23T14:41:28.5112041Z 8. Using Google TV APIs
2025-08-23T14:41:28.5112270Z 
2025-08-23T14:41:28.5118076Z 8.1 If you use any Google TV API to retrieve data from Google, you acknowledge that the data (“Google TV API Content”) may be protected by intellectual property rights which are owned by Google or those parties that provide the data (or by other persons or companies on their behalf). Your use of any such API may be subject to additional Terms of Service. You may not modify, rent, lease, loan, sell, distribute or create derivative works based on this data (either in whole or in part) unless allowed by the relevant Terms of Service. Some portions of the Google TV API Content are licensed to Google by third parties, including but not limited to Tribune Media Services
2025-08-23T14:41:28.5121748Z 
2025-08-23T14:41:28.5123457Z 8.2 If you use any API to retrieve a user's data from Google, you acknowledge and agree that you shall retrieve data only with the user's explicit consent and only when, and for the limited purposes for which, the user has given you permission to do so.
2025-08-23T14:41:28.5124811Z 
2025-08-23T14:41:28.5125468Z 8.3 Except as explicitly permitted in Section 3 (Google TV Add-on License from Google), you must:
2025-08-23T14:41:28.5126083Z 
2025-08-23T14:41:28.5127513Z (a) not modify nor format the Google TV API Content except to the extent reasonably and technically necessary to optimize the display such Google TV API Content in your application;
2025-08-23T14:41:28.5128586Z 
2025-08-23T14:41:28.5129969Z (b) not edit the Google TV API Content in a manner that renders the Google TV API Content inaccurate of alters its inherent meaning (provided that displaying excerpts will not violate the foregoing); or
2025-08-23T14:41:28.5131134Z 
2025-08-23T14:41:28.5131803Z (c) not create any commercial audience measurement tool or service using the Google TV API Content
2025-08-23T14:41:28.5132426Z 
2025-08-23T14:41:28.5132683Z 9. Terminating this License Agreement
2025-08-23T14:41:28.5132974Z 
2025-08-23T14:41:28.5133705Z 9.1 This License Agreement will continue to apply until terminated by either you or Google as set out below.
2025-08-23T14:41:28.5134366Z 
2025-08-23T14:41:28.5135328Z 9.2 If you want to terminate this License Agreement, you may do so by ceasing your use of the Google TV Add-on and any relevant developer credentials.
2025-08-23T14:41:28.5136364Z 
2025-08-23T14:41:28.5136822Z 9.3 Google may at any time, terminate this License Agreement with you if:
2025-08-23T14:41:28.5137277Z 
2025-08-23T14:41:28.5137675Z (A) you have breached any provision of this License Agreement; or
2025-08-23T14:41:28.5138089Z 
2025-08-23T14:41:28.5138336Z (B) Google is required to do so by law; or
2025-08-23T14:41:28.5138677Z 
2025-08-23T14:41:28.5140307Z (C) the partner with whom Google offered certain parts of Google TV Add-on (such as APIs) to you has terminated its relationship with Google or ceased to offer certain parts of the Google TV Add-on to you; or
2025-08-23T14:41:28.5141485Z 
2025-08-23T14:41:28.5143822Z (D) Google decides to no longer providing the Google TV Add-on or certain parts of the Google TV Add-on to users in the country in which you are resident or from which you use the service, or the provision of the Google TV Add-on or certain Google TV Add-on services to you by Google is, in Google's sole discretion, no longer commercially viable.
2025-08-23T14:41:28.5145693Z 
2025-08-23T14:41:28.5149008Z 9.4 When this License Agreement comes to an end, all of the legal rights, obligations and liabilities that you and Google have benefited from, been subject to (or which have accrued over time whilst this License Agreement has been in force) or which are expressed to continue indefinitely, shall be unaffected by this cessation, and the provisions of paragraph 14.7 shall continue to apply to such rights, obligations and liabilities indefinitely.
2025-08-23T14:41:28.5151661Z 
2025-08-23T14:41:28.5151863Z 10. DISCLAIMER OF WARRANTIES
2025-08-23T14:41:28.5152118Z 
2025-08-23T14:41:28.5153467Z 10.1 YOU EXPRESSLY UNDERSTAND AND AGREE THAT YOUR USE OF THE GOOGLE TV ADD-ON IS AT YOUR SOLE RISK AND THAT THE GOOGLE TV ADD-ON IS PROVIDED "AS IS" AND "AS AVAILABLE" WITHOUT WARRANTY OF ANY KIND FROM GOOGLE.
2025-08-23T14:41:28.5154833Z 
2025-08-23T14:41:28.5156977Z 10.2 YOUR USE OF THE GOOGLE TV ADD-ON AND ANY MATERIAL DOWNLOADED OR OTHERWISE OBTAINED THROUGH THE USE OF THE GOOGLE TV ADD-ON IS AT YOUR OWN DISCRETION AND RISK AND YOU ARE SOLELY RESPONSIBLE FOR ANY DAMAGE TO YOUR COMPUTER SYSTEM OR OTHER DEVICE OR LOSS OF DATA THAT RESULTS FROM SUCH USE.
2025-08-23T14:41:28.5158581Z 
2025-08-23T14:41:28.5160412Z 10.3 GOOGLE FURTHER EXPRESSLY DISCLAIMS ALL WARRANTIES AND CONDITIONS OF ANY KIND, WHETHER EXPRESS OR IMPLIED, INCLUDING, BUT NOT LIMITED TO THE IMPLIED WARRANTIES AND CONDITIONS OF MERCHANTABILITY, FITNESS FOR A PARTICULAR PURPOSE AND NON-INFRINGEMENT.
2025-08-23T14:41:28.5161922Z 
2025-08-23T14:41:28.5162101Z 11. LIMITATION OF LIABILITY
2025-08-23T14:41:28.5162350Z 
2025-08-23T14:41:28.5165404Z 11.1 YOU EXPRESSLY UNDERSTAND AND AGREE THAT GOOGLE, ITS SUBSIDIARIES AND AFFILIATES, AND ITS LICENSORS SHALL NOT BE LIABLE TO YOU UNDER ANY THEORY OF LIABILITY FOR ANY DIRECT, INDIRECT, INCIDENTAL, SPECIAL CONSEQUENTIAL OR EXEMPLARY DAMAGES THAT MAY BE INCURRED BY YOU, INCLUDING ANY LOSS OF DATA, WHETHER OR NOT GOOGLE OR ITS REPRESENTATIVES HAVE BEEN ADVISED OF OR SHOULD HAVE BEEN AWARE OF THE POSSIBILITY OF ANY SUCH LOSSES ARISING.
2025-08-23T14:41:28.5167976Z 
2025-08-23T14:41:28.5168142Z 12. Indemnification
2025-08-23T14:41:28.5168347Z 
2025-08-23T14:41:28.5173591Z 12.1 To the maximum extent permitted by law, you agree to defend, indemnify and hold harmless Google, its affiliates and their respective directors, officers, employees and agents from and against any and all claims, actions, suits or proceedings, as well as any and all losses, liabilities, damages, costs and expenses (including reasonable attorneys fees) arising out of or accruing from (a) your use of the Google TV Add-on, (b) any application you develop on the Google TV Add-on that infringes any copyright, trademark, trade secret, trade dress, patent or other intellectual property right of any person or defames any person or violates their rights of publicity or privacy, and (c) any non-compliance by you with this License Agreement.
2025-08-23T14:41:28.5177795Z 
2025-08-23T14:41:28.5178046Z 13. Changes to the License Agreement
2025-08-23T14:41:28.5178336Z 
2025-08-23T14:41:28.5179029Z 13.1 Google may make changes to the License Agreement as it distributes new versions of the Google TV Add-on.
2025-08-23T14:41:28.5179680Z 
2025-08-23T14:41:28.5179837Z 14. General Legal Terms
2025-08-23T14:41:28.5180052Z 
2025-08-23T14:41:28.5182523Z 14.1 This License Agreement constitute the whole legal agreement between you and Google and govern your use of the Google TV Add-on (excluding any services which Google may provide to you under a separate written agreement), and completely replace any prior agreements between you and Google in relation to the Google TV Add-on.
2025-08-23T14:41:28.5184451Z 
2025-08-23T14:41:28.5186762Z 14.2 You agree that if Google does not exercise or enforce any legal right or remedy which is contained in this License Agreement (or which Google has the benefit of under any applicable law), this will not be taken to be a formal waiver of Google's rights and that those rights or remedies will still be available to Google.
2025-08-23T14:41:28.5188515Z 
2025-08-23T14:41:28.5190951Z 14.3 If any court of law, having the jurisdiction to decide on this matter, rules that any provision of this License Agreement is invalid, then that provision will be removed from this License Agreement without affecting the rest of this License Agreement. The remaining provisions of this License Agreement will continue to be valid and enforceable.
2025-08-23T14:41:28.5193638Z 
2025-08-23T14:41:28.5197870Z 14.4 You acknowledge and agree that Google’s API data licensors and each member of the group of companies of which Google is the parent shall be third party beneficiaries to this License Agreement and that such other companies shall be entitled to directly enforce, and rely upon, any provision of this License Agreement that confers a benefit on (or rights in favor of) them. Other than this, no other person or company shall be third party beneficiaries to this License Agreement.
2025-08-23T14:41:28.5200411Z 
2025-08-23T14:41:28.5202526Z 14.5 EXPORT RESTRICTIONS. THE GOOGLE TV ADD-ON IS SUBJECT TO UNITED STATES EXPORT LAWS AND REGULATIONS. YOU MUST COMPLY WITH ALL DOMESTIC AND INTERNATIONAL EXPORT LAWS AND REGULATIONS THAT APPLY TO THE GOOGLE TV ADD-ON. THESE LAWS INCLUDE RESTRICTIONS ON DESTINATIONS, END USERS AND END USE.
2025-08-23T14:41:28.5205215Z 
2025-08-23T14:41:28.5207945Z 14.6 The rights granted in this License Agreement may not be assigned or transferred by either you or Google without the prior written approval of the other party. Neither you nor Google shall be permitted to delegate their responsibilities or obligations under this License Agreement without the prior written approval of the other party.
2025-08-23T14:41:28.5210008Z 
2025-08-23T14:41:28.5214160Z 14.7 This License Agreement, and your relationship with Google under this License Agreement, shall be governed by the laws of the State of California without regard to its conflict of laws provisions. You and Google agree to submit to the exclusive jurisdiction of the courts located within the county of Santa Clara, California to resolve any legal matter arising from this License Agreement. Notwithstanding this, you agree that Google shall still be allowed to apply for injunctive remedies (or an equivalent type of urgent legal relief) in any jurisdiction.
2025-08-23T14:41:28.5221437Z 
2025-08-23T14:41:28.5221448Z 
2025-08-23T14:41:28.5221572Z August 15, 2011
2025-08-23T14:41:28.5221877Z ---------------------------------------
2025-08-23T14:41:28.5222149Z Accept? (y/N): 
2025-08-23T14:41:28.5222409Z 2/6: License android-googlexr-license:
2025-08-23T14:41:28.5222716Z ---------------------------------------
2025-08-23T14:41:28.5223826Z To get started with the Android XR Emulator System Image SDK, you must agree to the following terms and conditions. As described below, please note that this is a preview, emulated version of the Android XR OS, subject to change, that you use at your own risk.
2025-08-23T14:41:28.5224609Z 
2025-08-23T14:41:28.5224831Z This is the Android XR Emulator System Image SDK License Agreement
2025-08-23T14:41:28.5225077Z 
2025-08-23T14:41:28.5225153Z 1. Introduction
2025-08-23T14:41:28.5225259Z 
2025-08-23T14:41:28.5227410Z 1.1 The Android Android XR Emulator System Image SDK (referred to in the License Agreement as the "SDK" and specifically including the Android system files,, packaged APIs, library files (if and when they are made available), and Google applications and APIs add-ons) is licensed to you subject to the terms of the License Agreement. The License Agreement forms a legally binding contract between you and Google in relation to your use of the SDK.
2025-08-23T14:41:28.5228732Z 
2025-08-23T14:41:28.5229554Z 1.2 "Android" means the Android software stack for devices, as made available under the Android Open Source Project, which is located at the following URL: https://source.android.com/, as updated from time to time.
2025-08-23T14:41:28.5230222Z 
2025-08-23T14:41:28.5230987Z 1.3 "Google" means Google LLC, organized under the laws of the State of Delaware, USA, and operating under the laws of the USA with principal place of business at 1600 Amphitheatre Parkway, Mountain View, CA 94043, USA.
2025-08-23T14:41:28.5231627Z 
2025-08-23T14:41:28.5231758Z 2. Accepting this License Agreement
2025-08-23T14:41:28.5231928Z 
2025-08-23T14:41:28.5232417Z 2.1 In order to use the SDK, you must first agree to the License Agreement. You may not use the SDK if you do not accept the License Agreement.
2025-08-23T14:41:28.5232952Z 
2025-08-23T14:41:28.5233317Z 2.2 By clicking to accept and/or using this SDK, you hereby agree to the terms of the License Agreement.
2025-08-23T14:41:28.5233644Z 
2025-08-23T14:41:28.5234532Z 2.3 You may not use the SDK and may not accept the License Agreement if you are a person barred from receiving the SDK under the laws of the United States or other countries, including the country in which you are resident or from which you use the SDK.
2025-08-23T14:41:28.5235271Z 
2025-08-23T14:41:28.5236712Z 2.4 If you are agreeing to be bound by the License Agreement on behalf of your employer or other entity, you represent and warrant that you have full legal authority to bind your employer or such entity to the License Agreement. If you do not have the requisite authority, you may not accept the License Agreement or use the SDK on behalf of your employer or other entity.
2025-08-23T14:41:28.5237779Z 
2025-08-23T14:41:28.5237882Z 3. SDK License from Google
2025-08-23T14:41:28.5238032Z 
2025-08-23T14:41:28.5238880Z 3.1 Subject to the terms of the License Agreement, Google grants you a limited, worldwide, royalty-free, non-assignable, non-exclusive, and non-sublicensable license to use the SDK solely to develop applications for Android XR.
2025-08-23T14:41:28.5239585Z 
2025-08-23T14:41:28.5240380Z 3.2 You may not use this SDK to develop applications for other platforms or to develop another SDK. You are of course free to develop applications for other platforms provided that this SDK is not used for that purpose.
2025-08-23T14:41:28.5241036Z 
2025-08-23T14:41:28.5242482Z 3.3 You agree that Google or third parties own all legal right, title and interest in and to the SDK, including any Intellectual Property Rights that subsist in the SDK. "Intellectual Property Rights" means any and all rights under patent law, copyright law, trade secret law, trademark law, and any and all other proprietary rights. Google reserves all rights not expressly granted to you.
2025-08-23T14:41:28.5243628Z 
2025-08-23T14:41:28.5245711Z 3.4 You may not use the SDK for any purpose not expressly permitted by the License Agreement. Except to the extent required by applicable third party licenses, you may not (a) copy (except for backup purposes), modify, adapt, redistribute, decompile, reverse engineer, disassemble, or create derivative works of the SDK or any part of the SDK; or (b) load any part of the SDK onto a mobile handset or any other hardware device except a personal computer, combine any part of the SDK with other software, or distribute any software or device incorporating a part of the SDK.
2025-08-23T14:41:28.5247426Z 
2025-08-23T14:41:28.5249091Z 3.5 Use, reproduction and distribution of components of the SDK licensed under an open source software license are governed solely by the terms of that open source software license and not the License Agreement. You agree to remain a licensee in good standing in regard to such open source software licenses under all the rights granted and to refrain from any actions that may terminate, suspend, or breach such rights.
2025-08-23T14:41:28.5250342Z 
2025-08-23T14:41:28.5251885Z 3.6 You agree that the form and nature of the SDK that Google provides may change without prior notice to you and that future versions of the SDK may be incompatible with applications developed on previous versions of the SDK. You agree that Google may stop (permanently or temporarily) providing the SDK (or any features within the SDK) to you or to users generally at Google's sole discretion, without prior notice to you.
2025-08-23T14:41:28.5253091Z 
2025-08-23T14:41:28.5253700Z 3.7 Nothing in the License Agreement gives you a right to use any of Google's trade names, trademarks, service marks, logos, domain names, or other distinctive brand features.
2025-08-23T14:41:28.5254230Z 
2025-08-23T14:41:28.5254897Z 3.8 You agree that you will not remove, obscure, or alter any proprietary rights notices (including copyright and trademark notices) that may be affixed to or contained within the SDK.
2025-08-23T14:41:28.5255577Z 
2025-08-23T14:41:28.5255671Z 4. Use of the SDK by You
2025-08-23T14:41:28.5255800Z 
2025-08-23T14:41:28.5256864Z 4.1 Google agrees that it obtains no right, title or interest from you (or your licensors) under the License Agreement in or to any software applications that you develop using the SDK, including any intellectual property rights that subsist in those applications.
2025-08-23T14:41:28.5257667Z 
2025-08-23T14:41:28.5258977Z 4.2 You agree to use the SDK and write applications only for purposes that are permitted by (a) the License Agreement and (b) any applicable law, regulation or generally accepted practices or guidelines in the relevant jurisdictions (including any laws regarding the export of data or software to and from the United States or other relevant countries).
2025-08-23T14:41:28.5260030Z 
2025-08-23T14:41:28.5262946Z 4.3 You agree that if you use the SDK to develop applications for general public users, you will protect the privacy and legal rights of those users. If the users provide you with user names, passwords, or other login information or personal information, you must make the users aware that the information will be available to your application, and you must provide legally adequate privacy notice and protection for those users. If your application stores personal or sensitive information provided by users, it must do so securely. If the user provides your application with Google Account information, your application may only use that information to access the user's Google Account when, and for the limited purposes for which, the user has given you permission to do so.
2025-08-23T14:41:28.5265189Z 
2025-08-23T14:41:28.5266679Z 4.4 You agree that you will not engage in any activity with the SDK, including the development or distribution of an application, that interferes with, disrupts, damages, or accesses in an unauthorized manner the servers, networks, or other properties or services of any third party including, but not limited to, Google or any mobile communications carrier.
2025-08-23T14:41:28.5267740Z 
2025-08-23T14:41:28.5269009Z 4.5 You agree that you are solely responsible for (and that Google has no responsibility to you or to any third party for) any data, content, or resources that you create, transmit or display through Android and/or applications for Android, and for the consequences of your actions (including any loss or damage which Google may suffer) by doing so.
2025-08-23T14:41:28.5270010Z 
2025-08-23T14:41:28.5271443Z 4.6 You agree that you are solely responsible for (and that Google has no responsibility to you or to any third party for) any breach of your obligations under the License Agreement, any applicable third party contract or Terms of Service, or any applicable law or regulation, and for the consequences (including any loss or damage which Google or any third party may suffer) of any such breach.
2025-08-23T14:41:28.5272574Z 
2025-08-23T14:41:28.5273780Z 4.7 The SDK is in development, and your testing and feedback are an important part of the development process. By using the SDK, you acknowledge that implementation of some features are still under development and that you should not rely on the SDK having the full functionality of a stable release.
2025-08-23T14:41:28.5274673Z 
2025-08-23T14:41:28.5274781Z 5. Your Developer Credentials
2025-08-23T14:41:28.5274936Z 
2025-08-23T14:41:28.5275974Z 5.1 You agree that you are responsible for maintaining the confidentiality of any developer credentials that may be issued to you by Google or which you may choose yourself and that you will be solely responsible for all applications that are developed under your developer credentials.
2025-08-23T14:41:28.5276930Z 
2025-08-23T14:41:28.5277036Z 6. Privacy and Information
2025-08-23T14:41:28.5277171Z 
2025-08-23T14:41:28.5278941Z 6.1 In order to continually innovate and improve the SDK, Google may collect certain usage statistics from the software including but not limited to a unique identifier, associated IP address, version number of the software, and information on which tools and/or services in the SDK are being used and how they are being used. Before any of this information is collected, the SDK will notify you and seek your consent. If you withhold consent, the information will not be collected.
2025-08-23T14:41:28.5280474Z 
2025-08-23T14:41:28.5281238Z 6.2 The data collected is examined in the aggregate to improve the SDK and is maintained in accordance with Google's Privacy Policy, which is located at the following URL: https://policies.google.com/privacy
2025-08-23T14:41:28.5281865Z 
2025-08-23T14:41:28.5282213Z 6.3 Anonymized and aggregated sets of the data may be shared with Google partners to improve the SDK.
2025-08-23T14:41:28.5282582Z 
2025-08-23T14:41:28.5282683Z 7. Third Party Applications
2025-08-23T14:41:28.5282825Z 
2025-08-23T14:41:28.5284988Z 7.1 If you use the SDK to run applications developed by a third party or that access data, content or resources provided by a third party, you agree that Google is not responsible for those applications, data, content, or resources. You understand that all data, content or resources which you may access through such third party applications are the sole responsibility of the person from which they originated and that Google is not liable for any loss or damage that you may experience as a result of the use or access of any of those third party applications, data, content, or resources.
2025-08-23T14:41:28.5286766Z 
2025-08-23T14:41:28.5288555Z 7.2 You should be aware that the data, content, and resources presented to you through such a third party application may be protected by intellectual property rights which are owned by the providers (or by other persons or companies on their behalf). You may not modify, rent, lease, loan, sell, distribute or create derivative works based on these data, content, or resources (either in whole or in part) unless you have been specifically given permission to do so by the relevant owners.
2025-08-23T14:41:28.5289958Z 
2025-08-23T14:41:28.5290950Z 7.3 You acknowledge that your use of such third party applications, data, content, or resources may be subject to separate terms between you and the relevant third party. In that case, the License Agreement does not affect your legal relationship with these third parties.
2025-08-23T14:41:28.5291749Z 
2025-08-23T14:41:28.5291840Z 8. Using Android APIs
2025-08-23T14:41:28.5291982Z 
2025-08-23T14:41:28.5292074Z 8.1 Google Data APIs
2025-08-23T14:41:28.5292191Z 
2025-08-23T14:41:28.5293993Z 8.1.1 If you use any API to retrieve data from Google, you acknowledge that the data may be protected by intellectual property rights which are owned by Google or those parties that provide the data (or by other persons or companies on their behalf). Your use of any such API may be subject to additional Terms of Service. You may not modify, rent, lease, loan, sell, distribute or create derivative works based on this data (either in whole or in part) unless allowed by the relevant Terms of Service.
2025-08-23T14:41:28.5295517Z 
2025-08-23T14:41:28.5298761Z 8.1.2 If you use any API to retrieve a user's data from Google, you acknowledge and agree that you shall retrieve data only with the user's explicit consent and only when, and for the limited purposes for which, the user has given you permission to do so. If you use the Android Recognition Service API, documented at the following URL: https://developer.android.com/reference/android/speech/RecognitionService, as updated from time to time, you acknowledge that the use of the API is subject to the Data Processing Addendum for Products where Google is a Data Processor, which is located at the following URL: https://privacy.google.com/businesses/gdprprocessorterms/, as updated from time to time. By clicking to accept, you hereby agree to the terms of the Data Processing Addendum for Products where Google is a Data Processor.
2025-08-23T14:41:28.5301157Z 
2025-08-23T14:41:28.5301301Z 9. Terminating this License Agreement
2025-08-23T14:41:28.5301467Z 
2025-08-23T14:41:28.5301964Z 9.1 The License Agreement will continue to apply until terminated by either you or Google as set out below.
2025-08-23T14:41:28.5302332Z 
2025-08-23T14:41:28.5302784Z 9.2 If you want to terminate the License Agreement, you may do so by ceasing your use of the SDK and any relevant developer credentials.
2025-08-23T14:41:28.5303199Z 
2025-08-23T14:41:28.5305719Z 9.3 Google may at any time, terminate the License Agreement with you if: (A) you have breached any provision of the License Agreement; or (B) Google is required to do so by law; or (C) the partner with whom Google offered certain parts of SDK (such as APIs) to you has terminated its relationship with Google or ceased to offer certain parts of the SDK to you; or (D) Google decides to no longer provide the SDK or certain parts of the SDK to users in the country in which you are resident or from which you use the service, or the provision of the SDK or certain SDK services to you by Google is, in Google's sole discretion, no longer commercially viable.
2025-08-23T14:41:28.5307685Z 
2025-08-23T14:41:28.5309330Z 9.4 When the License Agreement comes to an end, all of the legal rights, obligations and liabilities that you and Google have benefited from, been subject to (or which have accrued over time whilst the License Agreement has been in force) or which are expressed to continue indefinitely, shall be unaffected by this cessation, and the provisions of paragraph 14.7 shall continue to apply to such rights, obligations and liabilities indefinitely.
2025-08-23T14:41:28.5310620Z 
2025-08-23T14:41:28.5310720Z 10. DISCLAIMER OF WARRANTIES
2025-08-23T14:41:28.5310861Z 
2025-08-23T14:41:28.5311474Z 10.1 YOU EXPRESSLY UNDERSTAND AND AGREE THAT YOUR USE OF THE SDK IS AT YOUR SOLE RISK AND THAT THE SDK IS PROVIDED "AS IS" AND "AS AVAILABLE" WITHOUT WARRANTY OF ANY KIND FROM GOOGLE.
2025-08-23T14:41:28.5311988Z 
2025-08-23T14:41:28.5312925Z 10.2 YOUR USE OF THE SDK AND ANY MATERIAL DOWNLOADED OR OTHERWISE OBTAINED THROUGH THE USE OF THE SDK IS AT YOUR OWN DISCRETION AND RISK AND YOU ARE SOLELY RESPONSIBLE FOR ANY DAMAGE TO YOUR COMPUTER SYSTEM OR OTHER DEVICE OR LOSS OF DATA THAT RESULTS FROM SUCH USE.
2025-08-23T14:41:28.5313690Z 
2025-08-23T14:41:28.5314632Z 10.3 GOOGLE FURTHER EXPRESSLY DISCLAIMS ALL WARRANTIES AND CONDITIONS OF ANY KIND, WHETHER EXPRESS OR IMPLIED, INCLUDING, BUT NOT LIMITED TO THE IMPLIED WARRANTIES AND CONDITIONS OF MERCHANTABILITY, FITNESS FOR A PARTICULAR PURPOSE AND NON-INFRINGEMENT.
2025-08-23T14:41:28.5315421Z 
2025-08-23T14:41:28.5315519Z 11. LIMITATION OF LIABILITY
2025-08-23T14:41:28.5315654Z 
2025-08-23T14:41:28.5317498Z 11.1 YOU EXPRESSLY UNDERSTAND AND AGREE THAT GOOGLE, ITS SUBSIDIARIES AND AFFILIATES, AND ITS LICENSORS SHALL NOT BE LIABLE TO YOU UNDER ANY THEORY OF LIABILITY FOR ANY DIRECT, INDIRECT, INCIDENTAL, SPECIAL, CONSEQUENTIAL OR EXEMPLARY DAMAGES THAT MAY BE INCURRED BY YOU, INCLUDING ANY LOSS OF DATA, WHETHER OR NOT GOOGLE OR ITS REPRESENTATIVES HAVE BEEN ADVISED OF OR SHOULD HAVE BEEN AWARE OF THE POSSIBILITY OF ANY SUCH LOSSES ARISING.
2025-08-23T14:41:28.5318779Z 
2025-08-23T14:41:28.5318874Z 12. Indemnification
2025-08-23T14:41:28.5318987Z 
2025-08-23T14:41:28.5321652Z 12.1 To the maximum extent permitted by law, you agree to defend, indemnify and hold harmless Google, its affiliates and their respective directors, officers, employees and agents from and against any and all claims, actions, suits or proceedings, as well as any and all losses, liabilities, damages, costs and expenses (including reasonable attorneys fees) arising out of or accruing from (a) your use of the SDK, (b) any application you develop on the SDK that infringes any copyright, trademark, trade secret, trade dress, patent or other intellectual property right of any person or defames any person or violates their rights of publicity or privacy, and (c) any non-compliance by you with the License Agreement.
2025-08-23T14:41:28.5323704Z 
2025-08-23T14:41:28.5323836Z 13. Changes to the License Agreement
2025-08-23T14:41:28.5323997Z 
2025-08-23T14:41:28.5324953Z 13.1 Google may make changes to the License Agreement as it distributes new versions of the SDK. When these changes are made, Google will make a new version of the License Agreement available on the website where the SDK is made available.
2025-08-23T14:41:28.5325657Z 
2025-08-23T14:41:28.5325746Z 14. General Legal Terms
2025-08-23T14:41:28.5325868Z 
2025-08-23T14:41:28.5327097Z 14.1 The License Agreement constitutes the whole legal agreement between you and Google and governs your use of the SDK (excluding any services which Google may provide to you under a separate written agreement), and completely replaces any prior agreements between you and Google in relation to the SDK.
2025-08-23T14:41:28.5328013Z 
2025-08-23T14:41:28.5329161Z 14.2 You agree that if Google does not exercise or enforce any legal right or remedy which is contained in the License Agreement (or which Google has the benefit of under any applicable law), this will not be taken to be a formal waiver of Google's rights and that those rights or remedies will still be available to Google.
2025-08-23T14:41:28.5330086Z 
2025-08-23T14:41:28.5331344Z 14.3 If any court of law, having the jurisdiction to decide on this matter, rules that any provision of the License Agreement is invalid, then that provision will be removed from the License Agreement without affecting the rest of the License Agreement. The remaining provisions of the License Agreement will continue to be valid and enforceable.
2025-08-23T14:41:28.5332356Z 
2025-08-23T14:41:28.5334089Z 14.4 You acknowledge and agree that each member of the group of companies of which Google is the parent shall be third party beneficiaries to the License Agreement and that such other companies shall be entitled to directly enforce, and rely upon, any provision of the License Agreement that confers a benefit on (or rights in favor of) them. Other than this, no other person or company shall be third party beneficiaries to the License Agreement.
2025-08-23T14:41:28.5335427Z 
2025-08-23T14:41:28.5336504Z 14.5 EXPORT RESTRICTIONS. THE SDK IS SUBJECT TO UNITED STATES EXPORT LAWS AND REGULATIONS. YOU MUST COMPLY WITH ALL DOMESTIC AND INTERNATIONAL EXPORT LAWS AND REGULATIONS THAT APPLY TO THE SDK. THESE LAWS INCLUDE RESTRICTIONS ON DESTINATIONS, END USERS AND END USE.
2025-08-23T14:41:28.5337319Z 
2025-08-23T14:41:28.5338587Z 14.6 The rights granted in the License Agreement may not be assigned or transferred by either you or Google without the prior written approval of the other party. Neither you nor Google shall be permitted to delegate their responsibilities or obligations under the License Agreement without the prior written approval of the other party.
2025-08-23T14:41:28.5339610Z 
2025-08-23T14:41:28.5341824Z 14.7 The License Agreement, and your relationship with Google under the License Agreement, shall be governed by the laws of the State of California without regard to its conflict of laws provisions. You and Google agree to submit to the exclusive jurisdiction of the courts located within the county of Santa Clara, California to resolve any legal matter arising from the License Agreement. Notwithstanding this, you agree that Google shall still be allowed to apply for injunctive remedies (or an equivalent type of urgent legal relief) in any jurisdiction.
2025-08-23T14:41:28.5343591Z ---------------------------------------
2025-08-23T14:41:28.5343832Z Accept? (y/N): 
2025-08-23T14:41:28.5344085Z 3/6: License android-sdk-arm-dbt-license:
2025-08-23T14:41:28.5344380Z ---------------------------------------
2025-08-23T14:41:28.5344725Z Terms and Conditions
2025-08-23T14:41:28.5344843Z 
2025-08-23T14:41:28.5345047Z This is the Android Software Development Kit License Agreement
2025-08-23T14:41:28.5345280Z 
2025-08-23T14:41:28.5345352Z 1. Introduction
2025-08-23T14:41:28.5345456Z 
2025-08-23T14:41:28.5346969Z 1.1 The Android Software Development Kit (referred to in the License Agreement as the "SDK" and specifically including the Android system files, packaged APIs, and Google APIs add-ons) is licensed to you subject to the terms of the License Agreement. The License Agreement forms a legally binding contract between you and Google in relation to your use of the SDK.
2025-08-23T14:41:28.5348172Z 
2025-08-23T14:41:28.5348959Z 1.2 "Android" means the Android software stack for devices, as made available under the Android Open Source Project, which is located at the following URL: http://source.android.com/, as updated from time to time.
2025-08-23T14:41:28.5349603Z 
2025-08-23T14:41:28.5350898Z 1.3 A "compatible implementation" means any Android device that (i) complies with the Android Compatibility Definition document, which can be found at the Android compatibility website (http://source.android.com/compatibility) and which may be updated from time to time; and (ii) successfully passes the Android Compatibility Test Suite (CTS).
2025-08-23T14:41:28.5351942Z 
2025-08-23T14:41:28.5352510Z 1.4 "Google" means Google Inc., a Delaware corporation with principal place of business at 1600 Amphitheatre Parkway, Mountain View, CA 94043, United States.
2025-08-23T14:41:28.5353014Z 
2025-08-23T14:41:28.5353020Z 
2025-08-23T14:41:28.5353144Z 2. Accepting the License Agreement
2025-08-23T14:41:28.5353308Z 
2025-08-23T14:41:28.5353781Z 2.1 In order to use the SDK, you must first agree to the License Agreement. You may not use the SDK if you do not accept the License Agreement.
2025-08-23T14:41:28.5354194Z 
2025-08-23T14:41:28.5354467Z 2.2 By clicking to accept, you hereby agree to the terms of the License Agreement.
2025-08-23T14:41:28.5354739Z 
2025-08-23T14:41:28.5355623Z 2.3 You may not use the SDK and may not accept the License Agreement if you are a person barred from receiving the SDK under the laws of the United States or other countries, including the country in which you are resident or from which you use the SDK.
2025-08-23T14:41:28.5356540Z 
2025-08-23T14:41:28.5357887Z 2.4 If you are agreeing to be bound by the License Agreement on behalf of your employer or other entity, you represent and warrant that you have full legal authority to bind your employer or such entity to the License Agreement. If you do not have the requisite authority, you may not accept the License Agreement or use the SDK on behalf of your employer or other entity.
2025-08-23T14:41:28.5358963Z 
2025-08-23T14:41:28.5358969Z 
2025-08-23T14:41:28.5359074Z 3. SDK License from Google
2025-08-23T14:41:28.5359210Z 
2025-08-23T14:41:28.5360167Z 3.1 Subject to the terms of the License Agreement, Google grants you a limited, worldwide, royalty-free, non-assignable, non-exclusive, and non-sublicensable license to use the SDK solely to develop applications for compatible implementations of Android.
2025-08-23T14:41:28.5360951Z 
2025-08-23T14:41:28.5362302Z 3.2 You may not use this SDK to develop applications for other platforms (including non-compatible implementations of Android) or to develop another SDK. You are of course free to develop applications for other platforms, including non-compatible implementations of Android, provided that this SDK is not used for that purpose.
2025-08-23T14:41:28.5363312Z 
2025-08-23T14:41:28.5364755Z 3.3 You agree that Google or third parties own all legal right, title and interest in and to the SDK, including any Intellectual Property Rights that subsist in the SDK. "Intellectual Property Rights" means any and all rights under patent law, copyright law, trade secret law, trademark law, and any and all other proprietary rights. Google reserves all rights not expressly granted to you.
2025-08-23T14:41:28.5365901Z 
2025-08-23T14:41:28.5367264Z 3.4 You may not use the SDK for any purpose not expressly permitted by the License Agreement. Except to the extent required by applicable third party licenses, you may not copy (except for backup purposes), modify, adapt, redistribute, decompile, reverse engineer, disassemble, or create derivative works of the SDK or any part of the SDK.
2025-08-23T14:41:28.5368279Z 
2025-08-23T14:41:28.5369048Z 3.5 Use, reproduction and distribution of components of the SDK licensed under an open source software license are governed solely by the terms of that open source software license and not the License Agreement.
2025-08-23T14:41:28.5369814Z 
2025-08-23T14:41:28.5371378Z 3.6 You agree that the form and nature of the SDK that Google provides may change without prior notice to you and that future versions of the SDK may be incompatible with applications developed on previous versions of the SDK. You agree that Google may stop (permanently or temporarily) providing the SDK (or any features within the SDK) to you or to users generally at Google's sole discretion, without prior notice to you.
2025-08-23T14:41:28.5372599Z 
2025-08-23T14:41:28.5373216Z 3.7 Nothing in the License Agreement gives you a right to use any of Google's trade names, trademarks, service marks, logos, domain names, or other distinctive brand features.
2025-08-23T14:41:28.5373749Z 
2025-08-23T14:41:28.5374414Z 3.8 You agree that you will not remove, obscure, or alter any proprietary rights notices (including copyright and trademark notices) that may be affixed to or contained within the SDK.
2025-08-23T14:41:28.5374988Z 
2025-08-23T14:41:28.5374994Z 
2025-08-23T14:41:28.5375095Z 4. Use of the SDK by You
2025-08-23T14:41:28.5375226Z 
2025-08-23T14:41:28.5376282Z 4.1 Google agrees that it obtains no right, title or interest from you (or your licensors) under the License Agreement in or to any software applications that you develop using the SDK, including any intellectual property rights that subsist in those applications.
2025-08-23T14:41:28.5377082Z 
2025-08-23T14:41:28.5378393Z 4.2 You agree to use the SDK and write applications only for purposes that are permitted by (a) the License Agreement and (b) any applicable law, regulation or generally accepted practices or guidelines in the relevant jurisdictions (including any laws regarding the export of data or software to and from the United States or other relevant countries).
2025-08-23T14:41:28.5379439Z 
2025-08-23T14:41:28.5382357Z 4.3 You agree that if you use the SDK to develop applications for general public users, you will protect the privacy and legal rights of those users. If the users provide you with user names, passwords, or other login information or personal information, you must make the users aware that the information will be available to your application, and you must provide legally adequate privacy notice and protection for those users. If your application stores personal or sensitive information provided by users, it must do so securely. If the user provides your application with Google Account information, your application may only use that information to access the user's Google Account when, and for the limited purposes for which, the user has given you permission to do so.
2025-08-23T14:41:28.5384652Z 
2025-08-23T14:41:28.5386080Z 4.4 You agree that you will not engage in any activity with the SDK, including the development or distribution of an application, that interferes with, disrupts, damages, or accesses in an unauthorized manner the servers, networks, or other properties or services of any third party including, but not limited to, Google or any mobile communications carrier.
2025-08-23T14:41:28.5387254Z 
2025-08-23T14:41:28.5388515Z 4.5 You agree that you are solely responsible for (and that Google has no responsibility to you or to any third party for) any data, content, or resources that you create, transmit or display through Android and/or applications for Android, and for the consequences of your actions (including any loss or damage which Google may suffer) by doing so.
2025-08-23T14:41:28.5389533Z 
2025-08-23T14:41:28.5390971Z 4.6 You agree that you are solely responsible for (and that Google has no responsibility to you or to any third party for) any breach of your obligations under the License Agreement, any applicable third party contract or Terms of Service, or any applicable law or regulation, and for the consequences (including any loss or damage which Google or any third party may suffer) of any such breach.
2025-08-23T14:41:28.5392116Z 
2025-08-23T14:41:28.5394063Z 4.7 This software enables the execution of intellectual property owned by Arm Limited. You agree that your use of the software, that allows execution of ARM Instruction Set Architecture (“ISA”) compliant executables for application development and debug only on x86 desktop, laptop, customer on-premise servers, and customer-procured cloud-based environments.
2025-08-23T14:41:28.5395182Z 
2025-08-23T14:41:28.5395288Z 5. Your Developer Credentials
2025-08-23T14:41:28.5395435Z 
2025-08-23T14:41:28.5396587Z 5.1 You agree that you are responsible for maintaining the confidentiality of any developer credentials that may be issued to you by Google or which you may choose yourself and that you will be solely responsible for all applications that are developed under your developer credentials.
2025-08-23T14:41:28.5397444Z 
2025-08-23T14:41:28.5397553Z 6. Privacy and Information
2025-08-23T14:41:28.5397684Z 
2025-08-23T14:41:28.5399459Z 6.1 In order to continually innovate and improve the SDK, Google may collect certain usage statistics from the software including but not limited to a unique identifier, associated IP address, version number of the software, and information on which tools and/or services in the SDK are being used and how they are being used. Before any of this information is collected, the SDK will notify you and seek your consent. If you withhold consent, the information will not be collected.
2025-08-23T14:41:28.5400866Z 
2025-08-23T14:41:28.5401326Z 6.2 The data collected is examined in the aggregate to improve the SDK and is maintained in accordance with Google's Privacy Policy.
2025-08-23T14:41:28.5401748Z 
2025-08-23T14:41:28.5401754Z 
2025-08-23T14:41:28.5401852Z 7. Third Party Applications
2025-08-23T14:41:28.5401992Z 
2025-08-23T14:41:28.5404292Z 7.1 If you use the SDK to run applications developed by a third party or that access data, content or resources provided by a third party, you agree that Google is not responsible for those applications, data, content, or resources. You understand that all data, content or resources which you may access through such third party applications are the sole responsibility of the person from which they originated and that Google is not liable for any loss or damage that you may experience as a result of the use or access of any of those third party applications, data, content, or resources.
2025-08-23T14:41:28.5406797Z 
2025-08-23T14:41:28.5408613Z 7.2 You should be aware the data, content, and resources presented to you through such a third party application may be protected by intellectual property rights which are owned by the providers (or by other persons or companies on their behalf). You may not modify, rent, lease, loan, sell, distribute or create derivative works based on these data, content, or resources (either in whole or in part) unless you have been specifically given permission to do so by the relevant owners.
2025-08-23T14:41:28.5410019Z 
2025-08-23T14:41:28.5411169Z 7.3 You acknowledge that your use of such third party applications, data, content, or resources may be subject to separate terms between you and the relevant third party. In that case, the License Agreement does not affect your legal relationship with these third parties.
2025-08-23T14:41:28.5412042Z 
2025-08-23T14:41:28.5412048Z 
2025-08-23T14:41:28.5412142Z 8. Using Android APIs
2025-08-23T14:41:28.5412276Z 
2025-08-23T14:41:28.5412361Z 8.1 Google Data APIs
2025-08-23T14:41:28.5412479Z 
2025-08-23T14:41:28.5414294Z 8.1.1 If you use any API to retrieve data from Google, you acknowledge that the data may be protected by intellectual property rights which are owned by Google or those parties that provide the data (or by other persons or companies on their behalf). Your use of any such API may be subject to additional Terms of Service. You may not modify, rent, lease, loan, sell, distribute or create derivative works based on this data (either in whole or in part) unless allowed by the relevant Terms of Service.
2025-08-23T14:41:28.5415695Z 
2025-08-23T14:41:28.5419047Z 8.1.2 If you use any API to retrieve a user's data from Google, you acknowledge and agree that you shall retrieve data only with the user's explicit consent and only when, and for the limited purposes for which, the user has given you permission to do so. If you use the Android Recognition Service API, documented at the following URL: https://developer.android.com/reference/android/speech/RecognitionService, as updated from time to time, you acknowledge that the use of the API is subject to the Data Processing Addendum for Products where Google is a Data Processor, which is located at the following URL: https://privacy.google.com/businesses/gdprprocessorterms/, as updated from time to time. By clicking to accept, you hereby agree to the terms of the Data Processing Addendum for Products where Google is a Data Processor.
2025-08-23T14:41:28.5421621Z 
2025-08-23T14:41:28.5421627Z 
2025-08-23T14:41:28.5421763Z 9. Terminating the License Agreement
2025-08-23T14:41:28.5421929Z 
2025-08-23T14:41:28.5422317Z 9.1 The License Agreement will continue to apply until terminated by either you or Google as set out below.
2025-08-23T14:41:28.5422677Z 
2025-08-23T14:41:28.5423129Z 9.2 If you want to terminate the License Agreement, you may do so by ceasing your use of the SDK and any relevant developer credentials.
2025-08-23T14:41:28.5423541Z 
2025-08-23T14:41:28.5425831Z 9.3 Google may at any time, terminate the License Agreement with you if: (A) you have breached any provision of the License Agreement; or (B) Google is required to do so by law; or (C) the partner with whom Google offered certain parts of SDK (such as APIs) to you has terminated its relationship with Google or ceased to offer certain parts of the SDK to you; or (D) Google decides to no longer provide the SDK or certain parts of the SDK to users in the country in which you are resident or from which you use the service, or the provision of the SDK or certain SDK services to you by Google is, in Google's sole discretion, no longer commercially viable.
2025-08-23T14:41:28.5427752Z 
2025-08-23T14:41:28.5429385Z 9.4 When the License Agreement comes to an end, all of the legal rights, obligations and liabilities that you and Google have benefited from, been subject to (or which have accrued over time whilst the License Agreement has been in force) or which are expressed to continue indefinitely, shall be unaffected by this cessation, and the provisions of paragraph 14.7 shall continue to apply to such rights, obligations and liabilities indefinitely.
2025-08-23T14:41:28.5430693Z 
2025-08-23T14:41:28.5430699Z 
2025-08-23T14:41:28.5430800Z 10. DISCLAIMER OF WARRANTIES
2025-08-23T14:41:28.5430948Z 
2025-08-23T14:41:28.5431565Z 10.1 YOU EXPRESSLY UNDERSTAND AND AGREE THAT YOUR USE OF THE SDK IS AT YOUR SOLE RISK AND THAT THE SDK IS PROVIDED "AS IS" AND "AS AVAILABLE" WITHOUT WARRANTY OF ANY KIND FROM GOOGLE.
2025-08-23T14:41:28.5432079Z 
2025-08-23T14:41:28.5433132Z 10.2 YOUR USE OF THE SDK AND ANY MATERIAL DOWNLOADED OR OTHERWISE OBTAINED THROUGH THE USE OF THE SDK IS AT YOUR OWN DISCRETION AND RISK AND YOU ARE SOLELY RESPONSIBLE FOR ANY DAMAGE TO YOUR COMPUTER SYSTEM OR OTHER DEVICE OR LOSS OF DATA THAT RESULTS FROM SUCH USE.
2025-08-23T14:41:28.5433905Z 
2025-08-23T14:41:28.5434862Z 10.3 GOOGLE FURTHER EXPRESSLY DISCLAIMS ALL WARRANTIES AND CONDITIONS OF ANY KIND, WHETHER EXPRESS OR IMPLIED, INCLUDING, BUT NOT LIMITED TO THE IMPLIED WARRANTIES AND CONDITIONS OF MERCHANTABILITY, FITNESS FOR A PARTICULAR PURPOSE AND NON-INFRINGEMENT.
2025-08-23T14:41:28.5435651Z 
2025-08-23T14:41:28.5435656Z 
2025-08-23T14:41:28.5435754Z 11. LIMITATION OF LIABILITY
2025-08-23T14:41:28.5435897Z 
2025-08-23T14:41:28.5437680Z 11.1 YOU EXPRESSLY UNDERSTAND AND AGREE THAT GOOGLE, ITS SUBSIDIARIES AND AFFILIATES, AND ITS LICENSORS SHALL NOT BE LIABLE TO YOU UNDER ANY THEORY OF LIABILITY FOR ANY DIRECT, INDIRECT, INCIDENTAL, SPECIAL, CONSEQUENTIAL OR EXEMPLARY DAMAGES THAT MAY BE INCURRED BY YOU, INCLUDING ANY LOSS OF DATA, WHETHER OR NOT GOOGLE OR ITS REPRESENTATIVES HAVE BEEN ADVISED OF OR SHOULD HAVE BEEN AWARE OF THE POSSIBILITY OF ANY SUCH LOSSES ARISING.
2025-08-23T14:41:28.5439100Z 
2025-08-23T14:41:28.5439106Z 
2025-08-23T14:41:28.5439196Z 12. Indemnification
2025-08-23T14:41:28.5439315Z 
2025-08-23T14:41:28.5441968Z 12.1 To the maximum extent permitted by law, you agree to defend, indemnify and hold harmless Google, its affiliates and their respective directors, officers, employees and agents from and against any and all claims, actions, suits or proceedings, as well as any and all losses, liabilities, damages, costs and expenses (including reasonable attorneys fees) arising out of or accruing from (a) your use of the SDK, (b) any application you develop on the SDK that infringes any copyright, trademark, trade secret, trade dress, patent or other intellectual property right of any person or defames any person or violates their rights of publicity or privacy, and (c) any non-compliance by you with the License Agreement.
2025-08-23T14:41:28.5444033Z 
2025-08-23T14:41:28.5444038Z 
2025-08-23T14:41:28.5444165Z 13. Changes to the License Agreement
2025-08-23T14:41:28.5444329Z 
2025-08-23T14:41:28.5445177Z 13.1 Google may make changes to the License Agreement as it distributes new versions of the SDK. When these changes are made, Google will make a new version of the License Agreement available on the website where the SDK is made available.
2025-08-23T14:41:28.5445879Z 
2025-08-23T14:41:28.5445884Z 
2025-08-23T14:41:28.5445979Z 14. General Legal Terms
2025-08-23T14:41:28.5446101Z 
2025-08-23T14:41:28.5447441Z 14.1 The License Agreement constitutes the whole legal agreement between you and Google and governs your use of the SDK (excluding any services which Google may provide to you under a separate written agreement), and completely replaces any prior agreements between you and Google in relation to the SDK.
2025-08-23T14:41:28.5448370Z 
2025-08-23T14:41:28.5449510Z 14.2 You agree that if Google does not exercise or enforce any legal right or remedy which is contained in the License Agreement (or which Google has the benefit of under any applicable law), this will not be taken to be a formal waiver of Google's rights and that those rights or remedies will still be available to Google.
2025-08-23T14:41:28.5450444Z 
2025-08-23T14:41:28.5451715Z 14.3 If any court of law, having the jurisdiction to decide on this matter, rules that any provision of the License Agreement is invalid, then that provision will be removed from the License Agreement without affecting the rest of the License Agreement. The remaining provisions of the License Agreement will continue to be valid and enforceable.
2025-08-23T14:41:28.5452740Z 
2025-08-23T14:41:28.5454485Z 14.4 You acknowledge and agree that each member of the group of companies of which Google is the parent shall be third party beneficiaries to the License Agreement and that such other companies shall be entitled to directly enforce, and rely upon, any provision of the License Agreement that confers a benefit on (or rights in favor of) them. Other than this, no other person or company shall be third party beneficiaries to the License Agreement.
2025-08-23T14:41:28.5455785Z 
2025-08-23T14:41:28.5456943Z 14.5 EXPORT RESTRICTIONS. THE SDK IS SUBJECT TO UNITED STATES EXPORT LAWS AND REGULATIONS. YOU MUST COMPLY WITH ALL DOMESTIC AND INTERNATIONAL EXPORT LAWS AND REGULATIONS THAT APPLY TO THE SDK. THESE LAWS INCLUDE RESTRICTIONS ON DESTINATIONS, END USERS AND END USE.
2025-08-23T14:41:28.5457753Z 
2025-08-23T14:41:28.5459028Z 14.6 The rights granted in the License Agreement may not be assigned or transferred by either you or Google without the prior written approval of the other party. Neither you nor Google shall be permitted to delegate their responsibilities or obligations under the License Agreement without the prior written approval of the other party.
2025-08-23T14:41:28.5460058Z 
2025-08-23T14:41:28.5462148Z 14.7 The License Agreement, and your relationship with Google under the License Agreement, shall be governed by the laws of the State of California without regard to its conflict of laws provisions. You and Google agree to submit to the exclusive jurisdiction of the courts located within the county of Santa Clara, California to resolve any legal matter arising from the License Agreement. Notwithstanding this, you agree that Google shall still be allowed to apply for injunctive remedies (or an equivalent type of urgent legal relief) in any jurisdiction.
2025-08-23T14:41:28.5463903Z 
2025-08-23T14:41:28.5463909Z 
2025-08-23T14:41:28.5463998Z January 16, 2019
2025-08-23T14:41:28.5464237Z ---------------------------------------
2025-08-23T14:41:28.5464475Z Accept? (y/N): 
2025-08-23T14:41:28.5464738Z 4/6: License android-sdk-preview-license:
2025-08-23T14:41:28.5465037Z ---------------------------------------
2025-08-23T14:41:28.5466764Z To get started with the Android SDK Preview, you must agree to the following terms and conditions. As described below, please note that this is a preview version of the Android SDK, subject to change, that you use at your own risk. The Android SDK Preview is not a stable release, and may contain errors and defects that can result in serious damage to your computer systems, devices and data.
2025-08-23T14:41:28.5467882Z 
2025-08-23T14:41:28.5468150Z This is the Android SDK Preview License Agreement (the "License Agreement").
2025-08-23T14:41:28.5468418Z 
2025-08-23T14:41:28.5468494Z 1. Introduction
2025-08-23T14:41:28.5468600Z 
2025-08-23T14:41:28.5470465Z 1.1 The Android SDK Preview (referred to in the License Agreement as the “Preview” and specifically including the Android system files, packaged APIs, and Preview library files, if and when they are made available) is licensed to you subject to the terms of the License Agreement. The License Agreement forms a legally binding contract between you and Google in relation to your use of the Preview.
2025-08-23T14:41:28.5471633Z 
2025-08-23T14:41:28.5472413Z 1.2 "Android" means the Android software stack for devices, as made available under the Android Open Source Project, which is located at the following URL: http://source.android.com/, as updated from time to time.
2025-08-23T14:41:28.5473067Z 
2025-08-23T14:41:28.5473628Z 1.3 "Google" means Google Inc., a Delaware corporation with principal place of business at 1600 Amphitheatre Parkway, Mountain View, CA 94043, United States.
2025-08-23T14:41:28.5474121Z 
2025-08-23T14:41:28.5474252Z 2. Accepting the License Agreement
2025-08-23T14:41:28.5474408Z 
2025-08-23T14:41:28.5474911Z 2.1 In order to use the Preview, you must first agree to the License Agreement. You may not use the Preview if you do not accept the License Agreement.
2025-08-23T14:41:28.5475358Z 
2025-08-23T14:41:28.5475720Z 2.2 By clicking to accept and/or using the Preview, you hereby agree to the terms of the License Agreement.
2025-08-23T14:41:28.5476061Z 
2025-08-23T14:41:28.5477309Z 2.3 You may not use the Preview and may not accept the License Agreement if you are a person barred from receiving the Preview under the laws of the United States or other countries including the country in which you are resident or from which you use the Preview.
2025-08-23T14:41:28.5478100Z 
2025-08-23T14:41:28.5479709Z 2.4 If you will use the Preview internally within your company or organization you agree to be bound by the License Agreement on behalf of your employer or other entity, and you represent and warrant that you have full legal authority to bind your employer or such entity to the License Agreement. If you do not have the requisite authority, you may not accept the License Agreement or use the Preview on behalf of your employer or other entity.
2025-08-23T14:41:28.5480962Z 
2025-08-23T14:41:28.5481089Z 3. Preview License from Google
2025-08-23T14:41:28.5481234Z 
2025-08-23T14:41:28.5482397Z 3.1 Subject to the terms of the License Agreement, Google grants you a royalty-free, non-assignable, non-exclusive, non-sublicensable, limited, revocable license to use the Preview, personally or internally within your company or organization, solely to develop applications to run on the Android platform.
2025-08-23T14:41:28.5483499Z 
2025-08-23T14:41:28.5484978Z 3.2 You agree that Google or third parties owns all legal right, title and interest in and to the Preview, including any Intellectual Property Rights that subsist in the Preview. "Intellectual Property Rights" means any and all rights under patent law, copyright law, trade secret law, trademark law, and any and all other proprietary rights. Google reserves all rights not expressly granted to you.
2025-08-23T14:41:28.5486161Z 
2025-08-23T14:41:28.5488571Z 3.3 You may not use the Preview for any purpose not expressly permitted by the License Agreement. Except to the extent required by applicable third party licenses, you may not: (a) copy (except for backup purposes), modify, adapt, redistribute, decompile, reverse engineer, disassemble, or create derivative works of the Preview or any part of the Preview; or (b) load any part of the Preview onto a mobile handset or any other hardware device except a personal computer, combine any part of the Preview with other software, or distribute any software or device incorporating a part of the Preview.
2025-08-23T14:41:28.5490298Z 
2025-08-23T14:41:28.5491247Z 3.4 You agree that you will not take any actions that may cause or result in the fragmentation of Android, including but not limited to distributing, participating in the creation of, or promoting in any way a software development kit derived from the Preview.
2025-08-23T14:41:28.5492021Z 
2025-08-23T14:41:28.5493586Z 3.5 Use, reproduction and distribution of components of the Preview licensed under an open source software license are governed solely by the terms of that open source software license and not the License Agreement. You agree to remain a licensee in good standing in regard to such open source software licenses under all the rights granted and to refrain from any actions that may terminate, suspend, or breach such rights.
2025-08-23T14:41:28.5494826Z 
2025-08-23T14:41:28.5497522Z 3.6 You agree that the form and nature of the Preview that Google provides may change without prior notice to you and that future versions of the Preview may be incompatible with applications developed on previous versions of the Preview. You agree that Google may stop (permanently or temporarily) providing the Preview (or any features within the Preview) to you or to users generally at Google's sole discretion, without prior notice to you.
2025-08-23T14:41:28.5499093Z 
2025-08-23T14:41:28.5499734Z 3.7 Nothing in the License Agreement gives you a right to use any of Google's trade names, trademarks, service marks, logos, domain names, or other distinctive brand features.
2025-08-23T14:41:28.5500275Z 
2025-08-23T14:41:28.5500957Z 3.8 You agree that you will not remove, obscure, or alter any proprietary rights notices (including copyright and trademark notices) that may be affixed to or contained within the Preview.
2025-08-23T14:41:28.5501542Z 
2025-08-23T14:41:28.5501648Z 4. Use of the Preview by You
2025-08-23T14:41:28.5501792Z 
2025-08-23T14:41:28.5503070Z 4.1 Google agrees that nothing in the License Agreement gives Google any right, title or interest from you (or your licensors) under the License Agreement in or to any software applications that you develop using the Preview, including any intellectual property rights that subsist in those applications.
2025-08-23T14:41:28.5503999Z 
2025-08-23T14:41:28.5505324Z 4.2 You agree to use the Preview and write applications only for purposes that are permitted by (a) the License Agreement, and (b) any applicable law, regulation or generally accepted practices or guidelines in the relevant jurisdictions (including any laws regarding the export of data or software to and from the United States or other relevant countries).
2025-08-23T14:41:28.5506597Z 
2025-08-23T14:41:28.5510000Z 4.3 You agree that if you use the Preview to develop applications, you will protect the privacy and legal rights of users. If users provide you with user names, passwords, or other login information or personal information, you must make the users aware that the information will be available to your application, and you must provide legally adequate privacy notice and protection for those users. If your application stores personal or sensitive information provided by users, it must do so securely. If users provide you with Google Account information, your application may only use that information to access the user's Google Account when, and for the limited purposes for which, each user has given you permission to do so.
2025-08-23T14:41:28.5512499Z 
2025-08-23T14:41:28.5513611Z 4.4 You agree that you will not engage in any activity with the Preview, including the development or distribution of an application, that interferes with, disrupts, damages, or accesses in an unauthorized manner the servers, networks, or other properties or services of Google or any third party.
2025-08-23T14:41:28.5514518Z 
2025-08-23T14:41:28.5515793Z 4.5 You agree that you are solely responsible for (and that Google has no responsibility to you or to any third party for) any data, content, or resources that you create, transmit or display through Android and/or applications for Android, and for the consequences of your actions (including any loss or damage which Google may suffer) by doing so.
2025-08-23T14:41:28.5517038Z 
2025-08-23T14:41:28.5518478Z 4.6 You agree that you are solely responsible for (and that Google has no responsibility to you or to any third party for) any breach of your obligations under the License Agreement, any applicable third party contract or Terms of Service, or any applicable law or regulation, and for the consequences (including any loss or damage which Google or any third party may suffer) of any such breach.
2025-08-23T14:41:28.5519638Z 
2025-08-23T14:41:28.5521421Z 4.7 The Preview is in development, and your testing and feedback are an important part of the development process. By using the Preview, you acknowledge that implementation of some features are still under development and that you should not rely on the Preview having the full functionality of a stable release. You agree not to publicly distribute or ship any application using this Preview as this Preview will no longer be supported after the official Android SDK is released.
2025-08-23T14:41:28.5522837Z 
2025-08-23T14:41:28.5522942Z 5. Your Developer Credentials
2025-08-23T14:41:28.5523087Z 
2025-08-23T14:41:28.5524139Z 5.1 You agree that you are responsible for maintaining the confidentiality of any developer credentials that may be issued to you by Google or which you may choose yourself and that you will be solely responsible for all applications that are developed under your developer credentials.
2025-08-23T14:41:28.5524988Z 
2025-08-23T14:41:28.5525089Z 6. Privacy and Information
2025-08-23T14:41:28.5525225Z 
2025-08-23T14:41:28.5527578Z 6.1 In order to continually innovate and improve the Preview, Google may collect certain usage statistics from the software including but not limited to a unique identifier, associated IP address, version number of the software, and information on which tools and/or services in the Preview are being used and how they are being used. Before any of this information is collected, the Preview will notify you and seek your consent. If you withhold consent, the information will not be collected.
2025-08-23T14:41:28.5529069Z 
2025-08-23T14:41:28.5529777Z 6.2 The data collected is examined in the aggregate to improve the Preview and is maintained in accordance with Google's Privacy Policy located at http://www.google.com/policies/privacy/.
2025-08-23T14:41:28.5530372Z 
2025-08-23T14:41:28.5530474Z 7. Third Party Applications
2025-08-23T14:41:28.5530616Z 
2025-08-23T14:41:28.5532814Z 7.1 If you use the Preview to run applications developed by a third party or that access data, content or resources provided by a third party, you agree that Google is not responsible for those applications, data, content, or resources. You understand that all data, content or resources which you may access through such third party applications are the sole responsibility of the person from which they originated and that Google is not liable for any loss or damage that you may experience as a result of the use or access of any of those third party applications, data, content, or resources.
2025-08-23T14:41:28.5534618Z 
2025-08-23T14:41:28.5536655Z 7.2 You should be aware the data, content, and resources presented to you through such a third party application may be protected by intellectual property rights which are owned by the providers (or by other persons or companies on their behalf). You may not modify, rent, lease, loan, sell, distribute or create derivative works based on these data, content, or resources (either in whole or in part) unless you have been specifically given permission to do so by the relevant owners.
2025-08-23T14:41:28.5538089Z 
2025-08-23T14:41:28.5538714Z 7.3 You acknowledge that your use of such third party applications, data, content, or resources may be subject to separate terms between you and the relevant third party.
2025-08-23T14:41:28.5539244Z 
2025-08-23T14:41:28.5539345Z 8. Using Google APIs
2025-08-23T14:41:28.5539472Z 
2025-08-23T14:41:28.5539543Z 8.1 Google APIs
2025-08-23T14:41:28.5539655Z 
2025-08-23T14:41:28.5541474Z 8.1.1 If you use any API to retrieve data from Google, you acknowledge that the data may be protected by intellectual property rights which are owned by Google or those parties that provide the data (or by other persons or companies on their behalf). Your use of any such API may be subject to additional Terms of Service. You may not modify, rent, lease, loan, sell, distribute or create derivative works based on this data (either in whole or in part) unless allowed by the relevant Terms of Service.
2025-08-23T14:41:28.5542883Z 
2025-08-23T14:41:28.5543776Z 8.1.2 If you use any API to retrieve a user's data from Google, you acknowledge and agree that you shall retrieve data only with the user's explicit consent and only when, and for the limited purposes for which, the user has given you permission to do so.
2025-08-23T14:41:28.5544504Z 
2025-08-23T14:41:28.5544643Z 9. Terminating the License Agreement
2025-08-23T14:41:28.5544811Z 
2025-08-23T14:41:28.5545188Z 9.1 the License Agreement will continue to apply until terminated by either you or Google as set out below.
2025-08-23T14:41:28.5545552Z 
2025-08-23T14:41:28.5546020Z 9.2 If you want to terminate the License Agreement, you may do so by ceasing your use of the Preview and any relevant developer credentials.
2025-08-23T14:41:28.5546552Z 
2025-08-23T14:41:28.5546904Z 9.3 Google may at any time, terminate the License Agreement, with or without cause, upon notice to you.
2025-08-23T14:41:28.5547232Z 
2025-08-23T14:41:28.5548442Z 9.4 The License Agreement will automatically terminate without notice or other action upon the earlier of: (A) when Google ceases to provide the Preview or certain parts of the Preview to users in the country in which you are resident or from which you use the service; and (B) Google issues a final release version of the Android SDK.
2025-08-23T14:41:28.5549401Z 
2025-08-23T14:41:28.5550398Z 9.5 When the License Agreement is terminated, the license granted to you in the License Agreement will terminate, you will immediately cease all use of the Preview, and the provisions of paragraphs 10, 11, 12 and 14 shall survive indefinitely.
2025-08-23T14:41:28.5551137Z 
2025-08-23T14:41:28.5551210Z 10. DISCLAIMERS
2025-08-23T14:41:28.5551322Z 
2025-08-23T14:41:28.5551968Z 10.1 YOU EXPRESSLY UNDERSTAND AND AGREE THAT YOUR USE OF THE PREVIEW IS AT YOUR SOLE RISK AND THAT THE PREVIEW IS PROVIDED "AS IS" AND "AS AVAILABLE" WITHOUT WARRANTY OF ANY KIND FROM GOOGLE.
2025-08-23T14:41:28.5552515Z 
2025-08-23T14:41:28.5554566Z 10.2 YOUR USE OF THE PREVIEW AND ANY MATERIAL DOWNLOADED OR OTHERWISE OBTAINED THROUGH THE USE OF THE PREVIEW IS AT YOUR OWN DISCRETION AND RISK AND YOU ARE SOLELY RESPONSIBLE FOR ANY DAMAGE TO YOUR COMPUTER SYSTEM OR OTHER DEVICE OR LOSS OF DATA THAT RESULTS FROM SUCH USE. WITHOUT LIMITING THE FOREGOING, YOU UNDERSTAND THAT THE PREVIEW IS NOT A STABLE RELEASE AND MAY CONTAIN ERRORS, DEFECTS AND SECURITY VULNERABILITIES THAT CAN RESULT IN SIGNIFICANT DAMAGE, INCLUDING THE COMPLETE, IRRECOVERABLE LOSS OF USE OF YOUR COMPUTER SYSTEM OR OTHER DEVICE.
2025-08-23T14:41:28.5556426Z 
2025-08-23T14:41:28.5557709Z 10.3 GOOGLE FURTHER EXPRESSLY DISCLAIMS ALL WARRANTIES AND CONDITIONS OF ANY KIND, WHETHER EXPRESS OR IMPLIED, INCLUDING, BUT NOT LIMITED TO THE IMPLIED WARRANTIES AND CONDITIONS OF MERCHANTABILITY, FITNESS FOR A PARTICULAR PURPOSE AND NON-INFRINGEMENT.
2025-08-23T14:41:28.5558975Z 
2025-08-23T14:41:28.5559097Z 11. LIMITATION OF LIABILITY
2025-08-23T14:41:28.5559239Z 
2025-08-23T14:41:28.5560872Z 11.1 YOU EXPRESSLY UNDERSTAND AND AGREE THAT GOOGLE, ITS SUBSIDIARIES AND AFFILIATES, AND ITS LICENSORS SHALL NOT BE LIABLE TO YOU UNDER ANY THEORY OF LIABILITY FOR ANY DIRECT, INDIRECT, INCIDENTAL, SPECIAL, CONSEQUENTIAL OR EXEMPLARY DAMAGES THAT MAY BE INCURRED BY YOU, INCLUDING ANY LOSS OF DATA, WHETHER OR NOT GOOGLE OR ITS REPRESENTATIVES HAVE BEEN ADVISED OF OR SHOULD HAVE BEEN AWARE OF THE POSSIBILITY OF ANY SUCH LOSSES ARISING.
2025-08-23T14:41:28.5562160Z 
2025-08-23T14:41:28.5562245Z 12. Indemnification
2025-08-23T14:41:28.5562360Z 
2025-08-23T14:41:28.5565299Z 12.1 To the maximum extent permitted by law, you agree to defend, indemnify and hold harmless Google, its affiliates and their respective directors, officers, employees and agents from and against any and all claims, actions, suits or proceedings, as well as any and all losses, liabilities, damages, costs and expenses (including reasonable attorneys’ fees) arising out of or accruing from (a) your use of the Preview, (b) any application you develop on the Preview that infringes any Intellectual Property Rights of any person or defames any person or violates their rights of publicity or privacy, and (c) any non-compliance by you of the License Agreement.
2025-08-23T14:41:28.5567457Z 
2025-08-23T14:41:28.5567595Z 13. Changes to the License Agreement
2025-08-23T14:41:28.5567757Z 
2025-08-23T14:41:28.5568652Z 13.1 Google may make changes to the License Agreement as it distributes new versions of the Preview. When these changes are made, Google will make a new version of the License Agreement available on the website where the Preview is made available.
2025-08-23T14:41:28.5569392Z 
2025-08-23T14:41:28.5569487Z 14. General Legal Terms
2025-08-23T14:41:28.5569608Z 
2025-08-23T14:41:28.5570759Z 14.1 the License Agreement constitutes the whole legal agreement between you and Google and governs your use of the Preview (excluding any services which Google may provide to you under a separate written agreement), and completely replaces any prior agreements between you and Google in relation to the Preview.
2025-08-23T14:41:28.5572481Z 
2025-08-23T14:41:28.5573854Z 14.2 You agree that if Google does not exercise or enforce any legal right or remedy which is contained in the License Agreement (or which Google has the benefit of under any applicable law), this will not be taken to be a formal waiver of Google's rights and that those rights or remedies will still be available to Google.
2025-08-23T14:41:28.5574813Z 
2025-08-23T14:41:28.5576073Z 14.3 If any court of law, having the jurisdiction to decide on this matter, rules that any provision of the License Agreement is invalid, then that provision will be removed from the License Agreement without affecting the rest of the License Agreement. The remaining provisions of the License Agreement will continue to be valid and enforceable.
2025-08-23T14:41:28.5577252Z 
2025-08-23T14:41:28.5578881Z 14.4 You acknowledge and agree that each member of the group of companies of which Google is the parent shall be third party beneficiaries to the License Agreement and that such other companies shall be entitled to directly enforce, and rely upon, any provision of the License Agreement that confers a benefit on (or rights in favor of) them. Other than this, no other person or company shall be third party beneficiaries to the License Agreement.
2025-08-23T14:41:28.5580261Z 
2025-08-23T14:41:28.5581292Z 14.5 EXPORT RESTRICTIONS. THE PREVIEW IS SUBJECT TO UNITED STATES EXPORT LAWS AND REGULATIONS. YOU MUST COMPLY WITH ALL DOMESTIC AND INTERNATIONAL EXPORT LAWS AND REGULATIONS THAT APPLY TO THE PREVIEW. THESE LAWS INCLUDE RESTRICTIONS ON DESTINATIONS, END USERS AND END USE.
2025-08-23T14:41:28.5582247Z 
2025-08-23T14:41:28.5583446Z 14.6 The License Agreement may not be assigned or transferred by you without the prior written approval of Google, and any attempted assignment without such approval will be void. You shall not delegate your responsibilities or obligations under the License Agreement without the prior written approval of Google.
2025-08-23T14:41:28.5584774Z 
2025-08-23T14:41:28.5587469Z 14.7 The License Agreement, and your relationship with Google under the License Agreement, shall be governed by the laws of the State of California without regard to its conflict of laws provisions. You and Google agree to submit to the exclusive jurisdiction of the courts located within the county of Santa Clara, California to resolve any legal matter arising from the License Agreement. Notwithstanding this, you agree that Google shall still be allowed to apply for injunctive remedies (or an equivalent type of urgent legal relief) in any jurisdiction.
2025-08-23T14:41:28.5589130Z 
2025-08-23T14:41:28.5589215Z June 2014.
2025-08-23T14:41:28.5589435Z ---------------------------------------
2025-08-23T14:41:28.5589675Z Accept? (y/N): 
2025-08-23T14:41:28.5589912Z 5/6: License google-gdk-license:
2025-08-23T14:41:28.5590180Z ---------------------------------------
2025-08-23T14:41:28.5590563Z This is a Developer Preview of the GDK that is subject to change.
2025-08-23T14:41:28.5590802Z 
2025-08-23T14:41:28.5590896Z Terms and Conditions
2025-08-23T14:41:28.5591016Z 
2025-08-23T14:41:28.5591188Z This is the Glass Development Kit License Agreement.
2025-08-23T14:41:28.5591394Z 
2025-08-23T14:41:28.5591467Z 1. Introduction
2025-08-23T14:41:28.5591571Z 
2025-08-23T14:41:28.5593005Z 1.1 The Glass Development Kit (referred to in this License Agreement as the "GDK" and specifically including the Android system files, packaged APIs, and GDK library files, if and when they are made available) is licensed to you subject to the terms of this License Agreement. This License Agreement forms a legally binding contract between you and Google in relation to your use of the GDK.
2025-08-23T14:41:28.5594139Z 
2025-08-23T14:41:28.5594423Z 1.2 "Glass" means Glass devices and the Glass software stack for use on Glass devices.
2025-08-23T14:41:28.5594719Z 
2025-08-23T14:41:28.5594725Z 
2025-08-23T14:41:28.5595503Z 1.3 "Android" means the Android software stack for devices, as made available under the Android Open Source Project, which is located at the following URL: http://source.android.com/, as updated from time to time.
2025-08-23T14:41:28.5596149Z 
2025-08-23T14:41:28.5596833Z 1.4 "Google" means Google Inc., a Delaware corporation with principal place of business at 1600 Amphitheatre Parkway, Mountain View, CA 94043, United States.
2025-08-23T14:41:28.5597334Z 
2025-08-23T14:41:28.5597628Z 2. Accepting this License Agreement
2025-08-23T14:41:28.5597799Z 
2025-08-23T14:41:28.5598309Z 2.1 In order to use the GDK, you must first agree to this License Agreement. You may not use the GDK if you do not accept this License Agreement.
2025-08-23T14:41:28.5619815Z 
2025-08-23T14:41:28.5620268Z 2.2 By clicking to accept, you hereby agree to the terms of this License Agreement.
2025-08-23T14:41:28.5620583Z 
2025-08-23T14:41:28.5621477Z 2.3 You may not use the GDK and may not accept the License Agreement if you are a person barred from receiving the GDK under the laws of the United States or other countries including the country in which you are resident or from which you use the GDK.
2025-08-23T14:41:28.5622229Z 
2025-08-23T14:41:28.5623585Z 2.4 If you are agreeing to be bound by this License Agreement on behalf of your employer or other entity, you represent and warrant that you have full legal authority to bind your employer or such entity to this License Agreement. If you do not have the requisite authority, you may not accept the License Agreement or use the GDK on behalf of your employer or other entity.
2025-08-23T14:41:28.5624823Z 
2025-08-23T14:41:28.5624940Z 3. GDK License from Google
2025-08-23T14:41:28.5625084Z 
2025-08-23T14:41:28.5625988Z 3.1 Subject to the terms of this License Agreement, Google grants you a limited, worldwide, royalty-free, non-assignable and non-exclusive license to use the GDK solely to develop applications to run on the Glass platform for Glass devices.
2025-08-23T14:41:28.5626964Z 
2025-08-23T14:41:28.5628416Z 3.2 You agree that Google or third parties own all legal right, title and interest in and to the GDK, including any Intellectual Property Rights that subsist in the GDK. "Intellectual Property Rights" means any and all rights under patent law, copyright law, trade secret law, trademark law, and any and all other proprietary rights. Google reserves all rights not expressly granted to you.
2025-08-23T14:41:28.5629570Z 
2025-08-23T14:41:28.5631833Z 3.3 You may not use the GDK for any purpose not expressly permitted by this License Agreement. Except to the extent required by applicable third party licenses, you may not: (a) copy (except for backup purposes), modify, adapt, redistribute, decompile, reverse engineer, disassemble, or create derivative works of the GDK or any part of the GDK; or (b) load any part of the GDK onto a mobile handset or wearable computing device or any other hardware device except a Glass device personal computer, combine any part of the GDK with other software, or distribute any software or device incorporating a part of the GDK.
2025-08-23T14:41:28.5633585Z 
2025-08-23T14:41:28.5634481Z 3.4 You agree that you will not take any actions that may cause or result in the fragmentation of Glass, including but not limited to distributing, participating in the creation of, or promoting in any way a software development kit derived from the GDK.
2025-08-23T14:41:28.5635224Z 
2025-08-23T14:41:28.5636001Z 3.5 Use, reproduction and distribution of components of the GDK licensed under an open source software license are governed solely by the terms of that open source software license and not this License Agreement.
2025-08-23T14:41:28.5636817Z 
2025-08-23T14:41:28.5638371Z 3.6 You agree that the form and nature of the GDK that Google provides may change without prior notice to you and that future versions of the GDK may be incompatible with applications developed on previous versions of the GDK. You agree that Google may stop (permanently or temporarily) providing the GDK (or any features within the GDK) to you or to users generally at Google's sole discretion, without prior notice to you.
2025-08-23T14:41:28.5639568Z 
2025-08-23T14:41:28.5640191Z 3.7 Nothing in this License Agreement gives you a right to use any of Google's trade names, trademarks, service marks, logos, domain names, or other distinctive brand features.
2025-08-23T14:41:28.5640713Z 
2025-08-23T14:41:28.5641505Z 3.8 You agree that you will not remove, obscure, or alter any proprietary rights notices (including copyright and trademark notices) that may be affixed to or contained within the GDK.
2025-08-23T14:41:28.5642082Z 
2025-08-23T14:41:28.5642088Z 
2025-08-23T14:41:28.5643453Z 3.9 Your use of any Android system files, packaged APIs, or other components of the GDK which are part of the Android Software Development Kit is subject to the terms of the Android Software Development Kit License Agreement located at http://developer.android.com/sdk/terms.html. These terms are hereby incorporated by reference into this License Agreement.
2025-08-23T14:41:28.5644532Z 
2025-08-23T14:41:28.5644631Z 4. Use of the GDK by You
2025-08-23T14:41:28.5644769Z 
2025-08-23T14:41:28.5645737Z 4.1 Google agrees that it obtains no right, title or interest from you (or your licensors) under this License Agreement in or to any software applications that you develop using the GDK, including any intellectual property rights that subsist in those applications.
2025-08-23T14:41:28.5646841Z 
2025-08-23T14:41:28.5648847Z 4.2 You agree to use the GDK and write applications only for purposes that are permitted by (a) this License Agreement, (b) the Glass Platform Developer Policies (located at https://developers.google.com/glass/policies, and hereby incorporated into this License Agreement by reference), and (c) any applicable law, regulation or generally accepted practices or guidelines in the relevant jurisdictions (including any laws regarding the export of data or software to and from the United States or other relevant countries).
2025-08-23T14:41:28.5650595Z 
2025-08-23T14:41:28.5653542Z 4.3 You agree that if you use the GDK to develop applications for general public users, you will protect the privacy and legal rights of those users. If the users provide you with user names, passwords, or other login information or personal information, you must make the users aware that the information will be available to your application, and you must provide legally adequate privacy notice and protection for those users. If your application stores personal or sensitive information provided by users, it must do so securely. If the user provides your application with Google Account information, your application may only use that information to access the user's Google Account when, and for the limited purposes for which, the user has given you permission to do so.
2025-08-23T14:41:28.5655820Z 
2025-08-23T14:41:28.5657221Z 4.4 You agree that you will not engage in any activity with the GDK, including the development or distribution of an application, that interferes with, disrupts, damages, or accesses in an unauthorized manner the servers, networks, or other properties or services of any third party including, but not limited to, Google.
2025-08-23T14:41:28.5658183Z 
2025-08-23T14:41:28.5659437Z 4.5 You agree that you are solely responsible for (and that Google has no responsibility to you or to any third party for) any data, content, or resources that you create, transmit or display through Glass and/or applications for Glass, and for the consequences of your actions (including any loss or damage which Google may suffer) by doing so.
2025-08-23T14:41:28.5660441Z 
2025-08-23T14:41:28.5661872Z 4.6 You agree that you are solely responsible for (and that Google has no responsibility to you or to any third party for) any breach of your obligations under this License Agreement, any applicable third party contract or Terms of Service, or any applicable law or regulation, and for the consequences (including any loss or damage which Google or any third party may suffer) of any such breach.
2025-08-23T14:41:28.5663022Z 
2025-08-23T14:41:28.5663035Z 
2025-08-23T14:41:28.5664528Z 4.7 The GDK is in development, and your testing and feedback are an important part of the development process. By using the GDK, you acknowledge that implementation of some features are still under development and that you should not rely on the GDK, Glass devices, Glass system software, Google Mirror API, or Glass services having the full functionality of a stable release.
2025-08-23T14:41:28.5665630Z 
2025-08-23T14:41:28.5665745Z 5. Your Developer Credentials
2025-08-23T14:41:28.5665895Z 
2025-08-23T14:41:28.5667759Z 5.1 You agree that you are responsible for maintaining the confidentiality of any developer credentials that may be issued to you by Google or which you may choose yourself and that you will be solely responsible for all applications that are developed under your developer credentials.
2025-08-23T14:41:28.5669246Z 
2025-08-23T14:41:28.5669421Z 6. Privacy and Information
2025-08-23T14:41:28.5669644Z 
2025-08-23T14:41:28.5669652Z 
2025-08-23T14:41:28.5673189Z 6.1 In order to continually innovate and improve the GDK, Google may collect certain usage statistics from the software including but not limited to a unique identifier, associated IP address, version number of the software, and information on which tools and/or services in the GDK are being used and how they are being used. Before any of this information is collected, the GDK will notify you and seek your consent. If you withhold consent, the information will not be collected.
2025-08-23T14:41:28.5676150Z 
2025-08-23T14:41:28.5677230Z 6.2 The data collected is examined in the aggregate to improve the GDK and is maintained in accordance with Google's Privacy Policy.
2025-08-23T14:41:28.5677999Z 
2025-08-23T14:41:28.5678201Z 7. Third Party Applications
2025-08-23T14:41:28.5678470Z 
2025-08-23T14:41:28.5682680Z 7.1 If you use the GDK to run applications developed by a third party or that access data, content or resources provided by a third party, you agree that Google is not responsible for those applications, data, content, or resources. You understand that all data, content or resources which you may access through such third party applications are the sole responsibility of the person from which they originated and that Google is not liable for any loss or damage that you may experience as a result of the use or access of any of those third party applications, data, content, or resources.
2025-08-23T14:41:28.5684758Z 
2025-08-23T14:41:28.5687027Z 7.2 You should be aware the data, content, and resources presented to you through such a third party application may be protected by intellectual property rights which are owned by the providers (or by other persons or companies on their behalf). You may not modify, rent, lease, loan, sell, distribute or create derivative works based on these data, content, or resources (either in whole or in part) unless you have been specifically given permission to do so by the relevant owners.
2025-08-23T14:41:28.5688458Z 
2025-08-23T14:41:28.5689472Z 7.3 You acknowledge that your use of such third party applications, data, content, or resources may be subject to separate terms between you and the relevant third party. In that case, this License Agreement does not affect your legal relationship with these third parties.
2025-08-23T14:41:28.5690291Z 
2025-08-23T14:41:28.5690387Z 8. Using Google APIs
2025-08-23T14:41:28.5690521Z 
2025-08-23T14:41:28.5690598Z 8.1 Google APIs
2025-08-23T14:41:28.5690716Z 
2025-08-23T14:41:28.5692535Z 8.1.1 If you use any API to retrieve data from Google, you acknowledge that the data may be protected by intellectual property rights which are owned by Google or those parties that provide the data (or by other persons or companies on their behalf). Your use of any such API may be subject to additional Terms of Service. You may not modify, rent, lease, loan, sell, distribute or create derivative works based on this data (either in whole or in part) unless allowed by the relevant Terms of Service.
2025-08-23T14:41:28.5693932Z 
2025-08-23T14:41:28.5694828Z 8.1.2 If you use any API to retrieve a user's data from Google, you acknowledge and agree that you shall retrieve data only with the user's explicit consent and only when, and for the limited purposes for which, the user has given you permission to do so.
2025-08-23T14:41:28.5695555Z 
2025-08-23T14:41:28.5695700Z 9. Terminating this License Agreement
2025-08-23T14:41:28.5695869Z 
2025-08-23T14:41:28.5696621Z 9.1 This License Agreement will continue to apply until terminated by either you or Google as set out below.
2025-08-23T14:41:28.5697030Z 
2025-08-23T14:41:28.5697504Z 9.2 If you want to terminate this License Agreement, you may do so by ceasing your use of the GDK and any relevant developer credentials.
2025-08-23T14:41:28.5697918Z 
2025-08-23T14:41:28.5700238Z 9.3 Google may at any time, terminate this License Agreement with you if: (A) you have breached any provision of this License Agreement; or (B) Google is required to do so by law; or (C) the partner with whom Google offered certain parts of GDK (such as APIs) to you has terminated its relationship with Google or ceased to offer certain parts of the GDK to you; or (D) Google decides to no longer provide the GDK or certain parts of the GDK to users in the country in which you are resident or from which you use the service, or the provision of the GDK or certain GDK services to you by Google is, in Google's sole discretion, no longer commercially viable.
2025-08-23T14:41:28.5702112Z 
2025-08-23T14:41:28.5703764Z 9.4 When this License Agreement comes to an end, all of the legal rights, obligations and liabilities that you and Google have benefited from, been subject to (or which have accrued over time whilst this License Agreement has been in force) or which are expressed to continue indefinitely, shall be unaffected by this cessation, and the provisions of paragraph 14.7 shall continue to apply to such rights, obligations and liabilities indefinitely.
2025-08-23T14:41:28.5705084Z 
2025-08-23T14:41:28.5705190Z 10. DISCLAIMER OF WARRANTIES
2025-08-23T14:41:28.5705336Z 
2025-08-23T14:41:28.5705958Z 10.1 YOU EXPRESSLY UNDERSTAND AND AGREE THAT YOUR USE OF THE GDK IS AT YOUR SOLE RISK AND THAT THE GDK IS PROVIDED "AS IS" AND "AS AVAILABLE" WITHOUT WARRANTY OF ANY KIND FROM GOOGLE.
2025-08-23T14:41:28.5706685Z 
2025-08-23T14:41:28.5707629Z 10.2 YOUR USE OF THE GDK AND ANY MATERIAL DOWNLOADED OR OTHERWISE OBTAINED THROUGH THE USE OF THE GDK IS AT YOUR OWN DISCRETION AND RISK AND YOU ARE SOLELY RESPONSIBLE FOR ANY DAMAGE TO YOUR COMPUTER SYSTEM OR OTHER DEVICE OR LOSS OF DATA THAT RESULTS FROM SUCH USE.
2025-08-23T14:41:28.5708412Z 
2025-08-23T14:41:28.5709366Z 10.3 GOOGLE FURTHER EXPRESSLY DISCLAIMS ALL WARRANTIES AND CONDITIONS OF ANY KIND, WHETHER EXPRESS OR IMPLIED, INCLUDING, BUT NOT LIMITED TO THE IMPLIED WARRANTIES AND CONDITIONS OF MERCHANTABILITY, FITNESS FOR A PARTICULAR PURPOSE AND NON-INFRINGEMENT.
2025-08-23T14:41:28.5710155Z 
2025-08-23T14:41:28.5710256Z 11. LIMITATION OF LIABILITY
2025-08-23T14:41:28.5710395Z 
2025-08-23T14:41:28.5712012Z 11.1 YOU EXPRESSLY UNDERSTAND AND AGREE THAT GOOGLE, ITS SUBSIDIARIES AND AFFILIATES, AND ITS LICENSORS SHALL NOT BE LIABLE TO YOU UNDER ANY THEORY OF LIABILITY FOR ANY DIRECT, INDIRECT, INCIDENTAL, SPECIAL, CONSEQUENTIAL OR EXEMPLARY DAMAGES THAT MAY BE INCURRED BY YOU, INCLUDING ANY LOSS OF DATA, WHETHER OR NOT GOOGLE OR ITS REPRESENTATIVES HAVE BEEN ADVISED OF OR SHOULD HAVE BEEN AWARE OF THE POSSIBILITY OF ANY SUCH LOSSES ARISING.
2025-08-23T14:41:28.5713277Z 
2025-08-23T14:41:28.5713375Z 12. Indemnification
2025-08-23T14:41:28.5713487Z 
2025-08-23T14:41:28.5716143Z 12.1 To the maximum extent permitted by law, you agree to defend, indemnify and hold harmless Google, its affiliates and their respective directors, officers, employees and agents from and against any and all claims, actions, suits or proceedings, as well as any and all losses, liabilities, damages, costs and expenses (including reasonable attorneys fees) arising out of or accruing from (a) your use of the GDK, (b) any application you develop on the GDK that infringes any copyright, trademark, trade secret, trade dress, patent or other intellectual property right of any person or defames any person or violates their rights of publicity or privacy, and (c) any non-compliance by you with this License Agreement.
2025-08-23T14:41:28.5718435Z 
2025-08-23T14:41:28.5718578Z 13. Changes to the License Agreement
2025-08-23T14:41:28.5718747Z 
2025-08-23T14:41:28.5719742Z 13.1 Google may make changes to the License Agreement as it distributes new versions of the GDK. When these changes are made, Google will make a new version of the License Agreement available on the website where the GDK is made available.
2025-08-23T14:41:28.5720465Z 
2025-08-23T14:41:28.5720561Z 14. General Legal Terms
2025-08-23T14:41:28.5720689Z 
2025-08-23T14:41:28.5721826Z 14.1 This License Agreement constitutes the whole legal agreement between you and Google and governs your use of the GDK (excluding any services which Google may provide to you under a separate written agreement), and completely replaces any prior agreements between you and Google in relation to the GDK.
2025-08-23T14:41:28.5722750Z 
2025-08-23T14:41:28.5723909Z 14.2 You agree that if Google does not exercise or enforce any legal right or remedy which is contained in this License Agreement (or which Google has the benefit of under any applicable law), this will not be taken to be a formal waiver of Google's rights and that those rights or remedies will still be available to Google.
2025-08-23T14:41:28.5724985Z 
2025-08-23T14:41:28.5726467Z 14.3 If any court of law, having the jurisdiction to decide on this matter, rules that any provision of this License Agreement is invalid, then that provision will be removed from this License Agreement without affecting the rest of this License Agreement. The remaining provisions of this License Agreement will continue to be valid and enforceable.
2025-08-23T14:41:28.5727518Z 
2025-08-23T14:41:28.5729161Z 14.4 You acknowledge and agree that each member of the group of companies of which Google is the parent shall be third party beneficiaries to this License Agreement and that such other companies shall be entitled to directly enforce, and rely upon, any provision of this License Agreement that confers a benefit on (or rights in favor of) them. Other than this, no other person or company shall be third party beneficiaries to this License Agreement.
2025-08-23T14:41:28.5730452Z 
2025-08-23T14:41:28.5731429Z 14.5 EXPORT RESTRICTIONS. THE GDK IS SUBJECT TO UNITED STATES EXPORT LAWS AND REGULATIONS. YOU MUST COMPLY WITH ALL DOMESTIC AND INTERNATIONAL EXPORT LAWS AND REGULATIONS THAT APPLY TO THE GDK. THESE LAWS INCLUDE RESTRICTIONS ON DESTINATIONS, END USERS AND END USE.
2025-08-23T14:41:28.5732241Z 
2025-08-23T14:41:28.5733514Z 14.6 The rights granted in this License Agreement may not be assigned or transferred by either you or Google without the prior written approval of the other party. Neither you nor Google shall be permitted to delegate their responsibilities or obligations under this License Agreement without the prior written approval of the other party.
2025-08-23T14:41:28.5734542Z 
2025-08-23T14:41:28.5736916Z 14.7 This License Agreement, and your relationship with Google under this License Agreement, shall be governed by the laws of the State of California without regard to its conflict of laws provisions. You and Google agree to submit to the exclusive jurisdiction of the courts located within the county of Santa Clara, California to resolve any legal matter arising from this License Agreement. Notwithstanding this, you agree that Google shall still be allowed to apply for injunctive remedies (or an equivalent type of urgent legal relief) in any jurisdiction.
2025-08-23T14:41:28.5738574Z 
2025-08-23T14:41:28.5738671Z November 19, 2013
2025-08-23T14:41:28.5738922Z ---------------------------------------
2025-08-23T14:41:28.5739160Z Accept? (y/N): 
2025-08-23T14:41:28.5739435Z 6/6: License mips-android-sysimage-license:
2025-08-23T14:41:28.5739747Z ---------------------------------------
2025-08-23T14:41:28.5742357Z MIPS Technologies, Inc. (“MIPS”) Internal Evaluation License Agreement for MIPS Android™ System Images for Android Software Development Kit (SDK): This Internal Evaluation License Agreement (this "Agreement") is entered into by and between MIPS and you (as an individual developer or a legal entity -- identified below as “Recipient”). MIPS shall make the Evaluation Software available to Recipient as described in accordance with the terms and conditions set forth below.
2025-08-23T14:41:28.5743805Z 
2025-08-23T14:41:28.5746005Z By clicking on the “Accept” button, downloading, installing, or otherwise using the Evaluation Materials (defined below), you agree to be bound by the terms of this Agreement effective as of the date you click “Accept” (the “Effective Date”), and if doing so on behalf of an entity, you represent that you are authorized to bind the entity to the terms and conditions of this Agreement. If you do not agree to be bound by the terms and conditions of this Agreement, do not download, install, or use the Evaluation Materials.
2025-08-23T14:41:28.5747693Z 
2025-08-23T14:41:28.5747922Z 1. DEFINITIONS. These terms shall have the following meanings:
2025-08-23T14:41:28.5748167Z 
2025-08-23T14:41:28.5748840Z 1.1 “MIPS” shall mean MIPS Technologies, Inc., a Delaware corporation having a principal place of business at: 955 East Arques Ave., Sunnyvale, CA 94085
2025-08-23T14:41:28.5749332Z 
2025-08-23T14:41:28.5750158Z 1.2 “Evaluation Software” shall mean MIPS Android™ emulator system images for Android Software Development Kit (SDK), as made available to Recipient.
2025-08-23T14:41:28.5750658Z 
2025-08-23T14:41:28.5752033Z 1.3 “Evaluation Materials" means, collectively, the Evaluation Software (in source and/or object code form) and documentation (including, without limitation, any design documents, specifications, reference manuals, and other related materials) related to the Evaluation Software as made available to Recipient.
2025-08-23T14:41:28.5753010Z 
2025-08-23T14:41:28.5757467Z 1.4 “Open Source Software” means any software that requires (as a condition of use, modification and/or distribution of such software) that such software or other software incorporated into, derived from or distributed with such software (a) be disclosed or distributed in source code form; or (b) be licensed by the user to third parties for the purpose of making and/or distributing derivative works; or (c) be redistributable at no charge. Open Source Software includes, without limitation, software licensed or distributed under any of the following licenses or distribution models, or licenses or distribution models substantially similar to any of the following: (a) GNU’s General Public License (GPL) or Lesser/Library GPL (LGPL), (b) the Artistic License (e.g., PERL), (c) the Mozilla Public License, (d) the Netscape Public License, (e) the Sun Community Source License (SCSL), (f) the Sun Industry Source License (SISL), (g) the Apache Software license and (h) the Common Public License (CPL).
2025-08-23T14:41:28.5760327Z 
2025-08-23T14:41:28.5761626Z 1.5 “Pre-Release Materials” means “alpha” or “beta” designated pre-release features, which may not be fully functional, which MIPS may substantially modify in producing any production version of the Evaluation Materials, and/or which is still under development by MIPS and/or MIPS’ suppliers.
2025-08-23T14:41:28.5762535Z 
2025-08-23T14:41:28.5764732Z 2. PURPOSE. MIPS desires to make the Evaluation Materials available to Recipient solely for Recipient's internal evaluation of the Evaluation Software to evaluate the desirability of cooperating with MIPS in developing products that are compatible with the Evaluation Software and/or to advise MIPS as to possible modifications to the Evaluation Software. Recipient may not disclose, distribute, modify (except to facilitate the above-mentioned internal evaluation), or make commercial use of the Evaluation Materials or any modifications of the Evaluation Materials.
2025-08-23T14:41:28.5766785Z 
2025-08-23T14:41:28.5768389Z THE EVALUATION MATERIALS ARE PROVIDED FOR EVALUATION PURPOSES ONLY AND MAY NOT BE MODIFIED (EXCEPT TO FACILITATE THE INTERNAL EVALUATION) OR DISTRIBUTED BY RECIPIENT OR INCORPORATED INTO RECIPIENT’S PRODUCTS OR SOFTWARE. PLEASE CONTACT A MIPS SALES REPRESENTATIVE TO LEARN ABOUT THE AVAILABILITY AND COST OF A COMMERCIAL VERSION OF THE EVALUATION SOFTWARE.
2025-08-23T14:41:28.5769511Z 
2025-08-23T14:41:28.5770744Z 3. TITLE. Title to the Evaluation Materials remains with MIPS or its suppliers. Recipient shall not mortgage, pledge or encumber the Evaluation Materials in any way. Recipient shall return all Evaluation Materials, keeping no copies, upon termination or expiration of this Agreement.
2025-08-23T14:41:28.5771637Z 
2025-08-23T14:41:28.5775822Z 4. LICENSE. MIPS grants Recipient a royalty-free, personal, nontransferable, nonexclusive license under its copyrights to use the Evaluation Software only for the purposes described in paragraph 2 above and only for a period beginning on the Effective Date and extending to the first anniversary of the Effective Date (the “Evaluation Period”). Unless otherwise communicated in writing by MIPS to Recipient, to the extent the Evaluation Software is provided in more than one delivery or release (each, a “Release”) the license grant in this Section 4 and the Evaluation Period shall apply to each Release, in which case the Evaluation Period shall begin on the date that the Release is made generally available and continue to the first anniversary of such date. Recipient may not make modifications to the Evaluation Software. Recipient shall not disassemble, reverse-engineer, or decompile any software that is not provided to Recipient in source code form.
2025-08-23T14:41:28.5778986Z 
2025-08-23T14:41:28.5778994Z 
2025-08-23T14:41:28.5780258Z EXCEPT AS PROVIDED HEREIN, NO OTHER LICENSE, EXPRESS OR IMPLIED, BY ESTOPPEL OR OTHERWISE, TO ANY OTHER MIPS INTELLECTUAL PROPERTY RIGHTS IS GRANTED TO THE RECIPIENT. OTHER THAN AS EXPLICITLY SET FORTH IN PARAGRAPH 2 ABOVE, NO RIGHT TO COPY, TO REPRODUCE, TO MODIFY, OR TO CREATE DERIVATIVE WORKS OF, THE EVALUATION MATERIALS IS GRANTED HEREIN.
2025-08-23T14:41:28.5781272Z 
2025-08-23T14:41:28.5782230Z 5. NO OBLIGATION. Recipient shall have no duty to purchase or license any product from MIPS. MIPS and its suppliers shall have no obligation to provide support for, or develop a non-evaluation version of, the Evaluation Software or to license any version of it.
2025-08-23T14:41:28.5783056Z 
2025-08-23T14:41:28.5787378Z 6. MODIFICATIONS. This Agreement does not obligate Recipient to provide MIPS with comments or suggestions regarding Evaluation Materials. However, should Recipient provide MIPS with comments or suggestions for the modification, correction, improvement or enhancement of (a) the Evaluation Materials or (b) MIPS products or processes which may embody the Evaluation Materials, then Recipient agrees to grant and hereby grants to MIPS a non-exclusive, irrevocable, worldwide, fully paid-up, royalty-free license, with the right to sublicense MIPS’ licensees and customers, under Recipient’s Intellectual property rights, to use and disclose such comments and suggestions in any manner MIPS chooses and to display, perform, copy, make, have made, use, sell, offer to sell, import, and otherwise dispose of MIPS’ and its sublicensee’s products embodying such comments and suggestions in any manner and via any media MIPS chooses, without reference to the source.
2025-08-23T14:41:28.5790243Z 
2025-08-23T14:41:28.5792174Z 7. WARRANTY DISCLAIMER. MIPS AND ITS SUPPLIERS MAKE NO WARRANTIES WITH RESPECT TO EVALUATION MATERIALS, EITHER EXPRESS OR IMPLIED, INCLUDING ANY IMPLIED WARRANTIES OF MERCHANTABILITY OR FITNESS FOR A PARTICULAR PURPOSE, OR ANY IMPLIED WARRANTY OF NONINFRINGEMENT WITH RESPECT TO THIRD PARTY INTELLECTUAL PROPERTY. RECIPIENT ACKNOWLEDGES AND AGREES THAT THE EVALUATION MATERIALS ARE PROVIDED “AS IS,” WITHOUT WARRANTY OF ANY KIND.
2025-08-23T14:41:28.5793534Z 
2025-08-23T14:41:28.5795845Z 8. LIMITATION OF LIABILITY. MIPS AND ITS SUPPLIERS SHALL NOT BE LIABLE FOR ANY PROPERTY DAMAGE, PERSONAL INJURY, LOSS OF PROFITS, INTERRUPTION OF BUSINESS OR FOR ANY DIRECT, INDIRECT, SPECIAL, CONSEQUENTIAL OR INCIDENTAL DAMAGES, HOWEVER CAUSED OR ALLEGED, WHETHER FOR BREACH OF WARRANTY, CONTRACT, STRICT LIABILITY OR OTHERWISE, INCLUDING WITHOUT LIMITATION, UNDER TORT OR OTHER LEGAL THEORY. MIPS AND ITS SUPPLIERS DISCLAIM ANY AND ALL LIABILITY, INCLUDING LIABILITY FOR INFRINGEMENT OF ANY INTELLECTUAL PROPERTY RIGHTS OF ANY KIND RELATING TO THE EVALUATION MATERIALS.
2025-08-23T14:41:28.5797676Z 
2025-08-23T14:41:28.5798677Z 9. EXPIRATION. MIPS may terminate this Agreement immediately after a breach by Recipient or otherwise at MIPS’ reasonable discretion and upon five (5) business days’ notice to Recipient.
2025-08-23T14:41:28.5799287Z 
2025-08-23T14:41:28.5799368Z 10. GENERAL.
2025-08-23T14:41:28.5799479Z 
2025-08-23T14:41:28.5803168Z 10.1 Controlling Law. This Agreement shall be governed by California law excluding its choice of law rules. With the exception of MIPS’ rights to enforce its intellectual property rights and any confidentiality obligations under this Agreement or any licenses distributed with the Evaluation Materials, all disputes and any claims arising under or relating to this Agreement shall be subject to the exclusive jurisdiction and venue of the state and federal courts located in Santa Clara County, California. Each party hereby agrees to jurisdiction and venue in the courts set forth in the preceding sentence. The parties agree that the United Nations Convention on Contracts for the International Sale of Goods is specifically excluded from application to this Agreement. The parties consent to the personal jurisdiction of the above courts.
2025-08-23T14:41:28.5807491Z 
2025-08-23T14:41:28.5810150Z 10.2 Remedies. Recipient acknowledges and agrees that any breach of confidentiality obligations under this Agreement or any licenses distributed with the Evaluation Materials, as well as any disclosure, commercialization, or public use of the Evaluation Materials, would cause irreparable injury to MIPS, and therefore Recipient agrees to consent to, and hereby consents to, the grant of an injunction by any court of competent jurisdiction in the event of an actual or threatened breach.
2025-08-23T14:41:28.5812131Z 
2025-08-23T14:41:28.5816060Z 10.3 Assignment. Recipient may not delegate, assign or transfer this Agreement, the license granted or any of Recipient’s rights, obligations, or duties hereunder, expressly, by implication, by operation of law, by way of merger (regardless of whether Recipient is the surviving entity) or acquisition, or otherwise and any attempt to do so, without MIPS’ express prior written consent, shall be ineffective, null and void. MIPS may freely assign this Agreement, and its rights and obligations hereunder, in its sole discretion.
2025-08-23T14:41:28.5817878Z 
2025-08-23T14:41:28.5819651Z 10.4 Entire Agreement. This Agreement constitutes the entire agreement between Recipient and MIPS and supersedes in their entirety any and all oral or written agreements previously existing between Recipient and MIPS with respect to the subject matter hereof. This Agreement may only be amended or supplemented by a writing that refers explicitly to this Agreement and that is signed or otherwise accepted by duly authorized representatives of Recipient and MIPS.
2025-08-23T14:41:28.5821061Z 
2025-08-23T14:41:28.5822803Z 10.5 Severability. In the event that any provision of this Agreement is finally adjudicated to be unenforceable or invalid under any applicable law, such unenforceability or invalidity shall not render this Agreement unenforceable or invalid as a whole, and, in such event, such unenforceable or invalid provision shall be interpreted so as to best accomplish the objectives of such provision within the limits of applicable law or applicable court decisions.
2025-08-23T14:41:28.5824173Z 
2025-08-23T14:41:28.5829954Z 10.6 Export Regulations / Export Control. Recipient shall not export, either directly or indirectly, any product, service or technical data or system incorporating the Evaluation Materials without first obtaining any required license or other necessary approval from the U.S. Department of Commerce or any other governing agency or department of the United States Government. In the event any product is exported from the United States or re-exported from a foreign destination by Recipient, Recipient shall ensure that the distribution and export/re-export or import of the product is in compliance with all applicable laws, regulations, orders, or other restrictions of the U.S. Export Administration Regulations and the appropriate foreign government. Recipient agrees that neither it nor any of its subsidiaries will export/re-export any technical data, process, product, or service, directly or indirectly, to any country for which the United States government or any agency thereof or the foreign government from where it is shipping requires an export license, or other governmental approval, without first obtaining such license or approval. Recipient also agrees to implement measures to ensure that foreign national employees are authorized to receive any information controlled by U.S. export control laws. An export is "deemed" to take place when information is released to a foreign national wherever located.
2025-08-23T14:41:28.5835799Z 
2025-08-23T14:41:28.5842021Z 10.7 Special Terms for Pre-Release Materials. If so indicated in the description of the Evaluation Software, the Evaluation Software may contain Pre-Release Materials. Recipient hereby understands, acknowledges and agrees that: (i) Pre-Release Materials may not be fully tested and may contain bugs or errors; (ii) Pre-Release materials are not suitable for commercial release in their current state; (iii) regulatory approvals for Pre-Release Materials (such as UL or FCC) have not been obtained, and Pre-Release Materials may therefore not be certified for use in certain countries or environments or may not be suitable for certain applications and (iv) MIPS can provide no assurance that it will ever produce or make generally available a production version of the Pre-Release Materials . MIPS is not under any obligation to develop and/or release or offer for sale or license a final product based upon the Pre-Release Materials and may unilaterally elect to abandon the Pre-Release Materials or any such development platform at any time and without any obligation or liability whatsoever to Recipient or any other person.
2025-08-23T14:41:28.5846624Z 
2025-08-23T14:41:28.5847495Z ANY PRE-RELEASE MATERIALS ARE NON-QUALIFIED AND, AS SUCH, ARE PROVIDED “AS IS” AND “AS AVAILABLE”, POSSIBLY WITH FAULTS, AND WITHOUT REPRESENTATION OR WARRANTY OF ANY KIND.
2025-08-23T14:41:28.5848043Z 
2025-08-23T14:41:28.5850481Z 10.8 Open Source Software. In the event Open Source software is included with Evaluation Software, such Open Source software is licensed pursuant to the applicable Open Source software license agreement identified in the Open Source software comments in the applicable source code file(s) and/or file header as indicated in the Evaluation Software. Additional detail may be available (where applicable) in the accompanying on-line documentation. With respect to the Open Source software, nothing in this Agreement limits any rights under, or grants rights that supersede, the terms of any applicable Open Source software license agreement.
2025-08-23T14:41:28.5852502Z ---------------------------------------
2025-08-23T14:41:28.5852858Z Accept? (y/N): All SDK package licenses accepted
2025-08-23T14:41:28.5853061Z 
2025-08-23T14:41:28.5853266Z yes: standard output: Broken pipe
2025-08-23T14:41:29.2549267Z Loading package information...                                                  
2025-08-23T14:41:29.3513986Z Loading local repository...                                                     
2025-08-23T14:41:29.3518521Z [                                       ] 3% Loading local repository...        
2025-08-23T14:41:29.3618813Z [                                       ] 3% Fetch remote repository...         
2025-08-23T14:41:29.7078234Z [=                                      ] 3% Fetch remote repository...         
2025-08-23T14:41:29.7714846Z [=                                      ] 4% Fetch remote repository...         
2025-08-23T14:41:29.8022997Z [=                                      ] 5% Fetch remote repository...         
2025-08-23T14:41:29.8474868Z [==                                     ] 5% Fetch remote repository...         
2025-08-23T14:41:29.9248259Z [==                                     ] 6% Fetch remote repository...         
2025-08-23T14:41:30.0044006Z [==                                     ] 7% Fetch remote repository...         
2025-08-23T14:41:30.0057049Z [==                                     ] 7% Computing updates...               
2025-08-23T14:41:30.0175569Z [===                                    ] 8% Computing updates...               
2025-08-23T14:41:30.0305789Z [===                                    ] 10% Computing updates...              
2025-08-23T14:41:30.0310354Z [=======================================] 100% Computing updates...             
2025-08-23T14:41:30.0314613Z 
2025-08-23T14:41:30.0548863Z ##[group]Run npm install
2025-08-23T14:41:30.0549156Z [36;1mnpm install[0m
2025-08-23T14:41:30.0588707Z shell: /usr/bin/bash -e {0}
2025-08-23T14:41:30.0588951Z env:
2025-08-23T14:41:30.0589253Z   JAVA_HOME: /opt/hostedtoolcache/Java_Temurin-Hotspot_jdk/17.0.16-8/x64
2025-08-23T14:41:30.0589924Z   JAVA_HOME_17_X64: /opt/hostedtoolcache/Java_Temurin-Hotspot_jdk/17.0.16-8/x64
2025-08-23T14:41:30.0590284Z ##[endgroup]
2025-08-23T14:41:39.4101697Z 
2025-08-23T14:41:39.4102611Z added 485 packages, and audited 486 packages in 9s
2025-08-23T14:41:39.4103063Z 
2025-08-23T14:41:39.4103332Z 58 packages are looking for funding
2025-08-23T14:41:39.4103805Z   run `npm fund` for details
2025-08-23T14:41:39.4114226Z 
2025-08-23T14:41:39.4114650Z found 0 vulnerabilities
2025-08-23T14:41:39.4386632Z ##[group]Run npm install -D typescript
2025-08-23T14:41:39.4387026Z [36;1mnpm install -D typescript[0m
2025-08-23T14:41:39.4430807Z shell: /usr/bin/bash -e {0}
2025-08-23T14:41:39.4431039Z env:
2025-08-23T14:41:39.4431328Z   JAVA_HOME: /opt/hostedtoolcache/Java_Temurin-Hotspot_jdk/17.0.16-8/x64
2025-08-23T14:41:39.4431793Z   JAVA_HOME_17_X64: /opt/hostedtoolcache/Java_Temurin-Hotspot_jdk/17.0.16-8/x64
2025-08-23T14:41:39.4432132Z ##[endgroup]
2025-08-23T14:41:40.6875905Z 
2025-08-23T14:41:40.6876655Z up to date, audited 486 packages in 1s
2025-08-23T14:41:40.6877072Z 
2025-08-23T14:41:40.6877320Z 58 packages are looking for funding
2025-08-23T14:41:40.6877740Z   run `npm fund` for details
2025-08-23T14:41:40.6887546Z 
2025-08-23T14:41:40.6887711Z found 0 vulnerabilities
2025-08-23T14:41:40.7031801Z ##[group]Run npm run build
2025-08-23T14:41:40.7032065Z [36;1mnpm run build[0m
2025-08-23T14:41:40.7074699Z shell: /usr/bin/bash -e {0}
2025-08-23T14:41:40.7074930Z env:
2025-08-23T14:41:40.7075216Z   JAVA_HOME: /opt/hostedtoolcache/Java_Temurin-Hotspot_jdk/17.0.16-8/x64
2025-08-23T14:41:40.7075669Z   JAVA_HOME_17_X64: /opt/hostedtoolcache/Java_Temurin-Hotspot_jdk/17.0.16-8/x64
2025-08-23T14:41:40.7076003Z ##[endgroup]
2025-08-23T14:41:40.8173060Z 
2025-08-23T14:41:40.8173552Z > alxjackson-eventos@2.0.19 build
2025-08-23T14:41:40.8173992Z > vite build
2025-08-23T14:41:40.8174111Z 
2025-08-23T14:41:41.0137420Z [36mvite v7.1.3 [32mbuilding for production...[36m[39m
2025-08-23T14:41:41.2913814Z transforming...
2025-08-23T14:41:44.9667928Z [32m✓[39m 1832 modules transformed.
2025-08-23T14:41:45.2049168Z rendering chunks...
2025-08-23T14:41:45.3667051Z computing gzip size...
2025-08-23T14:41:45.3863177Z [2mdist/[22m[32mindex.html                      [39m[1m[2m  1.36 kB[22m[1m[22m[2m │ gzip:   0.62 kB[22m
2025-08-23T14:41:45.3864415Z [2mdist/[22m[2massets/[22m[32mhero-stage-BvexK0N7.jpg  [39m[1m[2m 99.78 kB[22m[1m[22m
2025-08-23T14:41:45.3865779Z [2mdist/[22m[2massets/[22m[35mindex-DrjGe-8k.css       [39m[1m[2m 99.06 kB[22m[1m[22m[2m │ gzip:  15.88 kB[22m
2025-08-23T14:41:45.3867361Z [2mdist/[22m[2massets/[22m[36mweb-B78bfD9k.js          [39m[1m[2m  0.90 kB[22m[1m[22m[2m │ gzip:   0.47 kB[22m
2025-08-23T14:41:45.3868765Z [2mdist/[22m[2massets/[22m[36mweb-DbmFKD4m.js          [39m[1m[2m  2.44 kB[22m[1m[22m[2m │ gzip:   1.09 kB[22m
2025-08-23T14:41:45.3870152Z [2mdist/[22m[2massets/[22m[36mindex-Di4SXYkV.js        [39m[1m[33m694.12 kB[39m[22m[2m │ gzip: 196.92 kB[22m
2025-08-23T14:41:45.3870968Z [33m
2025-08-23T14:41:45.3871559Z (!) Some chunks are larger than 500 kB after minification. Consider:
2025-08-23T14:41:45.3872305Z - Using dynamic import() to code-split the application
2025-08-23T14:41:45.3873617Z - Use build.rollupOptions.output.manualChunks to improve chunking: https://rollupjs.org/configuration-options/#output-manualchunks
2025-08-23T14:41:45.3875093Z - Adjust chunk size limit for this warning via build.chunkSizeWarningLimit.[39m
2025-08-23T14:41:45.3875809Z [32m✓ built in 4.35s[39m
2025-08-23T14:41:45.4418355Z ##[group]Run npx cap add android
2025-08-23T14:41:45.4418644Z [36;1mnpx cap add android[0m
2025-08-23T14:41:45.4457979Z shell: /usr/bin/bash -e {0}
2025-08-23T14:41:45.4458213Z env:
2025-08-23T14:41:45.4458496Z   JAVA_HOME: /opt/hostedtoolcache/Java_Temurin-Hotspot_jdk/17.0.16-8/x64
2025-08-23T14:41:45.4458965Z   JAVA_HOME_17_X64: /opt/hostedtoolcache/Java_Temurin-Hotspot_jdk/17.0.16-8/x64
2025-08-23T14:41:45.4459301Z ##[endgroup]
2025-08-23T14:41:46.2480323Z ✔ Adding native android project in android in 33.56ms
2025-08-23T14:41:46.2481043Z ✔ add in 34.30ms
2025-08-23T14:41:46.3595783Z ✔ Copying web assets from dist to android/app/src/main/assets/public in 59.34ms
2025-08-23T14:41:46.3602070Z ✔ Creating capacitor.config.json in android/app/src/main/assets in 475.11μs
2025-08-23T14:41:46.3732580Z ✔ copy android in 97.69ms
2025-08-23T14:41:46.4114279Z ✔ Updating Android plugins in 11.44ms
2025-08-23T14:41:46.4137471Z [info] Found 4 Capacitor plugins for android:
2025-08-23T14:41:46.4138498Z        @capacitor/camera@7.0.2
2025-08-23T14:41:46.4139020Z        @capacitor/device@7.0.2
2025-08-23T14:41:46.4139529Z        @capacitor/geolocation@7.1.5
2025-08-23T14:41:46.4140085Z        @capacitor/push-notifications@7.0.2
2025-08-23T14:41:46.4539668Z ✔ update android in 67.39ms
2025-08-23T14:41:46.4661045Z ✔ Syncing Gradle in 199.22μs
2025-08-23T14:41:46.4663319Z [success] android platform added!
2025-08-23T14:41:46.4663982Z Follow the Developer Workflow guide to get building:
2025-08-23T14:41:46.4664731Z https://capacitorjs.com/docs/basics/workflow
2025-08-23T14:41:46.4967497Z ##[group]Run npx cap sync android
2025-08-23T14:41:46.4967790Z [36;1mnpx cap sync android[0m
2025-08-23T14:41:46.5007253Z shell: /usr/bin/bash -e {0}
2025-08-23T14:41:46.5007485Z env:
2025-08-23T14:41:46.5007776Z   JAVA_HOME: /opt/hostedtoolcache/Java_Temurin-Hotspot_jdk/17.0.16-8/x64
2025-08-23T14:41:46.5008242Z   JAVA_HOME_17_X64: /opt/hostedtoolcache/Java_Temurin-Hotspot_jdk/17.0.16-8/x64
2025-08-23T14:41:46.5008589Z ##[endgroup]
2025-08-23T14:41:47.3121571Z ✔ Copying web assets from dist to android/app/src/main/assets/public in 75.60ms
2025-08-23T14:41:47.3134444Z ✔ Creating capacitor.config.json in android/app/src/main/assets in 1.02ms
2025-08-23T14:41:47.3264167Z ✔ copy android in 114.80ms
2025-08-23T14:41:47.3632152Z ✔ Updating Android plugins in 11.85ms
2025-08-23T14:41:47.3654542Z [info] Found 4 Capacitor plugins for android:
2025-08-23T14:41:47.3655105Z        @capacitor/camera@7.0.2
2025-08-23T14:41:47.3655573Z        @capacitor/device@7.0.2
2025-08-23T14:41:47.3656055Z        @capacitor/geolocation@7.1.5
2025-08-23T14:41:47.3656745Z        @capacitor/push-notifications@7.0.2
2025-08-23T14:41:47.4127683Z ✔ update android in 74.07ms
2025-08-23T14:41:47.4254740Z [info] Sync finished in 0.241s
2025-08-23T14:41:47.4572156Z ##[group]Run cd android
2025-08-23T14:41:47.4572406Z [36;1mcd android[0m
2025-08-23T14:41:47.4572603Z [36;1mchmod +x ./gradlew[0m
2025-08-23T14:41:47.4572827Z [36;1m./gradlew assembleRelease[0m
2025-08-23T14:41:47.4612541Z shell: /usr/bin/bash -e {0}
2025-08-23T14:41:47.4612773Z env:
2025-08-23T14:41:47.4613059Z   JAVA_HOME: /opt/hostedtoolcache/Java_Temurin-Hotspot_jdk/17.0.16-8/x64
2025-08-23T14:41:47.4613532Z   JAVA_HOME_17_X64: /opt/hostedtoolcache/Java_Temurin-Hotspot_jdk/17.0.16-8/x64
2025-08-23T14:41:47.4613898Z ##[endgroup]
2025-08-23T14:41:47.5491506Z Downloading https://services.gradle.org/distributions/gradle-8.11.1-all.zip
2025-08-23T14:41:49.4057675Z .....................10%......................20%......................30%......................40%......................50%......................60%......................70%......................80%......................90%......................100%
2025-08-23T14:41:52.7413223Z 
2025-08-23T14:41:52.7414273Z Welcome to Gradle 8.11.1!
2025-08-23T14:41:52.7415332Z 
2025-08-23T14:41:52.7415820Z Here are the highlights of this release:
2025-08-23T14:41:52.7417985Z  - Parallel load and store for Configuration Cache
2025-08-23T14:41:52.7423895Z  - Java compilation errors at the end of the build output
2025-08-23T14:41:52.7425203Z  - Consolidated report for warnings and deprecations
2025-08-23T14:41:52.7426061Z 
2025-08-23T14:41:52.7426877Z For more details see https://docs.gradle.org/8.11.1/release-notes.html
2025-08-23T14:41:52.7427340Z 
2025-08-23T14:41:52.8420203Z Starting a Gradle Daemon (subsequent builds will be faster)
2025-08-23T14:42:23.2408468Z 
2025-08-23T14:42:23.2469762Z > Configure project :app
2025-08-23T14:42:23.2471121Z WARNING: Using flatDir should be avoided because it doesn't support any meta-data formats.
2025-08-23T14:42:25.9406936Z 
2025-08-23T14:42:25.9407914Z > Configure project :capacitor-cordova-android-plugins
2025-08-23T14:42:25.9409021Z WARNING: Using flatDir should be avoided because it doesn't support any meta-data formats.
2025-08-23T14:42:46.7406501Z 
2025-08-23T14:42:46.7407083Z > Task :app:preBuild UP-TO-DATE
2025-08-23T14:42:46.8404645Z > Task :app:preReleaseBuild UP-TO-DATE
2025-08-23T14:42:46.8409933Z > Task :capacitor-android:preBuild UP-TO-DATE
2025-08-23T14:42:46.8410657Z > Task :capacitor-android:preReleaseBuild UP-TO-DATE
2025-08-23T14:42:46.8411314Z > Task :app:javaPreCompileRelease
2025-08-23T14:42:46.8411966Z > Task :capacitor-android:writeReleaseAarMetadata
2025-08-23T14:42:47.5405171Z > Task :capacitor-camera:preBuild UP-TO-DATE
2025-08-23T14:42:47.5408226Z > Task :capacitor-camera:preReleaseBuild UP-TO-DATE
2025-08-23T14:42:47.5409058Z > Task :capacitor-cordova-android-plugins:preBuild UP-TO-DATE
2025-08-23T14:42:47.5410035Z > Task :capacitor-cordova-android-plugins:preReleaseBuild UP-TO-DATE
2025-08-23T14:42:47.5410813Z > Task :capacitor-camera:writeReleaseAarMetadata
2025-08-23T14:42:47.5413082Z > Task :capacitor-cordova-android-plugins:writeReleaseAarMetadata
2025-08-23T14:42:47.5415183Z > Task :capacitor-device:preBuild UP-TO-DATE
2025-08-23T14:42:47.5417178Z > Task :capacitor-device:preReleaseBuild UP-TO-DATE
2025-08-23T14:42:47.5417853Z > Task :capacitor-geolocation:preBuild UP-TO-DATE
2025-08-23T14:42:47.5418569Z > Task :capacitor-geolocation:preReleaseBuild UP-TO-DATE
2025-08-23T14:42:47.5419285Z > Task :capacitor-device:writeReleaseAarMetadata
2025-08-23T14:42:47.5419950Z > Task :capacitor-push-notifications:preBuild UP-TO-DATE
2025-08-23T14:42:47.5420502Z > Task :capacitor-geolocation:writeReleaseAarMetadata
2025-08-23T14:42:47.5421110Z > Task :capacitor-push-notifications:preReleaseBuild UP-TO-DATE
2025-08-23T14:42:47.5421992Z > Task :capacitor-push-notifications:writeReleaseAarMetadata
2025-08-23T14:42:59.4406007Z > Task :app:generateReleaseResValues
2025-08-23T14:42:59.4423030Z > Task :app:checkReleaseAarMetadata
2025-08-23T14:42:59.4429219Z > Task :capacitor-android:generateReleaseResValues
2025-08-23T14:42:59.4430170Z > Task :capacitor-android:generateReleaseResources
2025-08-23T14:42:59.5436852Z > Task :capacitor-android:packageReleaseResources
2025-08-23T14:42:59.5438390Z > Task :capacitor-camera:generateReleaseResValues
2025-08-23T14:42:59.5439489Z > Task :capacitor-camera:generateReleaseResources
2025-08-23T14:42:59.5440470Z > Task :capacitor-camera:packageReleaseResources
2025-08-23T14:42:59.5448090Z > Task :capacitor-cordova-android-plugins:generateReleaseResValues
2025-08-23T14:42:59.5449268Z > Task :capacitor-cordova-android-plugins:generateReleaseResources
2025-08-23T14:42:59.6417859Z > Task :capacitor-cordova-android-plugins:packageReleaseResources
2025-08-23T14:42:59.6422076Z > Task :capacitor-device:generateReleaseResValues
2025-08-23T14:42:59.6423264Z > Task :capacitor-device:generateReleaseResources
2025-08-23T14:42:59.6424113Z > Task :capacitor-device:packageReleaseResources
2025-08-23T14:42:59.6424877Z > Task :capacitor-geolocation:generateReleaseResValues
2025-08-23T14:42:59.6425854Z > Task :capacitor-geolocation:generateReleaseResources
2025-08-23T14:42:59.6426956Z > Task :capacitor-geolocation:packageReleaseResources
2025-08-23T14:42:59.6450992Z > Task :capacitor-push-notifications:generateReleaseResValues
2025-08-23T14:42:59.6451897Z > Task :capacitor-push-notifications:generateReleaseResources
2025-08-23T14:42:59.6452835Z > Task :capacitor-push-notifications:packageReleaseResources
2025-08-23T14:42:59.7424509Z > Task :app:mapReleaseSourceSetPaths
2025-08-23T14:42:59.7428531Z > Task :app:generateReleaseResources
2025-08-23T14:43:01.7403658Z > Task :app:packageReleaseResources
2025-08-23T14:43:02.3405984Z > Task :app:createReleaseCompatibleScreenManifests
2025-08-23T14:43:02.3406835Z > Task :app:extractDeepLinksRelease
2025-08-23T14:43:02.3407803Z > Task :capacitor-android:extractDeepLinksRelease
2025-08-23T14:43:02.3408432Z > Task :capacitor-camera:extractDeepLinksRelease
2025-08-23T14:43:02.4405683Z > Task :app:parseReleaseLocalResources
2025-08-23T14:43:02.4406688Z > Task :capacitor-cordova-android-plugins:extractDeepLinksRelease
2025-08-23T14:43:02.5408079Z > Task :capacitor-cordova-android-plugins:processReleaseManifest
2025-08-23T14:43:02.5409406Z > Task :capacitor-camera:processReleaseManifest
2025-08-23T14:43:02.5410378Z > Task :capacitor-android:processReleaseManifest
2025-08-23T14:43:02.5411318Z > Task :capacitor-device:extractDeepLinksRelease
2025-08-23T14:43:02.5412022Z > Task :capacitor-device:processReleaseManifest
2025-08-23T14:43:02.5412725Z > Task :capacitor-geolocation:extractDeepLinksRelease
2025-08-23T14:43:02.5413438Z > Task :capacitor-geolocation:processReleaseManifest
2025-08-23T14:43:02.5414184Z > Task :capacitor-push-notifications:extractDeepLinksRelease
2025-08-23T14:43:02.5414984Z > Task :capacitor-push-notifications:processReleaseManifest
2025-08-23T14:43:02.5415768Z > Task :capacitor-android:compileReleaseLibraryResources
2025-08-23T14:43:02.6429966Z > Task :app:mergeReleaseResources
2025-08-23T14:43:02.8412009Z > Task :app:processReleaseMainManifest
2025-08-23T14:43:02.9408123Z > Task :app:processReleaseManifest
2025-08-23T14:43:02.9410300Z > Task :capacitor-camera:compileReleaseLibraryResources
2025-08-23T14:43:02.9412306Z > Task :capacitor-android:parseReleaseLocalResources
2025-08-23T14:43:02.9414809Z > Task :capacitor-camera:parseReleaseLocalResources
2025-08-23T14:43:02.9417122Z > Task :capacitor-cordova-android-plugins:compileReleaseLibraryResources
2025-08-23T14:43:03.0415369Z > Task :app:processReleaseManifestForPackage
2025-08-23T14:43:03.0453262Z > Task :capacitor-cordova-android-plugins:parseReleaseLocalResources
2025-08-23T14:43:03.0468700Z > Task :capacitor-device:compileReleaseLibraryResources
2025-08-23T14:43:03.0469706Z > Task :capacitor-camera:generateReleaseRFile
2025-08-23T14:43:03.0484940Z > Task :capacitor-android:generateReleaseRFile
2025-08-23T14:43:03.0485977Z > Task :capacitor-geolocation:compileReleaseLibraryResources
2025-08-23T14:43:03.0487042Z > Task :capacitor-device:parseReleaseLocalResources
2025-08-23T14:43:03.0487786Z > Task :capacitor-cordova-android-plugins:generateReleaseRFile
2025-08-23T14:43:03.0488890Z > Task :capacitor-geolocation:parseReleaseLocalResources
2025-08-23T14:43:03.1429068Z > Task :capacitor-push-notifications:compileReleaseLibraryResources
2025-08-23T14:43:03.1432254Z > Task :capacitor-geolocation:generateReleaseRFile
2025-08-23T14:43:03.1434653Z > Task :capacitor-device:generateReleaseRFile
2025-08-23T14:43:03.1437520Z > Task :capacitor-android:javaPreCompileRelease
2025-08-23T14:43:03.1439828Z > Task :capacitor-camera:javaPreCompileRelease
2025-08-23T14:43:03.1442765Z > Task :capacitor-cordova-android-plugins:javaPreCompileRelease
2025-08-23T14:43:03.1447519Z > Task :capacitor-push-notifications:parseReleaseLocalResources
2025-08-23T14:43:07.5406859Z > Task :capacitor-android:compileReleaseJavaWithJavac FAILED
2025-08-23T14:43:07.5407535Z 
2025-08-23T14:43:07.5409094Z [Incubating] Problems report is available at: file:///home/runner/work/alxjackon-eventos/alxjackon-eventos/android/build/reports/problems/problems-report.html
2025-08-23T14:43:07.5411418Z FAILURE: Build failed with an exception.
2025-08-23T14:43:07.5411763Z 
2025-08-23T14:43:07.5411940Z * What went wrong:
2025-08-23T14:43:07.5412666Z Execution failed for task ':capacitor-android:compileReleaseJavaWithJavac'.
2025-08-23T14:43:07.5413456Z > error: invalid source release: 21
2025-08-23T14:43:07.5413755Z 
2025-08-23T14:43:07.5413883Z * Try:
2025-08-23T14:43:07.5414377Z > Run with --stacktrace option to get the stack trace.
2025-08-23T14:43:07.5415339Z > Run with --info or --debug option to get more log output.
2025-08-23T14:43:07.5416045Z > Run with --scan to get full insights.
2025-08-23T14:43:07.5416964Z > Get more help at https://help.gradle.org.
2025-08-23T14:43:07.5417455Z 
2025-08-23T14:43:07.5457396Z BUILD FAILED in 1m 20s
2025-08-23T14:43:07.5457866Z 70 actionable tasks: 70 executed
2025-08-23T14:43:07.9595392Z ##[error]Process completed with exit code 1.
2025-08-23T14:43:07.9686902Z Post job cleanup.
2025-08-23T14:43:08.1416028Z Post job cleanup.
2025-08-23T14:43:08.2348623Z [command]/usr/bin/git version
2025-08-23T14:43:08.2384827Z git version 2.51.0
2025-08-23T14:43:08.2434666Z Temporarily overriding HOME='/home/runner/work/_temp/51803608-f2c2-43d8-84e8-7e812093fc40' before making global git config changes
2025-08-23T14:43:08.2436030Z Adding repository directory to the temporary git global config as a safe directory
2025-08-23T14:43:08.2442338Z [command]/usr/bin/git config --global --add safe.directory /home/runner/work/alxjackon-eventos/alxjackon-eventos
2025-08-23T14:43:08.2487115Z [command]/usr/bin/git config --local --name-only --get-regexp core\.sshCommand
2025-08-23T14:43:08.2520325Z [command]/usr/bin/git submodule foreach --recursive sh -c "git config --local --name-only --get-regexp 'core\.sshCommand' && git config --local --unset-all 'core.sshCommand' || :"
2025-08-23T14:43:08.2746512Z [command]/usr/bin/git config --local --name-only --get-regexp http\.https\:\/\/github\.com\/\.extraheader
2025-08-23T14:43:08.2767905Z http.https://github.com/.extraheader
2025-08-23T14:43:08.2782174Z [command]/usr/bin/git config --local --unset-all http.https://github.com/.extraheader
2025-08-23T14:43:08.2818071Z [command]/usr/bin/git submodule foreach --recursive sh -c "git config --local --name-only --get-regexp 'http\.https\:\/\/github\.com\/\.extraheader' && git config --local --unset-all 'http.https://github.com/.extraheader' || :"
2025-08-23T14:43:08.3144965Z Cleaning up orphan processes
2025-08-23T14:43:08.3410536Z Terminate orphan process: pid (2452) (java)
